Component: ARM Compiler 5.05 update 1 (build 106) Tool: armlink [4d0efa]

==============================================================================

Section Cross References

    main.o(i.main) refers to delay.o(i.delay_init) for delay_init
    main.o(i.main) refers to led.o(i.LED_Init) for LED_Init
    main.o(i.main) refers to misc.o(i.NVIC_PriorityGroupConfig) for NVIC_PriorityGroupConfig
    main.o(i.main) refers to usart.o(i.uart_init) for uart_init
    main.o(i.main) refers to dma.o(i.DMA_USART1_Init) for DMA_USART1_Init
    main.o(i.main) refers to dma.o(i.DMA_USART1_NVIC_config) for DMA_USART1_NVIC_config
    main.o(i.main) refers to motor.o(i.MOTOR_PWM_Init) for MOTOR_PWM_Init
    main.o(i.main) refers to motor.o(i.Motor_Init) for Motor_Init
    main.o(i.main) refers to mpu6050.o(i.MPU_Init) for MPU_Init
    main.o(i.main) refers to delay.o(i.delay_ms) for delay_ms
    main.o(i.main) refers to inv_mpu.o(i.mpu_dmp_init) for mpu_dmp_init
    main.o(i.main) refers to encoder.o(i.PID_Init) for PID_Init
    main.o(i.main) refers to encoder.o(i.Encoder_Init_TIM2) for Encoder_Init_TIM2
    main.o(i.main) refers to encoder.o(i.Encoder_Init_TIM4) for Encoder_Init_TIM4
    main.o(i.main) refers to timer.o(i.TIM1_Int_Init) for TIM1_Int_Init
    main.o(i.main) refers to inv_mpu.o(i.mpu_dmp_get_data) for mpu_dmp_get_data
    main.o(i.main) refers to dma.o(.bss) for USART1RXBuff
    main.o(i.main) refers to encoder.o(.data) for sPID_Left
    main.o(i.main) refers to encoder.o(.data) for sPID_Right
    main.o(i.main) refers to dma.o(.data) for RESUALT_FLAG
    main.o(i.main) refers to dma.o(.data) for yaw
    main.o(i.main) refers to dma.o(.data) for roll
    main.o(i.main) refers to dma.o(.data) for pitch
    system_stm32f10x.o(i.SetSysClock) refers to system_stm32f10x.o(i.SetSysClockTo72) for SetSysClockTo72
    system_stm32f10x.o(i.SystemCoreClockUpdate) refers to system_stm32f10x.o(.data) for .data
    system_stm32f10x.o(i.SystemInit) refers to system_stm32f10x.o(i.SetSysClock) for SetSysClock
    delay.o(i.delay_init) refers to misc.o(i.SysTick_CLKSourceConfig) for SysTick_CLKSourceConfig
    delay.o(i.delay_init) refers to system_stm32f10x.o(.data) for SystemCoreClock
    delay.o(i.delay_init) refers to delay.o(.data) for .data
    delay.o(i.delay_ms) refers to delay.o(.data) for .data
    delay.o(i.delay_us) refers to delay.o(.data) for .data
    usart.o(i.USART1_IRQHandler) refers (Special) to use_no_semi_2.o(.text) for __use_no_semihosting
    usart.o(i.USART1_IRQHandler) refers to stm32f10x_usart.o(i.USART_GetITStatus) for USART_GetITStatus
    usart.o(i.USART1_IRQHandler) refers to stm32f10x_usart.o(i.USART_ReceiveData) for USART_ReceiveData
    usart.o(i.USART1_IRQHandler) refers to stm32f10x_usart.o(i.USART_DMACmd) for USART_DMACmd
    usart.o(i.USART1_IRQHandler) refers to stm32f10x_usart.o(i.USART_ITConfig) for USART_ITConfig
    usart.o(i._sys_exit) refers (Special) to use_no_semi_2.o(.text) for __use_no_semihosting
    usart.o(i.fputc) refers (Special) to use_no_semi_2.o(.text) for __use_no_semihosting
    usart.o(i.uart_init) refers (Special) to use_no_semi_2.o(.text) for __use_no_semihosting
    usart.o(i.uart_init) refers to stm32f10x_rcc.o(i.RCC_APB2PeriphClockCmd) for RCC_APB2PeriphClockCmd
    usart.o(i.uart_init) refers to stm32f10x_gpio.o(i.GPIO_Init) for GPIO_Init
    usart.o(i.uart_init) refers to misc.o(i.NVIC_Init) for NVIC_Init
    usart.o(i.uart_init) refers to stm32f10x_usart.o(i.USART_Init) for USART_Init
    usart.o(i.uart_init) refers to stm32f10x_usart.o(i.USART_ITConfig) for USART_ITConfig
    usart.o(i.uart_init) refers to stm32f10x_usart.o(i.USART_DMACmd) for USART_DMACmd
    usart.o(i.uart_init) refers to stm32f10x_usart.o(i.USART_Cmd) for USART_Cmd
    usart.o(.bss) refers (Special) to use_no_semi_2.o(.text) for __use_no_semihosting
    usart.o(.data) refers (Special) to use_no_semi_2.o(.text) for __use_no_semihosting
    usart.o(.data) refers (Special) to use_no_semi_2.o(.text) for __use_no_semihosting
    startup_stm32f10x_hd.o(STACK) refers (Special) to heapauxi.o(.text) for __use_two_region_memory
    startup_stm32f10x_hd.o(HEAP) refers (Special) to heapauxi.o(.text) for __use_two_region_memory
    startup_stm32f10x_hd.o(RESET) refers (Special) to heapauxi.o(.text) for __use_two_region_memory
    startup_stm32f10x_hd.o(RESET) refers to startup_stm32f10x_hd.o(STACK) for __initial_sp
    startup_stm32f10x_hd.o(RESET) refers to startup_stm32f10x_hd.o(.text) for Reset_Handler
    startup_stm32f10x_hd.o(RESET) refers to stm32f10x_it.o(i.NMI_Handler) for NMI_Handler
    startup_stm32f10x_hd.o(RESET) refers to stm32f10x_it.o(i.HardFault_Handler) for HardFault_Handler
    startup_stm32f10x_hd.o(RESET) refers to stm32f10x_it.o(i.MemManage_Handler) for MemManage_Handler
    startup_stm32f10x_hd.o(RESET) refers to stm32f10x_it.o(i.BusFault_Handler) for BusFault_Handler
    startup_stm32f10x_hd.o(RESET) refers to stm32f10x_it.o(i.UsageFault_Handler) for UsageFault_Handler
[...]
    .constdata                               0x08006c66   Section       12  inv_mpu.o(.constdata)
    .constdata                               0x08006c74   Section       40  inv_mpu.o(.constdata)
    .constdata                               0x08006c9c   Section     3062  inv_mpu_dmp_motion_driver.o(.constdata)
    dmp_memory                               0x08006c9c   Data        3062  inv_mpu_dmp_motion_driver.o(.constdata)
    .constdata                               0x08007892   Section       17  __printf_flags_wp.o(.constdata)
    maptable                                 0x08007892   Data          17  __printf_flags_wp.o(.constdata)
    .constdata                               0x080078a8   Section       80  asin.o(.constdata)
    pS                                       0x080078a8   Data          48  asin.o(.constdata)
    qS                                       0x080078d8   Data          32  asin.o(.constdata)
    .constdata                               0x080078f8   Section      152  atan.o(.constdata)
    atanhi                                   0x080078f8   Data          32  atan.o(.constdata)
    atanlo                                   0x08007918   Data          32  atan.o(.constdata)
    aTodd                                    0x08007938   Data          40  atan.o(.constdata)
    aTeven                                   0x08007960   Data          48  atan.o(.constdata)
    .constdata                               0x08007990   Section       48  cos_i.o(.constdata)
    C                                        0x08007990   Data          48  cos_i.o(.constdata)
    .constdata                               0x080079c0   Section        8  qnan.o(.constdata)
    .constdata                               0x080079c8   Section      200  rred.o(.constdata)
    pio2s                                    0x080079c8   Data          48  rred.o(.constdata)
    twooverpi                                0x080079f8   Data         152  rred.o(.constdata)
    .constdata                               0x08007a90   Section       40  sin_i.o(.constdata)
    S                                        0x08007a90   Data          40  sin_i.o(.constdata)
    .conststring                             0x08007ab8   Section       77  inv_mpu.o(.conststring)
    .data                                    0x20000000   Section       20  system_stm32f10x.o(.data)
    .data                                    0x20000014   Section        4  delay.o(.data)
    fac_us                                   0x20000014   Data           1  delay.o(.data)
    fac_ms                                   0x20000016   Data           2  delay.o(.data)
    .data                                    0x20000018   Section        4  usart.o(.data)
    .data                                    0x2000001c   Section       20  stm32f10x_rcc.o(.data)
    ADCPrescTable                            0x2000001c   Data           4  stm32f10x_rcc.o(.data)
    APBAHBPrescTable                         0x20000020   Data          16  stm32f10x_rcc.o(.data)
    .data                                    0x20000030   Section       24  dma.o(.data)
    .data                                    0x20000048   Section        2  dma.o(.data)
    .data                                    0x2000004a   Section        2  dma.o(.data)
    .data                                    0x2000004c   Section        4  dma.o(.data)
    .data                                    0x20000050   Section        4  dma.o(.data)
    .data                                    0x20000054   Section        4  encoder.o(.data)
    .data                                    0x20000058   Section        4  encoder.o(.data)
    .data                                    0x2000005c   Section        4  encoder.o(.data)
    .data                                    0x20000060   Section        4  encoder.o(.data)
    .data                                    0x20000064   Section        4  encoder.o(.data)
    .data                                    0x20000068   Section        4  encoder.o(.data)
    .data                                    0x2000006c   Section       53  inv_mpu.o(.data)
    st                                       0x2000006c   Data          44  inv_mpu.o(.data)
    gyro_orientation                         0x20000098   Data           9  inv_mpu.o(.data)
    .bss                                     0x200000a4   Section      160  dma.o(.bss)
    .bss                                     0x20000144   Section       40  encoder.o(.bss)
    .bss                                     0x2000016c   Section       40  encoder.o(.bss)
    .bss                                     0x20000194   Section       16  inv_mpu_dmp_motion_driver.o(.bss)
    dmp                                      0x20000194   Data          16  inv_mpu_dmp_motion_driver.o(.bss)
    .bss                                     0x200001a4   Section       96  libspace.o(.bss)
    HEAP                                     0x20000208   Section      512  startup_stm32f10x_hd.o(HEAP)
    Heap_Mem                                 0x20000208   Data         512  startup_stm32f10x_hd.o(HEAP)
    STACK                                    0x20000408   Section     1024  startup_stm32f10x_hd.o(STACK)
    Stack_Mem                                0x20000408   Data        1024  startup_stm32f10x_hd.o(STACK)
    __initial_sp                             0x20000808   Data           0  startup_stm32f10x_hd.o(STACK)

    Global Symbols

    Symbol Name                              Value     Ov Type        Size  Object(Section)

    BuildAttributes$$THM_ISAv4$P$D$K$B$S$PE$A:L22UL41UL21$X:L11$S22US41US21$IEEE1$IW$USESV6$~STKCKD$USESV7$~SHL$OTIME$ROPI$IEEEX$EBA8$UX$STANDARDLIB$REQ8$PRES8$EABIv2 0x00000000   Number         0  anon$$obj.o ABSOLUTE
    __ARM_use_no_argv                        0x00000000   Number         0  main.o ABSOLUTE
    _printf_flags                            0x00000000   Number         0  printf_stubs.o ABSOLUTE
    _printf_return_value                     0x00000000   Number         0  printf_stubs.o ABSOLUTE
    _printf_sizespec                         0x00000000   Number         0  printf_stubs.o ABSOLUTE
    _printf_widthprec                        0x00000000   Number         0  printf_stubs.o ABSOLUTE
    __ARM_exceptions_init                     - Undefined Weak Reference
    __alloca_initialize                       - Undefined Weak Reference
    __arm_preinit_                            - Undefined Weak Reference
    __cpp_initialize__aeabi_                  - Undefined Weak Reference
    __cxa_finalize                            - Undefined Weak Reference
    __rt_locale                               - Undefined Weak Reference
    __sigvec_lookup                           - Undefined Weak Reference
    _atexit_init                              - Undefined Weak Reference
    _call_atexit_fns                          - Undefined Weak Reference
    _clock_init                               - Undefined Weak Reference
    _fp_trap_init                             - Undefined Weak Reference
    _fp_trap_shutdown                         - Undefined Weak Reference
    _get_lc_collate                           - Undefined Weak Reference
    _get_lc_ctype                             - Undefined Weak Reference
    _get_lc_monetary                          - Undefined Weak Reference
    _get_lc_numeric                           - Undefined Weak Reference
    _get_lc_time                              - Undefined Weak Reference
    _getenv_init                              - Undefined Weak Reference
    _handle_redirection                       - Undefined Weak Reference
    _init_alloc                               - Undefined Weak Reference
    _init_user_alloc                          - Undefined Weak Reference
    _initio                                   - Undefined Weak Reference
    _mutex_acquire                            - Undefined Weak Reference
    _mutex_release                            - Undefined Weak Reference
    _printf_truncate_signed                   - Undefined Weak Reference
    _printf_truncate_unsigned                 - Undefined Weak Reference
    _rand_init                                - Undefined Weak Reference
    _signal_finish                            - Undefined Weak Reference
    _signal_init                              - Undefined Weak Reference
    _terminate_alloc                          - Undefined Weak Reference
    _terminate_user_alloc                     - Undefined Weak Reference
    _terminateio                              - Undefined Weak Reference
    __Vectors_Size                           0x00000130   Number         0  startup_stm32f10x_hd.o ABSOLUTE
    __Vectors                                0x08000000   Data           4  startup_stm32f10x_hd.o(RESET)
    __Vectors_End                            0x08000130   Data           0  startup_stm32f10x_hd.o(RESET)
    __main                                   0x08000131   Thumb Code     8  __main.o(!!!main)
    __scatterload                            0x08000139   Thumb Code     0  __scatter.o(!!!scatter)
    __scatterload_rt2                        0x08000139   Thumb Code    44  __scatter.o(!!!scatter)
    __scatterload_rt2_thumb_only             0x08000139   Thumb Code     0  __scatter.o(!!!scatter)
    __scatterload_null                       0x08000147   Thumb Code     0  __scatter.o(!!!scatter)
    __scatterload_copy                       0x0800016d   Thumb Code    26  __scatter_copy.o(!!handler_copy)
    __scatterload_zeroinit                   0x08000189   Thumb Code    28  __scatter_zi.o(!!handler_zi)
    _printf_d                                0x080001a5   Thumb Code     0  _printf_d.o(.ARM.Collect$$_printf_percent$$00000009)
    _printf_percent                          0x080001a5   Thumb Code     0  _printf_percent.o(.ARM.Collect$$_printf_percent$$00000000)
    _printf_percent_end                      0x080001ab   Thumb Code     0  _printf_percent_end.o(.ARM.Collect$$_printf_percent$$00000017)
    __rt_lib_init                            0x080001af   Thumb Code     0  libinit.o(.ARM.Collect$$libinit$$00000000)
    __rt_lib_init_alloca_1                   0x080001b1   Thumb Code     0  libinit2.o(.ARM.Collect$$libinit$$0000002E)
    __rt_lib_init_argv_1                     0x080001b1   Thumb Code     0  libinit2.o(.ARM.Collect$$libinit$$0000002C)
    __rt_lib_init_atexit_1                   0x080001b1   Thumb Code     0  libinit2.o(.ARM.Collect$$libinit$$0000001B)
    __rt_lib_init_clock_1                    0x080001b1   Thumb Code     0  libinit2.o(.ARM.Collect$$libinit$$00000021)
    __rt_lib_init_cpp_1                      0x080001b1   Thumb Code     0  libinit2.o(.ARM.Collect$$libinit$$00000032)
    __rt_lib_init_exceptions_1               0x080001b1   Thumb Code     0  libinit2.o(.ARM.Collect$$libinit$$00000030)
    __rt_lib_init_fp_1                       0x080001b1   Thumb Code     0  libinit2.o(.ARM.Collect$$libinit$$00000002)
    __rt_lib_init_fp_trap_1                  0x080001b1   Thumb Code     0  libinit2.o(.ARM.Collect$$libinit$$0000001F)
    __rt_lib_init_getenv_1                   0x080001b1   Thumb Code     0  libinit2.o(.ARM.Collect$$libinit$$00000023)
    __rt_lib_init_heap_1                     0x080001b1   Thumb Code     0  libinit2.o(.ARM.Collect$$libinit$$0000000A)
    __rt_lib_init_lc_collate_1               0x080001b1   Thumb Code     0  libinit2.o(.ARM.Collect$$libinit$$00000011)
    __rt_lib_init_lc_ctype_1                 0x080001b1   Thumb Code     0  libinit2.o(.ARM.Collect$$libinit$$00000013)
    __rt_lib_init_lc_monetary_1              0x080001b1   Thumb Code     0  libinit2.o(.ARM.Collect$$libinit$$00000015)
    __rt_lib_init_lc_numeric_1               0x080001b1   Thumb Code     0  libinit2.o(.ARM.Collect$$libinit$$00000017)
    __rt_lib_init_lc_time_1                  0x080001b1   Thumb Code     0  libinit2.o(.ARM.Collect$$libinit$$00000019)
    __rt_lib_init_preinit_1                  0x080001b1   Thumb Code     0  libinit2.o(.ARM.Collect$$libinit$$00000004)
    __rt_lib_init_rand_1                     0x080001b1   Thumb Code     0  libinit2.o(.ARM.Collect$$libinit$$0000000E)
    __rt_lib_init_return                     0x080001b1   Thumb Code     0  libinit2.o(.ARM.Collect$$libinit$$00000033)
    __rt_lib_init_signal_1                   0x080001b1   Thumb Code     0  libinit2.o(.ARM.Collect$$libinit$$0000001D)
    __rt_lib_init_stdio_1                    0x080001b1   Thumb Code     0  libinit2.o(.ARM.Collect$$libinit$$00000025)
    __rt_lib_init_user_alloc_1               0x080001b1   Thumb Code     0  libinit2.o(.ARM.Collect$$libinit$$0000000C)
    __rt_lib_shutdown                        0x080001b3   Thumb Code     0  libshutdown.o(.ARM.Collect$$libshutdown$$00000000)
    __rt_lib_shutdown_fp_trap_1              0x080001b5   Thumb Code     0  libshutdown2.o(.ARM.Collect$$libshutdown$$00000006)
    __rt_lib_shutdown_heap_1                 0x080001b5   Thumb Code     0  libshutdown2.o(.ARM.Collect$$libshutdown$$0000000E)
    __rt_lib_shutdown_return                 0x080001b5   Thumb Code     0  libshutdown2.o(.ARM.Collect$$libshutdown$$0000000F)
    __rt_lib_shutdown_signal_1               0x080001b5   Thumb Code     0  libshutdown2.o(.ARM.Collect$$libshutdown$$00000009)
    __rt_lib_shutdown_stdio_1                0x080001b5   Thumb Code     0  libshutdown2.o(.ARM.Collect$$libshutdown$$00000003)
    __rt_lib_shutdown_user_alloc_1           0x080001b5   Thumb Code     0  libshutdown2.o(.ARM.Collect$$libshutdown$$0000000B)
    __rt_entry                               0x080001b7   Thumb Code     0  __rtentry.o(.ARM.Collect$$rtentry$$00000000)
    __rt_entry_presh_1                       0x080001b7   Thumb Code     0  __rtentry2.o(.ARM.Collect$$rtentry$$00000002)
    __rt_entry_sh                            0x080001b7   Thumb Code     0  __rtentry4.o(.ARM.Collect$$rtentry$$00000004)
    __rt_entry_li                            0x080001bd   Thumb Code     0  __rtentry2.o(.ARM.Collect$$rtentry$$0000000A)
    __rt_entry_postsh_1                      0x080001bd   Thumb Code     0  __rtentry2.o(.ARM.Collect$$rtentry$$00000009)
    __rt_entry_main                          0x080001c1   Thumb Code     0  __rtentry2.o(.ARM.Collect$$rtentry$$0000000D)
    __rt_entry_postli_1                      0x080001c1   Thumb Code     0  __rtentry2.o(.ARM.Collect$$rtentry$$0000000C)
    __rt_exit                                0x080001c9   Thumb Code     0  rtexit.o(.ARM.Collect$$rtexit$$00000000)
    __rt_exit_ls                             0x080001cb   Thumb Code     0  rtexit2.o(.ARM.Collect$$rtexit$$00000003)
    __rt_exit_prels_1                        0x080001cb   Thumb Code     0  rtexit2.o(.ARM.Collect$$rtexit$$00000002)
    __rt_exit_exit                           0x080001cf   Thumb Code     0  rtexit2.o(.ARM.Collect$$rtexit$$00000004)
    Reset_Handler                            0x080001d5   Thumb Code     8  startup_stm32f10x_hd.o(.text)
    ADC1_2_IRQHandler                        0x080001ef   Thumb Code     0  startup_stm32f10x_hd.o(.text)
    ADC3_IRQHandler                          0x080001ef   Thumb Code     0  startup_stm32f10x_hd.o(.text)
    CAN1_RX1_IRQHandler                      0x080001ef   Thumb Code     0  startup_stm32f10x_hd.o(.text)
    CAN1_SCE_IRQHandler                      0x080001ef   Thumb Code     0  startup_stm32f10x_hd.o(.text)
    DMA1_Channel1_IRQHandler                 0x080001ef   Thumb Code     0  startup_stm32f10x_hd.o(.text)
    DMA1_Channel2_IRQHandler                 0x080001ef   Thumb Code     0  startup_stm32f10x_hd.o(.text)
    DMA1_Channel3_IRQHandler                 0x080001ef   Thumb Code     0  startup_stm32f10x_hd.o(.text)
    DMA1_Channel6_IRQHandler                 0x080001ef   Thumb Code     0  startup_stm32f10x_hd.o(.text)
    DMA1_Channel7_IRQHandler                 0x080001ef   Thumb Code     0  startup_stm32f10x_hd.o(.text)
    DMA2_Channel1_IRQHandler                 0x080001ef   Thumb Code     0  startup_stm32f10x_hd.o(.text)
    DMA2_Channel2_IRQHandler                 0x080001ef   Thumb Code     0  startup_stm32f10x_hd.o(.text)
    DMA2_Channel3_IRQHandler                 0x080001ef   Thumb Code     0  startup_stm32f10x_hd.o(.text)
    DMA2_Channel4_5_IRQHandler               0x080001ef   Thumb Code     0  startup_stm32f10x_hd.o(.text)
    EXTI0_IRQHandler                         0x080001ef   Thumb Code     0  startup_stm32f10x_hd.o(.text)
    EXTI15_10_IRQHandler                     0x080001ef   Thumb Code     0  startup_stm32f10x_hd.o(.text)
    EXTI1_IRQHandler                         0x080001ef   Thumb Code     0  startup_stm32f10x_hd.o(.text)
    EXTI2_IRQHandler                         0x080001ef   Thumb Code     0  startup_stm32f10x_hd.o(.text)
    EXTI3_IRQHandler                         0x080001ef   Thumb Code     0  startup_stm32f10x_hd.o(.text)
    EXTI4_IRQHandler                         0x080001ef   Thumb Code     0  startup_stm32f10x_hd.o(.text)
    EXTI9_5_IRQHandler                       0x080001ef   Thumb Code     0  startup_stm32f10x_hd.o(.text)
    FLASH_IRQHandler                         0x080001ef   Thumb Code     0  startup_stm32f10x_hd.o(.text)
    FSMC_IRQHandler                          0x080001ef   Thumb Code     0  startup_stm32f10x_hd.o(.text)
    I2C1_ER_IRQHandler                       0x080001ef   Thumb Code     0  startup_stm32f10x_hd.o(.text)
    I2C1_EV_IRQHandler                       0x080001ef   Thumb Code     0  startup_stm32f10x_hd.o(.text)
    I2C2_ER_IRQHandler                       0x080001ef   Thumb Code     0  startup_stm32f10x_hd.o(.text)
    I2C2_EV_IRQHandler                       0x080001ef   Thumb Code     0  startup_stm32f10x_hd.o(.text)
    PVD_IRQHandler                           0x080001ef   Thumb Code     0  startup_stm32f10x_hd.o(.text)
    RCC_IRQHandler                           0x080001ef   Thumb Code     0  startup_stm32f10x_hd.o(.text)
    RTCAlarm_IRQHandler                      0x080001ef   Thumb Code     0  startup_stm32f10x_hd.o(.text)
    RTC_IRQHandler                           0x080001ef   Thumb Code     0  startup_stm32f10x_hd.o(.text)
    SDIO_IRQHandler                          0x080001ef   Thumb Code     0  startup_stm32f10x_hd.o(.text)
    SPI1_IRQHandler                          0x080001ef   Thumb Code     0  startup_stm32f10x_hd.o(.text)
    SPI2_IRQHandler                          0x080001ef   Thumb Code     0  startup_stm32f10x_hd.o(.text)
    SPI3_IRQHandler                          0x080001ef   Thumb Code     0  startup_stm32f10x_hd.o(.text)
    TAMPER_IRQHandler                        0x080001ef   Thumb Code     0  startup_stm32f10x_hd.o(.text)
    TIM1_BRK_IRQHandler                      0x080001ef   Thumb Code     0  startup_stm32f10x_hd.o(.text)
    TIM1_CC_IRQHandler                       0x080001ef   Thumb Code     0  startup_stm32f10x_hd.o(.text)
    TIM1_TRG_COM_IRQHandler                  0x080001ef   Thumb Code     0  startup_stm32f10x_hd.o(.text)
    TIM3_IRQHandler                          0x080001ef   Thumb Code     0  startup_stm32f10x_hd.o(.text)
    TIM5_IRQHandler                          0x080001ef   Thumb Code     0  startup_stm32f10x_hd.o(.text)
    TIM6_IRQHandler                          0x080001ef   Thumb Code     0  startup_stm32f10x_hd.o(.text)
    TIM7_IRQHandler                          0x080001ef   Thumb Code     0  startup_stm32f10x_hd.o(.text)
    TIM8_BRK_IRQHandler                      0x080001ef   Thumb Code     0  startup_stm32f10x_hd.o(.text)
    TIM8_CC_IRQHandler                       0x080001ef   Thumb Code     0  startup_stm32f10x_hd.o(.text)
    TIM8_TRG_COM_IRQHandler                  0x080001ef   Thumb Code     0  startup_stm32f10x_hd.o(.text)
    TIM8_UP_IRQHandler                       0x080001ef   Thumb Code     0  startup_stm32f10x_hd.o(.text)
    UART4_IRQHandler                         0x080001ef   Thumb Code     0  startup_stm32f10x_hd.o(.text)
    UART5_IRQHandler                         0x080001ef   Thumb Code     0  startup_stm32f10x_hd.o(.text)
    USART2_IRQHandler                        0x080001ef   Thumb Code     0  startup_stm32f10x_hd.o(.text)
    USART3_IRQHandler                        0x080001ef   Thumb Code     0  startup_stm32f10x_hd.o(.text)
    USBWakeUp_IRQHandler                     0x080001ef   Thumb Code     0  startup_stm32f10x_hd.o(.text)
    USB_HP_CAN1_TX_IRQHandler                0x080001ef   Thumb Code     0  startup_stm32f10x_hd.o(.text)
    USB_LP_CAN1_RX0_IRQHandler               0x080001ef   Thumb Code     0  startup_stm32f10x_hd.o(.text)
    WWDG_IRQHandler                          0x080001ef   Thumb Code     0  startup_stm32f10x_hd.o(.text)
    __user_initial_stackheap                 0x080001f1   Thumb Code     0  startup_stm32f10x_hd.o(.text)
    __use_no_semihosting                     0x08000215   Thumb Code     2  use_no_semi_2.o(.text)
    __aeabi_ldivmod                          0x08000217   Thumb Code     0  llsdiv.o(.text)
    _ll_sdiv                                 0x08000217   Thumb Code    72  llsdiv.o(.text)
    __2printf                                0x08000261   Thumb Code    20  noretval__2printf.o(.text)
    _printf_int_dec                          0x08000279   Thumb Code   104  _printf_dec.o(.text)
    __printf                                 0x080002f1   Thumb Code   308  __printf_flags_wp.o(.text)
    memcmp                                   0x08000429   Thumb Code    88  memcmp.o(.text)
    __aeabi_memset                           0x08000481   Thumb Code    16  aeabi_memset.o(.text)
    __aeabi_memclr4                          0x08000491   Thumb Code     0  rt_memclr_w.o(.text)
    __aeabi_memclr8                          0x08000491   Thumb Code     0  rt_memclr_w.o(.text)
    __rt_memclr_w                            0x08000491   Thumb Code    78  rt_memclr_w.o(.text)
    _memset_w                                0x08000495   Thumb Code     0  rt_memclr_w.o(.text)
    __use_two_region_memory                  0x080004df   Thumb Code     2  heapauxi.o(.text)
    __rt_heap_escrow$2region                 0x080004e1   Thumb Code     2  heapauxi.o(.text)
    __rt_heap_expand$2region                 0x080004e3   Thumb Code     2  heapauxi.o(.text)
    __I$use$semihosting                      0x080004e5   Thumb Code     0  use_no_semi.o(.text)
    __use_no_semihosting_swi                 0x080004e5   Thumb Code     2  use_no_semi.o(.text)
    __aeabi_uldivmod                         0x080004e7   Thumb Code     0  lludivv7m.o(.text)
    _ll_udiv                                 0x080004e7   Thumb Code   238  lludivv7m.o(.text)
    __read_errno                             0x080005d5   Thumb Code    10  _rserrno.o(.text)
    __set_errno                              0x080005df   Thumb Code    12  _rserrno.o(.text)
    _printf_int_common                       0x080005eb   Thumb Code   178  _printf_intcommon.o(.text)
    _printf_char_file                        0x0800069d   Thumb Code    32  _printf_char_file.o(.text)
    __aeabi_memclr                           0x080006c1   Thumb Code     0  rt_memclr.o(.text)
    __rt_memclr                              0x080006c1   Thumb Code    68  rt_memclr.o(.text)
    _memset                                  0x080006c5   Thumb Code     0  rt_memclr.o(.text)
    __aeabi_errno_addr                       0x08000705   Thumb Code     8  rt_errno_addr_intlibspace.o(.text)
    __errno$intlibspace                      0x08000705   Thumb Code     0  rt_errno_addr_intlibspace.o(.text)
    __rt_errno_addr$intlibspace              0x08000705   Thumb Code     0  rt_errno_addr_intlibspace.o(.text)
    _printf_char_common                      0x08000717   Thumb Code    32  _printf_char_common.o(.text)
    ferror                                   0x0800073d   Thumb Code     8  ferror.o(.text)
    __user_libspace                          0x08000745   Thumb Code     8  libspace.o(.text)
    __user_perproc_libspace                  0x08000745   Thumb Code     0  libspace.o(.text)
    __user_perthread_libspace                0x08000745   Thumb Code     0  libspace.o(.text)
    __user_setup_stackheap                   0x0800074d   Thumb Code    74  sys_stackheap_outer.o(.text)
    exit                                     0x08000797   Thumb Code    12  exit.o(.text)
    BusFault_Handler                         0x080007a3   Thumb Code     2  stm32f10x_it.o(i.BusFault_Handler)
    DMA1_Channel4_IRQHandler                 0x080007a5   Thumb Code    36  dma.o(i.DMA1_Channel4_IRQHandler)
    DMA1_Channel5_IRQHandler                 0x080007cd   Thumb Code   110  dma.o(i.DMA1_Channel5_IRQHandler)
    DMA_ClearFlag                            0x08000849   Thumb Code    16  stm32f10x_dma.o(i.DMA_ClearFlag)
    DMA_Cmd                                  0x08000861   Thumb Code    26  stm32f10x_dma.o(i.DMA_Cmd)
    DMA_DeInit                               0x0800087d   Thumb Code   238  stm32f10x_dma.o(i.DMA_DeInit)
    DMA_GetITStatus                          0x08000975   Thumb Code    26  stm32f10x_dma.o(i.DMA_GetITStatus)
    DMA_ITConfig                             0x08000999   Thumb Code    20  stm32f10x_dma.o(i.DMA_ITConfig)
    DMA_Init                                 0x080009ad   Thumb Code    58  stm32f10x_dma.o(i.DMA_Init)
    DMA_SetCurrDataCounter                   0x080009e7   Thumb Code     4  stm32f10x_dma.o(i.DMA_SetCurrDataCounter)
    DMA_USART1_Enable                        0x080009eb   Thumb Code    32  dma.o(i.DMA_USART1_Enable)
    DMA_USART1_Init                          0x08000a0d   Thumb Code   134  dma.o(i.DMA_USART1_Init)
    DMA_USART1_NVIC_config                   0x08000a9d   Thumb Code    72  dma.o(i.DMA_USART1_NVIC_config)
    DebugMon_Handler                         0x08000aed   Thumb Code     2  stm32f10x_it.o(i.DebugMon_Handler)
    Encoder_Init_TIM2                        0x08000af1   Thumb Code   150  encoder.o(i.Encoder_Init_TIM2)
    Encoder_Init_TIM4                        0x08000b8d   Thumb Code   148  encoder.o(i.Encoder_Init_TIM4)
    GPIO_Init                                0x08000c29   Thumb Code   166  stm32f10x_gpio.o(i.GPIO_Init)
    GPIO_PinRemapConfig                      0x08000cd1   Thumb Code    86  stm32f10x_gpio.o(i.GPIO_PinRemapConfig)
    GPIO_ResetBits                           0x08000d2d   Thumb Code     4  stm32f10x_gpio.o(i.GPIO_ResetBits)
    GPIO_SetBits                             0x08000d31   Thumb Code     4  stm32f10x_gpio.o(i.GPIO_SetBits)
    HardFault_Handler                        0x08000d35   Thumb Code     2  stm32f10x_it.o(i.HardFault_Handler)
    LED_Init                                 0x08000d39   Thumb Code    48  led.o(i.LED_Init)
    MOTOR_PWM_Init                           0x08000d6d   Thumb Code   148  motor.o(i.MOTOR_PWM_Init)
    MPU_IIC_Ack                              0x08000e05   Thumb Code    44  mpuiic.o(i.MPU_IIC_Ack)
    MPU_IIC_Delay                            0x08000e39   Thumb Code     6  mpuiic.o(i.MPU_IIC_Delay)
    MPU_IIC_Init                             0x08000e41   Thumb Code    50  mpuiic.o(i.MPU_IIC_Init)
    MPU_IIC_NAck                             0x08000e79   Thumb Code    44  mpuiic.o(i.MPU_IIC_NAck)
    MPU_IIC_Read_Byte                        0x08000ead   Thumb Code    96  mpuiic.o(i.MPU_IIC_Read_Byte)
    MPU_IIC_Send_Byte                        0x08000f15   Thumb Code    76  mpuiic.o(i.MPU_IIC_Send_Byte)
    MPU_IIC_Start                            0x08000f69   Thumb Code    44  mpuiic.o(i.MPU_IIC_Start)
    MPU_IIC_Stop                             0x08000f9d   Thumb Code    46  mpuiic.o(i.MPU_IIC_Stop)
    MPU_IIC_Wait_Ack                         0x08000fd5   Thumb Code    74  mpuiic.o(i.MPU_IIC_Wait_Ack)
    MPU_Init                                 0x08001029   Thumb Code   176  mpu6050.o(i.MPU_Init)
    MPU_Read_Byte                            0x080010e5   Thumb Code    58  mpu6050.o(i.MPU_Read_Byte)
    MPU_Read_Len                             0x0800111f   Thumb Code   112  mpu6050.o(i.MPU_Read_Len)
    MPU_Set_Accel_Fsr                        0x0800118f   Thumb Code    10  mpu6050.o(i.MPU_Set_Accel_Fsr)
    MPU_Set_Gyro_Fsr                         0x08001199   Thumb Code    10  mpu6050.o(i.MPU_Set_Gyro_Fsr)
    MPU_Set_LPF                              0x080011a3   Thumb Code    48  mpu6050.o(i.MPU_Set_LPF)
    MPU_Set_Rate                             0x080011d3   Thumb Code    44  mpu6050.o(i.MPU_Set_Rate)
    MPU_Write_Byte                           0x080011ff   Thumb Code    68  mpu6050.o(i.MPU_Write_Byte)
    MPU_Write_Len                            0x08001243   Thumb Code    90  mpu6050.o(i.MPU_Write_Len)
    MemManage_Handler                        0x0800129d   Thumb Code     2  stm32f10x_it.o(i.MemManage_Handler)
    Motor_Init                               0x080012a1   Thumb Code    66  motor.o(i.Motor_Init)
    NMI_Handler                              0x080012ed   Thumb Code     2  stm32f10x_it.o(i.NMI_Handler)
    NVIC_Init                                0x080012f1   Thumb Code    96  misc.o(i.NVIC_Init)
    NVIC_PriorityGroupConfig                 0x08001355   Thumb Code    10  misc.o(i.NVIC_PriorityGroupConfig)
    PID_Init                                 0x08001369   Thumb Code    30  encoder.o(i.PID_Init)
    PID_Loc                                  0x08001395   Thumb Code   138  encoder.o(i.PID_Loc)
    PendSV_Handler                           0x0800142d   Thumb Code     2  stm32f10x_it.o(i.PendSV_Handler)
    RCC_AHBPeriphClockCmd                    0x08001431   Thumb Code    22  stm32f10x_rcc.o(i.RCC_AHBPeriphClockCmd)
    RCC_APB1PeriphClockCmd                   0x0800144d   Thumb Code    22  stm32f10x_rcc.o(i.RCC_APB1PeriphClockCmd)
    RCC_APB1PeriphResetCmd                   0x08001469   Thumb Code    22  stm32f10x_rcc.o(i.RCC_APB1PeriphResetCmd)
    RCC_APB2PeriphClockCmd                   0x08001485   Thumb Code    22  stm32f10x_rcc.o(i.RCC_APB2PeriphClockCmd)
    RCC_APB2PeriphResetCmd                   0x080014a1   Thumb Code    22  stm32f10x_rcc.o(i.RCC_APB2PeriphResetCmd)
    RCC_GetClocksFreq                        0x080014bd   Thumb Code   154  stm32f10x_rcc.o(i.RCC_GetClocksFreq)
    Read_Encoder                             0x08001569   Thumb Code    50  encoder.o(i.Read_Encoder)
    SVC_Handler                              0x080015a5   Thumb Code     2  stm32f10x_it.o(i.SVC_Handler)
    Set_Pwm                                  0x0800165d   Thumb Code   142  motor.o(i.Set_Pwm)
    SysTick_CLKSourceConfig                  0x080016f1   Thumb Code    28  misc.o(i.SysTick_CLKSourceConfig)
    SysTick_Handler                          0x0800170d   Thumb Code     2  stm32f10x_it.o(i.SysTick_Handler)
    SystemInit                               0x08001711   Thumb Code    64  system_stm32f10x.o(i.SystemInit)
    TIM1_Int_Init                            0x08001945   Thumb Code   116  timer.o(i.TIM1_Int_Init)
    TIM1_UP_IRQHandler                       0x080019bd   Thumb Code   166  timer.o(i.TIM1_UP_IRQHandler)
    TIM2_IRQHandler                          0x08001a89   Thumb Code    16  encoder.o(i.TIM2_IRQHandler)
    TIM4_IRQHandler                          0x08001a99   Thumb Code    14  encoder.o(i.TIM4_IRQHandler)
    TIM_ARRPreloadConfig                     0x08001aad   Thumb Code    24  stm32f10x_tim.o(i.TIM_ARRPreloadConfig)
    TIM_ClearFlag                            0x08001ac5   Thumb Code     6  stm32f10x_tim.o(i.TIM_ClearFlag)
    TIM_ClearITPendingBit                    0x08001acb   Thumb Code     6  stm32f10x_tim.o(i.TIM_ClearITPendingBit)
    TIM_Cmd                                  0x08001ad1   Thumb Code    24  stm32f10x_tim.o(i.TIM_Cmd)
    TIM_DeInit                               0x08001ae9   Thumb Code   464  stm32f10x_tim.o(i.TIM_DeInit)
    TIM_EncoderInterfaceConfig               0x08001cf9   Thumb Code    50  stm32f10x_tim.o(i.TIM_EncoderInterfaceConfig)
    TIM_GetITStatus                          0x08001d2b   Thumb Code    24  stm32f10x_tim.o(i.TIM_GetITStatus)
    TIM_ICInit                               0x08001d45   Thumb Code   122  stm32f10x_tim.o(i.TIM_ICInit)
    TIM_ICStructInit                         0x08001dd1   Thumb Code    16  stm32f10x_tim.o(i.TIM_ICStructInit)
    TIM_ITConfig                             0x08001de1   Thumb Code    20  stm32f10x_tim.o(i.TIM_ITConfig)
    TIM_OC1Init                              0x08001df5   Thumb Code   114  stm32f10x_tim.o(i.TIM_OC1Init)
    TIM_OC1PreloadConfig                     0x08001e7d   Thumb Code    12  stm32f10x_tim.o(i.TIM_OC1PreloadConfig)
    TIM_OC2Init                              0x08001e89   Thumb Code   128  stm32f10x_tim.o(i.TIM_OC2Init)
    TIM_OC2PreloadConfig                     0x08001f11   Thumb Code    20  stm32f10x_tim.o(i.TIM_OC2PreloadConfig)
    TIM_OC3Init                              0x08001f25   Thumb Code   124  stm32f10x_tim.o(i.TIM_OC3Init)
    TIM_OC3PreloadConfig                     0x08001fa9   Thumb Code    12  stm32f10x_tim.o(i.TIM_OC3PreloadConfig)
    TIM_OC4Init                              0x08001fb5   Thumb Code    94  stm32f10x_tim.o(i.TIM_OC4Init)
    TIM_OC4PreloadConfig                     0x0800201d   Thumb Code    20  stm32f10x_tim.o(i.TIM_OC4PreloadConfig)
    TIM_SetCounter                           0x08002031   Thumb Code     4  stm32f10x_tim.o(i.TIM_SetCounter)
    TIM_SetIC1Prescaler                      0x08002035   Thumb Code    16  stm32f10x_tim.o(i.TIM_SetIC1Prescaler)
    TIM_SetIC2Prescaler                      0x08002045   Thumb Code    24  stm32f10x_tim.o(i.TIM_SetIC2Prescaler)
    TIM_SetIC3Prescaler                      0x0800205d   Thumb Code    16  stm32f10x_tim.o(i.TIM_SetIC3Prescaler)
    TIM_SetIC4Prescaler                      0x0800206d   Thumb Code    24  stm32f10x_tim.o(i.TIM_SetIC4Prescaler)
    TIM_TimeBaseInit                         0x08002085   Thumb Code   114  stm32f10x_tim.o(i.TIM_TimeBaseInit)
    TIM_TimeBaseStructInit                   0x08002121   Thumb Code    18  stm32f10x_tim.o(i.TIM_TimeBaseStructInit)
    USART1_IRQHandler                        0x08002135   Thumb Code    58  usart.o(i.USART1_IRQHandler)
    USART_Cmd                                0x08002175   Thumb Code    24  stm32f10x_usart.o(i.USART_Cmd)
    USART_DMACmd                             0x0800218d   Thumb Code    20  stm32f10x_usart.o(i.USART_DMACmd)
    USART_GetITStatus                        0x080021a1   Thumb Code    64  stm32f10x_usart.o(i.USART_GetITStatus)
    USART_ITConfig                           0x080021e1   Thumb Code    54  stm32f10x_usart.o(i.USART_ITConfig)
    USART_Init                               0x08002219   Thumb Code   182  stm32f10x_usart.o(i.USART_Init)
    USART_ReceiveData                        0x080022d5   Thumb Code     8  stm32f10x_usart.o(i.USART_ReceiveData)
    UsageFault_Handler                       0x080022dd   Thumb Code     2  stm32f10x_it.o(i.UsageFault_Handler)
    __ARM_fpclassify                         0x080022df   Thumb Code    40  fpclassify.o(i.__ARM_fpclassify)
    __ieee754_rem_pio2                       0x08002309   Thumb Code   828  rred.o(i.__ieee754_rem_pio2)
    __kernel_cos                             0x08002691   Thumb Code   230  cos_i.o(i.__kernel_cos)
    __kernel_poly                            0x0800278d   Thumb Code   170  poly.o(i.__kernel_poly)
    __kernel_sin                             0x08002839   Thumb Code   224  sin_i.o(i.__kernel_sin)
    __mathlib_dbl_infnan                     0x08002925   Thumb Code     6  dunder.o(i.__mathlib_dbl_infnan)
    __mathlib_dbl_infnan2                    0x0800292b   Thumb Code     4  dunder.o(i.__mathlib_dbl_infnan2)
    __mathlib_dbl_invalid                    0x0800292f   Thumb Code    12  dunder.o(i.__mathlib_dbl_invalid)
    __mathlib_dbl_underflow                  0x0800293d   Thumb Code    10  dunder.o(i.__mathlib_dbl_underflow)
    _is_digit                                0x0800294d   Thumb Code    14  __printf_wp.o(i._is_digit)
    _sys_exit                                0x0800295b   Thumb Code     2  usart.o(i._sys_exit)
    asin                                     0x080029e1   Thumb Code   572  asin.o(i.asin)
    atan                                     0x08002c51   Thumb Code   474  atan.o(i.atan)
    atan2                                    0x08002e71   Thumb Code   346  atan2.o(i.atan2)
    cos                                      0x08002ff1   Thumb Code   148  cos.o(i.cos)
    data_pack                                0x0800308d   Thumb Code   320  dma.o(i.data_pack)
    delay_init                               0x0800321d   Thumb Code    46  delay.o(i.delay_init)
    delay_ms                                 0x08003259   Thumb Code    46  delay.o(i.delay_ms)
    delay_us                                 0x0800328d   Thumb Code    46  delay.o(i.delay_us)
    dmp_enable_6x_lp_quat                    0x080032c1   Thumb Code    60  inv_mpu_dmp_motion_driver.o(i.dmp_enable_6x_lp_quat)
    dmp_enable_feature                       0x080032fd   Thumb Code   484  inv_mpu_dmp_motion_driver.o(i.dmp_enable_feature)
    dmp_enable_gyro_cal                      0x080034e9   Thumb Code    62  inv_mpu_dmp_motion_driver.o(i.dmp_enable_gyro_cal)
    dmp_enable_lp_quat                       0x08003541   Thumb Code    60  inv_mpu_dmp_motion_driver.o(i.dmp_enable_lp_quat)
    dmp_load_motion_driver_firmware          0x0800357d   Thumb Code    16  inv_mpu_dmp_motion_driver.o(i.dmp_load_motion_driver_firmware)
    dmp_read_fifo                            0x08003591   Thumb Code   384  inv_mpu_dmp_motion_driver.o(i.dmp_read_fifo)
    dmp_set_accel_bias                       0x08003715   Thumb Code   262  inv_mpu_dmp_motion_driver.o(i.dmp_set_accel_bias)
    dmp_set_fifo_rate                        0x08003821   Thumb Code    96  inv_mpu_dmp_motion_driver.o(i.dmp_set_fifo_rate)
    dmp_set_gyro_bias                        0x08003891   Thumb Code   256  inv_mpu_dmp_motion_driver.o(i.dmp_set_gyro_bias)
    dmp_set_orientation                      0x08003999   Thumb Code   260  inv_mpu_dmp_motion_driver.o(i.dmp_set_orientation)
    dmp_set_shake_reject_thresh              0x08003ab1   Thumb Code    48  inv_mpu_dmp_motion_driver.o(i.dmp_set_shake_reject_thresh)
    dmp_set_shake_reject_time                0x08003ae1   Thumb Code    32  inv_mpu_dmp_motion_driver.o(i.dmp_set_shake_reject_time)
    dmp_set_shake_reject_timeout             0x08003b01   Thumb Code    32  inv_mpu_dmp_motion_driver.o(i.dmp_set_shake_reject_timeout)
    dmp_set_tap_axes                         0x08003b21   Thumb Code    56  inv_mpu_dmp_motion_driver.o(i.dmp_set_tap_axes)
    dmp_set_tap_count                        0x08003b59   Thumb Code    34  inv_mpu_dmp_motion_driver.o(i.dmp_set_tap_count)
    dmp_set_tap_thresh                       0x08003b7d   Thumb Code   334  inv_mpu_dmp_motion_driver.o(i.dmp_set_tap_thresh)
    dmp_set_tap_time                         0x08003ce1   Thumb Code    32  inv_mpu_dmp_motion_driver.o(i.dmp_set_tap_time)
    dmp_set_tap_time_multi                   0x08003d01   Thumb Code    32  inv_mpu_dmp_motion_driver.o(i.dmp_set_tap_time_multi)
    fputc                                    0x08003d21   Thumb Code    18  usart.o(i.fputc)
    get_data_analyze                         0x08003de5   Thumb Code   136  dma.o(i.get_data_analyze)
    get_odom                                 0x08003e71   Thumb Code   246  dma.o(i.get_odom)
    get_puls_analyze                         0x08003f89   Thumb Code   254  dma.o(i.get_puls_analyze)
    inv_orientation_matrix_to_scalar         0x08004555   Thumb Code    36  inv_mpu.o(i.inv_orientation_matrix_to_scalar)
    inv_row_2_scale                          0x08004579   Thumb Code    72  inv_mpu.o(i.inv_row_2_scale)
    main                                     0x080045c1   Thumb Code   186  main.o(i.main)
    mget_ms                                  0x080046a5   Thumb Code     2  inv_mpu.o(i.mget_ms)
    mpu_configure_fifo                       0x080046a9   Thumb Code    90  inv_mpu.o(i.mpu_configure_fifo)
    mpu_dmp_get_data                         0x08004709   Thumb Code   380  inv_mpu.o(i.mpu_dmp_get_data)
    mpu_dmp_init                             0x08004885   Thumb Code   146  inv_mpu.o(i.mpu_dmp_init)
    mpu_get_accel_fsr                        0x0800491d   Thumb Code    62  inv_mpu.o(i.mpu_get_accel_fsr)
    mpu_get_accel_sens                       0x08004961   Thumb Code    70  inv_mpu.o(i.mpu_get_accel_sens)
    mpu_get_fifo_config                      0x080049ad   Thumb Code    10  inv_mpu.o(i.mpu_get_fifo_config)
    mpu_get_gyro_fsr                         0x080049bd   Thumb Code    58  inv_mpu.o(i.mpu_get_gyro_fsr)
    mpu_get_gyro_sens                        0x080049fd   Thumb Code    52  inv_mpu.o(i.mpu_get_gyro_sens)
    mpu_get_lpf                              0x08004a45   Thumb Code    64  inv_mpu.o(i.mpu_get_lpf)
    mpu_get_sample_rate                      0x08004a89   Thumb Code    24  inv_mpu.o(i.mpu_get_sample_rate)
    mpu_init                                 0x08004aa5   Thumb Code   346  inv_mpu.o(i.mpu_init)
    mpu_load_firmware                        0x08004c51   Thumb Code   174  inv_mpu.o(i.mpu_load_firmware)
    mpu_lp_accel_mode                        0x08004d05   Thumb Code   204  inv_mpu.o(i.mpu_lp_accel_mode)
    mpu_read_fifo_stream                     0x08004dd5   Thumb Code   166  inv_mpu.o(i.mpu_read_fifo_stream)
    mpu_read_mem                             0x08004e81   Thumb Code   106  inv_mpu.o(i.mpu_read_mem)
    mpu_reset_fifo                           0x08004ef1   Thumb Code   360  inv_mpu.o(i.mpu_reset_fifo)
    mpu_run_self_test                        0x0800505d   Thumb Code   244  inv_mpu.o(i.mpu_run_self_test)
    mpu_set_accel_fsr                        0x08005155   Thumb Code   110  inv_mpu.o(i.mpu_set_accel_fsr)
    mpu_set_bypass                           0x080051c9   Thumb Code   276  inv_mpu.o(i.mpu_set_bypass)
    mpu_set_dmp_state                        0x080052e1   Thumb Code   118  inv_mpu.o(i.mpu_set_dmp_state)
    mpu_set_gyro_fsr                         0x0800535d   Thumb Code   116  inv_mpu.o(i.mpu_set_gyro_fsr)
    mpu_set_int_latched                      0x080053d5   Thumb Code    92  inv_mpu.o(i.mpu_set_int_latched)
    mpu_set_lpf                              0x08005435   Thumb Code   118  inv_mpu.o(i.mpu_set_lpf)
    mpu_set_sample_rate                      0x080054b1   Thumb Code   126  inv_mpu.o(i.mpu_set_sample_rate)
    mpu_set_sensors                          0x08005535   Thumb Code   172  inv_mpu.o(i.mpu_set_sensors)
    mpu_write_mem                            0x080055e5   Thumb Code   106  inv_mpu.o(i.mpu_write_mem)
    myabs                                    0x08005655   Thumb Code     8  motor.o(i.myabs)
    run_self_test                            0x0800565d   Thumb Code   128  inv_mpu.o(i.run_self_test)
    sin                                      0x08005751   Thumb Code   150  sin.o(i.sin)
    sqrt                                     0x080057f1   Thumb Code    76  sqrt.o(i.sqrt)
    uart_init                                0x0800583d   Thumb Code   162  usart.o(i.uart_init)
    __aeabi_d2f                              0x080058e9   Thumb Code     0  d2f.o(x$fpl$d2f)
    _d2f                                     0x080058e9   Thumb Code    98  d2f.o(x$fpl$d2f)
    __aeabi_dadd                             0x0800594d   Thumb Code     0  daddsub_clz.o(x$fpl$dadd)
    _dadd                                    0x0800594d   Thumb Code   332  daddsub_clz.o(x$fpl$dadd)
    __fpl_dcheck_NaN1                        0x08005a9d   Thumb Code    10  dcheck1.o(x$fpl$dcheck1)
    __aeabi_ddiv                             0x08005aad   Thumb Code     0  ddiv.o(x$fpl$ddiv)
    _ddiv                                    0x08005aad   Thumb Code   552  ddiv.o(x$fpl$ddiv)
    __aeabi_d2iz                             0x08005d5d   Thumb Code     0  dfix.o(x$fpl$dfix)
    _dfix                                    0x08005d5d   Thumb Code    94  dfix.o(x$fpl$dfix)
    __aeabi_i2d                              0x08005dbb   Thumb Code     0  dflt_clz.o(x$fpl$dflt)
    _dflt                                    0x08005dbb   Thumb Code    46  dflt_clz.o(x$fpl$dflt)
    __aeabi_ui2d                             0x08005de9   Thumb Code     0  dflt_clz.o(x$fpl$dfltu)
    _dfltu                                   0x08005de9   Thumb Code    38  dflt_clz.o(x$fpl$dfltu)
    __aeabi_dmul                             0x08005e11   Thumb Code     0  dmul.o(x$fpl$dmul)
    _dmul                                    0x08005e11   Thumb Code   332  dmul.o(x$fpl$dmul)
    __fpl_dnaninf                            0x08005f65   Thumb Code   156  dnaninf.o(x$fpl$dnaninf)
    __fpl_dretinf                            0x08006001   Thumb Code    12  dretinf.o(x$fpl$dretinf)
    __aeabi_drsub                            0x0800600d   Thumb Code     0  daddsub_clz.o(x$fpl$drsb)
    _drsb                                    0x0800600d   Thumb Code    22  daddsub_clz.o(x$fpl$drsb)
    _dsqrt                                   0x08006025   Thumb Code   456  dsqrt_noumaal.o(x$fpl$dsqrt)
    __aeabi_dsub                             0x080061f1   Thumb Code     0  daddsub_clz.o(x$fpl$dsub)
    _dsub                                    0x080061f1   Thumb Code   464  daddsub_clz.o(x$fpl$dsub)
    __aeabi_f2d                              0x080063c5   Thumb Code     0  f2d.o(x$fpl$f2d)
    _f2d                                     0x080063c5   Thumb Code    86  f2d.o(x$fpl$f2d)
    __aeabi_fadd                             0x0800641d   Thumb Code     0  faddsub_clz.o(x$fpl$fadd)
    _fadd                                    0x0800641d   Thumb Code   196  faddsub_clz.o(x$fpl$fadd)
    __fpl_fcheck_NaN1                        0x080064e1   Thumb Code     6  fcheck1.o(x$fpl$fcheck1)
    __fpl_fcmp_Inf                           0x080064ed   Thumb Code    24  fcmpi.o(x$fpl$fcmpinf)
    __aeabi_fdiv                             0x08006505   Thumb Code     0  fdiv.o(x$fpl$fdiv)
    _fdiv                                    0x08006505   Thumb Code   384  fdiv.o(x$fpl$fdiv)
    __aeabi_cfcmpeq                          0x08006689   Thumb Code     0  feqf.o(x$fpl$feqf)
    _fcmpeq                                  0x08006689   Thumb Code   104  feqf.o(x$fpl$feqf)
    __aeabi_f2iz                             0x080066f1   Thumb Code     0  ffix.o(x$fpl$ffix)
    _ffix                                    0x080066f1   Thumb Code    54  ffix.o(x$fpl$ffix)
    __aeabi_f2uiz                            0x08006729   Thumb Code     0  ffixu.o(x$fpl$ffixu)
    _ffixu                                   0x08006729   Thumb Code    62  ffixu.o(x$fpl$ffixu)
    __aeabi_i2f                              0x08006769   Thumb Code     0  fflt_clz.o(x$fpl$fflt)
    _fflt                                    0x08006769   Thumb Code    48  fflt_clz.o(x$fpl$fflt)
    __aeabi_ui2f                             0x08006799   Thumb Code     0  fflt_clz.o(x$fpl$ffltu)
    _ffltu                                   0x08006799   Thumb Code    38  fflt_clz.o(x$fpl$ffltu)
    __aeabi_cfcmple                          0x080067c1   Thumb Code     0  fleqf.o(x$fpl$fleqf)
    _fcmple                                  0x080067c1   Thumb Code   104  fleqf.o(x$fpl$fleqf)
    __fpl_fcmple_InfNaN                      0x08006813   Thumb Code     0  fleqf.o(x$fpl$fleqf)
    __aeabi_fmul                             0x08006829   Thumb Code     0  fmul.o(x$fpl$fmul)
    _fmul                                    0x08006829   Thumb Code   258  fmul.o(x$fpl$fmul)
    __fpl_fnaninf                            0x0800692b   Thumb Code   140  fnaninf.o(x$fpl$fnaninf)
    __fpl_fretinf                            0x080069b7   Thumb Code    10  fretinf.o(x$fpl$fretinf)
    __aeabi_cfrcmple                         0x080069c1   Thumb Code     0  frleqf.o(x$fpl$frleqf)
    _frcmple                                 0x080069c1   Thumb Code    98  frleqf.o(x$fpl$frleqf)
    __aeabi_fsub                             0x08006a25   Thumb Code     0  faddsub_clz.o(x$fpl$fsub)
    _fsub                                    0x08006a25   Thumb Code   234  faddsub_clz.o(x$fpl$fsub)
    __fpl_return_NaN                         0x08006b0f   Thumb Code   100  retnan.o(x$fpl$retnan)
    __ARM_scalbn                             0x08006b73   Thumb Code    92  scalbn.o(x$fpl$scalbn)
    __ARM_scalbnf                            0x08006bcf   Thumb Code    76  scalbnf.o(x$fpl$scalbnf)
    __fpl_cmpreturn                          0x08006c1b   Thumb Code    48  trapv.o(x$fpl$trapveneer)
    __I$use$fp                               0x08006c4a   Number         0  usenofp.o(x$fpl$usenofp)
    reg                                      0x08006c4a   Data          27  inv_mpu.o(.constdata)
    hw                                       0x08006c66   Data          12  inv_mpu.o(.constdata)
    test                                     0x08006c74   Data          40  inv_mpu.o(.constdata)
    __mathlib_zero                           0x080079c0   Data           8  qnan.o(.constdata)
    Region$$Table$$Base                      0x08007b08   Number         0  anon$$obj.o(Region$$Table)
    Region$$Table$$Limit                     0x08007b28   Number         0  anon$$obj.o(Region$$Table)
    SystemCoreClock                          0x20000000   Data           4  system_stm32f10x.o(.data)
    AHBPrescTable                            0x20000004   Data          16  system_stm32f10x.o(.data)
    __stdout                                 0x20000018   Data           4  usart.o(.data)
    Vx_left                                  0x20000030   Data           4  dma.o(.data)
    Vx_right                                 0x20000034   Data           4  dma.o(.data)
    sum_Pose_x                               0x20000038   Data           4  dma.o(.data)
    sum_Pose_y                               0x2000003c   Data           4  dma.o(.data)
    yaw                                      0x20000040   Data           4  dma.o(.data)
    NVIC_InitStructure                       0x20000044   Data           4  dma.o(.data)
    RESUALT_FLAG                             0x20000048   Data           2  dma.o(.data)
    DATAPACK_FREQ                            0x2000004a   Data           2  dma.o(.data)
    pitch                                    0x2000004c   Data           4  dma.o(.data)
    roll                                     0x20000050   Data           4  dma.o(.data)
    PID_MOTOR_R                              0x20000054   Data           4  encoder.o(.data)
    PID_MOTOR_L                              0x20000058   Data           4  encoder.o(.data)
    sPID_Left                                0x2000005c   Data           4  encoder.o(.data)
    sPID_Right                               0x20000060   Data           4  encoder.o(.data)
    Encoder_Left                             0x20000064   Data           4  encoder.o(.data)
    Encoder_Right                            0x20000068   Data           4  encoder.o(.data)
    odem_data                                0x200000a4   Data          24  dma.o(.bss)
    cmd_vel_data                             0x200000bc   Data          12  dma.o(.bss)
    USART1TXBuff                             0x200000c8   Data          64  dma.o(.bss)
    USART1RXBuff                             0x20000108   Data          14  dma.o(.bss)
    DMA_InitStructure                        0x20000118   Data          44  dma.o(.bss)
    PID_Left                                 0x20000144   Data          40  encoder.o(.bss)
    PID_Right                                0x2000016c   Data          40  encoder.o(.bss)
    __libspace_start                         0x200001a4   Data          96  libspace.o(.bss)
    __temporary_stack_top$libspace           0x20000204   Data           0  libspace.o(.bss)



==============================================================================

Memory Map of the image

  Image Entry point : 0x080001d5

  Load Region LR_1 (Base: 0x08000000, Size: 0x00007bcc, Max: 0xffffffff, ABSOLUTE)

    Execution Region ER_RO (Base: 0x08000000, Size: 0x00007b28, Max: 0xffffffff, ABSOLUTE)

    Base Addr    Size         Type   Attr      Idx    E Section Name        Object

    0x08000000   0x00000130   Data   RO          380    RESET               startup_stm32f10x_hd.o
    0x08000130   0x00000008   Code   RO         4269  * !!!main             c_w.l(__main.o)
    0x08000138   0x00000034   Code   RO         4629    !!!scatter          c_w.l(__scatter.o)
    0x0800016c   0x0000001a   Code   RO         4631    !!handler_copy      c_w.l(__scatter_copy.o)
    0x08000186   0x00000002   PAD
    0x08000188   0x0000001c   Code   RO         4633    !!handler_zi        c_w.l(__scatter_zi.o)
    0x080001a4   0x00000000   Code   RO         4260    .ARM.Collect$$_printf_percent$$00000000  c_w.l(_printf_percent.o)
    0x080001a4   0x00000006   Code   RO         4259    .ARM.Collect$$_printf_percent$$00000009  c_w.l(_printf_d.o)
    0x080001aa   0x00000004   Code   RO         4372    .ARM.Collect$$_printf_percent$$00000017  c_w.l(_printf_percent_end.o)
    0x080001ae   0x00000002   Code   RO         4499    .ARM.Collect$$libinit$$00000000  c_w.l(libinit.o)
    0x080001b0   0x00000000   Code   RO         4511    .ARM.Collect$$libinit$$00000002  c_w.l(libinit2.o)
    0x080001b0   0x00000000   Code   RO         4513    .ARM.Collect$$libinit$$00000004  c_w.l(libinit2.o)
    0x080001b0   0x00000000   Code   RO         4516    .ARM.Collect$$libinit$$0000000A  c_w.l(libinit2.o)
    0x080001b0   0x00000000   Code   RO         4518    .ARM.Collect$$libinit$$0000000C  c_w.l(libinit2.o)
    0x080001b0   0x00000000   Code   RO         4520    .ARM.Collect$$libinit$$0000000E  c_w.l(libinit2.o)
    0x080001b0   0x00000000   Code   RO         4523    .ARM.Collect$$libinit$$00000011  c_w.l(libinit2.o)
    0x080001b0   0x00000000   Code   RO         4525    .ARM.Collect$$libinit$$00000013  c_w.l(libinit2.o)
    0x080001b0   0x00000000   Code   RO         4527    .ARM.Collect$$libinit$$00000015  c_w.l(libinit2.o)
    0x080001b0   0x00000000   Code   RO         4529    .ARM.Collect$$libinit$$00000017  c_w.l(libinit2.o)
    0x080001b0   0x00000000   Code   RO         4531    .ARM.Collect$$libinit$$00000019  c_w.l(libinit2.o)
    0x080001b0   0x00000000   Code   RO         4533    .ARM.Collect$$libinit$$0000001B  c_w.l(libinit2.o)
    0x080001b0   0x00000000   Code   RO         4535    .ARM.Collect$$libinit$$0000001D  c_w.l(libinit2.o)
    0x080001b0   0x00000000   Code   RO         4537    .ARM.Collect$$libinit$$0000001F  c_w.l(libinit2.o)
    0x080001b0   0x00000000   Code   RO         4539    .ARM.Collect$$libinit$$00000021  c_w.l(libinit2.o)
    0x080001b0   0x00000000   Code   RO         4541    .ARM.Collect$$libinit$$00000023  c_w.l(libinit2.o)
    0x080001b0   0x00000000   Code   RO         4543    .ARM.Collect$$libinit$$00000025  c_w.l(libinit2.o)
    0x080001b0   0x00000000   Code   RO         4547    .ARM.Collect$$libinit$$0000002C  c_w.l(libinit2.o)
    0x080001b0   0x00000000   Code   RO         4549    .ARM.Collect$$libinit$$0000002E  c_w.l(libinit2.o)
    0x080001b0   0x00000000   Code   RO         4551    .ARM.Collect$$libinit$$00000030  c_w.l(libinit2.o)
    0x080001b0   0x00000000   Code   RO         4553    .ARM.Collect$$libinit$$00000032  c_w.l(libinit2.o)
    0x080001b0   0x00000002   Code   RO         4554    .ARM.Collect$$libinit$$00000033  c_w.l(libinit2.o)
    0x080001b2   0x00000002   Code   RO         4582    .ARM.Collect$$libshutdown$$00000000  c_w.l(libshutdown.o)
    0x080001b4   0x00000000   Code   RO         4597    .ARM.Collect$$libshutdown$$00000003  c_w.l(libshutdown2.o)
    0x080001b4   0x00000000   Code   RO         4600    .ARM.Collect$$libshutdown$$00000006  c_w.l(libshutdown2.o)
    0x080001b4   0x00000000   Code   RO         4603    .ARM.Collect$$libshutdown$$00000009  c_w.l(libshutdown2.o)
    0x080001b4   0x00000000   Code   RO         4605    .ARM.Collect$$libshutdown$$0000000B  c_w.l(libshutdown2.o)
    0x080001b4   0x00000000   Code   RO         4608    .ARM.Collect$$libshutdown$$0000000E  c_w.l(libshutdown2.o)
    0x080001b4   0x00000002   Code   RO         4609    .ARM.Collect$$libshutdown$$0000000F  c_w.l(libshutdown2.o)
    0x080001b6   0x00000000   Code   RO         4363    .ARM.Collect$$rtentry$$00000000  c_w.l(__rtentry.o)
    0x080001b6   0x00000000   Code   RO         4442    .ARM.Collect$$rtentry$$00000002  c_w.l(__rtentry2.o)
    0x080001b6   0x00000006   Code   RO         4454    .ARM.Collect$$rtentry$$00000004  c_w.l(__rtentry4.o)
    0x080001bc   0x00000000   Code   RO         4444    .ARM.Collect$$rtentry$$00000009  c_w.l(__rtentry2.o)
    0x080001bc   0x00000004   Code   RO         4445    .ARM.Collect$$rtentry$$0000000A  c_w.l(__rtentry2.o)
    0x080001c0   0x00000000   Code   RO         4447    .ARM.Collect$$rtentry$$0000000C  c_w.l(__rtentry2.o)
    0x080001c0   0x00000008   Code   RO         4448    .ARM.Collect$$rtentry$$0000000D  c_w.l(__rtentry2.o)
    0x080001c8   0x00000002   Code   RO         4504    .ARM.Collect$$rtexit$$00000000  c_w.l(rtexit.o)
    0x080001ca   0x00000000   Code   RO         4556    .ARM.Collect$$rtexit$$00000002  c_w.l(rtexit2.o)
    0x080001ca   0x00000004   Code   RO         4557    .ARM.Collect$$rtexit$$00000003  c_w.l(rtexit2.o)
    0x080001ce   0x00000006   Code   RO         4558    .ARM.Collect$$rtexit$$00000004  c_w.l(rtexit2.o)
    0x080001d4   0x00000040   Code   RO          381  * .text               startup_stm32f10x_hd.o
    0x08000214   0x00000002   Code   RO         4203    .text               c_w.l(use_no_semi_2.o)
    0x08000216   0x00000048   Code   RO         4205    .text               c_w.l(llsdiv.o)
    0x0800025e   0x00000002   PAD
    0x08000260   0x00000018   Code   RO         4209    .text               c_w.l(noretval__2printf.o)
    0x08000278   0x00000078   Code   RO         4215    .text               c_w.l(_printf_dec.o)
    0x080002f0   0x00000138   Code   RO         4250    .text               c_w.l(__printf_flags_wp.o)
    0x08000428   0x00000058   Code   RO         4261    .text               c_w.l(memcmp.o)
    0x08000480   0x00000010   Code   RO         4263    .text               c_w.l(aeabi_memset.o)
    0x08000490   0x0000004e   Code   RO         4265    .text               c_w.l(rt_memclr_w.o)
    0x080004de   0x00000006   Code   RO         4267    .text               c_w.l(heapauxi.o)
    0x080004e4   0x00000002   Code   RO         4361    .text               c_w.l(use_no_semi.o)
    0x080004e6   0x000000ee   Code   RO         4364    .text               c_w.l(lludivv7m.o)
    0x080005d4   0x00000016   Code   RO         4366    .text               c_w.l(_rserrno.o)
    0x080005ea   0x000000b2   Code   RO         4368    .text               c_w.l(_printf_intcommon.o)
    0x0800069c   0x00000024   Code   RO         4370    .text               c_w.l(_printf_char_file.o)
    0x080006c0   0x00000044   Code   RO         4373    .text               c_w.l(rt_memclr.o)
    0x08000704   0x00000008   Code   RO         4463    .text               c_w.l(rt_errno_addr_intlibspace.o)
    0x0800070c   0x00000030   Code   RO         4465    .text               c_w.l(_printf_char_common.o)
    0x0800073c   0x00000008   Code   RO         4467    .text               c_w.l(ferror.o)
    0x08000744   0x00000008   Code   RO         4483    .text               c_w.l(libspace.o)
    0x0800074c   0x0000004a   Code   RO         4486    .text               c_w.l(sys_stackheap_outer.o)
    0x08000796   0x0000000c   Code   RO         4492    .text               c_w.l(exit.o)
    0x080007a2   0x00000002   Code   RO          148    i.BusFault_Handler  stm32f10x_it.o
    0x080007a4   0x00000028   Code   RO         3385    i.DMA1_Channel4_IRQHandler  dma.o
    0x080007cc   0x0000007c   Code   RO         3386    i.DMA1_Channel5_IRQHandler  dma.o
    0x08000848   0x00000018   Code   RO         1110    i.DMA_ClearFlag     stm32f10x_dma.o
    0x08000860   0x0000001a   Code   RO         1112    i.DMA_Cmd           stm32f10x_dma.o
    0x0800087a   0x00000002   PAD
    0x0800087c   0x000000f8   Code   RO         1113    i.DMA_DeInit        stm32f10x_dma.o
    0x08000974   0x00000024   Code   RO         1116    i.DMA_GetITStatus   stm32f10x_dma.o
    0x08000998   0x00000014   Code   RO         1117    i.DMA_ITConfig      stm32f10x_dma.o
    0x080009ac   0x0000003a   Code   RO         1118    i.DMA_Init          stm32f10x_dma.o
    0x080009e6   0x00000004   Code   RO         1119    i.DMA_SetCurrDataCounter  stm32f10x_dma.o
    0x080009ea   0x00000020   Code   RO         3387    i.DMA_USART1_Enable  dma.o
    0x08000a0a   0x00000002   PAD
    0x08000a0c   0x00000090   Code   RO         3388    i.DMA_USART1_Init   dma.o
    0x08000a9c   0x00000050   Code   RO         3389    i.DMA_USART1_NVIC_config  dma.o
    0x08000aec   0x00000002   Code   RO          149    i.DebugMon_Handler  stm32f10x_it.o
    0x08000aee   0x00000002   PAD
    0x08000af0   0x0000009c   Code   RO         3462    i.Encoder_Init_TIM2  encoder.o
    0x08000b8c   0x0000009c   Code   RO         3463    i.Encoder_Init_TIM4  encoder.o
    0x08000c28   0x000000a6   Code   RO         1536    i.GPIO_Init         stm32f10x_gpio.o
    0x08000cce   0x00000002   PAD
    0x08000cd0   0x0000005c   Code   RO         1538    i.GPIO_PinRemapConfig  stm32f10x_gpio.o
    0x08000d2c   0x00000004   Code   RO         1543    i.GPIO_ResetBits    stm32f10x_gpio.o
    0x08000d30   0x00000004   Code   RO         1544    i.GPIO_SetBits      stm32f10x_gpio.o
    0x08000d34   0x00000002   Code   RO          150    i.HardFault_Handler  stm32f10x_it.o
    0x08000d36   0x00000002   PAD
    0x08000d38   0x00000034   Code   RO         3352    i.LED_Init          led.o
    0x08000d6c   0x00000098   Code   RO         3524    i.MOTOR_PWM_Init    motor.o
    0x08000e04   0x00000034   Code   RO         3632    i.MPU_IIC_Ack       mpuiic.o
    0x08000e38   0x00000006   Code   RO         3633    i.MPU_IIC_Delay     mpuiic.o
    0x08000e3e   0x00000002   PAD
    0x08000e40   0x00000038   Code   RO         3634    i.MPU_IIC_Init      mpuiic.o
    0x08000e78   0x00000034   Code   RO         3635    i.MPU_IIC_NAck      mpuiic.o
    0x08000eac   0x00000068   Code   RO         3636    i.MPU_IIC_Read_Byte  mpuiic.o
    0x08000f14   0x00000054   Code   RO         3637    i.MPU_IIC_Send_Byte  mpuiic.o
    0x08000f68   0x00000034   Code   RO         3638    i.MPU_IIC_Start     mpuiic.o
    0x08000f9c   0x00000038   Code   RO         3639    i.MPU_IIC_Stop      mpuiic.o
    0x08000fd4   0x00000054   Code   RO         3640    i.MPU_IIC_Wait_Ack  mpuiic.o
    0x08001028   0x000000bc   Code   RO         3557    i.MPU_Init          mpu6050.o
    0x080010e4   0x0000003a   Code   RO         3558    i.MPU_Read_Byte     mpu6050.o
    0x0800111e   0x00000070   Code   RO         3559    i.MPU_Read_Len      mpu6050.o
    0x0800118e   0x0000000a   Code   RO         3560    i.MPU_Set_Accel_Fsr  mpu6050.o
    0x08001198   0x0000000a   Code   RO         3561    i.MPU_Set_Gyro_Fsr  mpu6050.o
    0x080011a2   0x00000030   Code   RO         3562    i.MPU_Set_LPF       mpu6050.o
    0x080011d2   0x0000002c   Code   RO         3563    i.MPU_Set_Rate      mpu6050.o
    0x080011fe   0x00000044   Code   RO         3564    i.MPU_Write_Byte    mpu6050.o
    0x08001242   0x0000005a   Code   RO         3565    i.MPU_Write_Len     mpu6050.o
    0x0800129c   0x00000002   Code   RO          151    i.MemManage_Handler  stm32f10x_it.o
    0x0800129e   0x00000002   PAD
    0x080012a0   0x0000004c   Code   RO         3525    i.Motor_Init        motor.o
    0x080012ec   0x00000002   Code   RO          152    i.NMI_Handler       stm32f10x_it.o
    0x080012ee   0x00000002   PAD
    0x080012f0   0x00000064   Code   RO          385    i.NVIC_Init         misc.o
    0x08001354   0x00000014   Code   RO          386    i.NVIC_PriorityGroupConfig  misc.o
    0x08001368   0x0000002c   Code   RO         3464    i.PID_Init          encoder.o
    0x08001394   0x00000098   Code   RO         3465    i.PID_Loc           encoder.o
    0x0800142c   0x00000002   Code   RO          153    i.PendSV_Handler    stm32f10x_it.o
    0x0800142e   0x00000002   PAD
    0x08001430   0x0000001c   Code   RO         1951    i.RCC_AHBPeriphClockCmd  stm32f10x_rcc.o
    0x0800144c   0x0000001c   Code   RO         1952    i.RCC_APB1PeriphClockCmd  stm32f10x_rcc.o
    0x08001468   0x0000001c   Code   RO         1953    i.RCC_APB1PeriphResetCmd  stm32f10x_rcc.o
    0x08001484   0x0000001c   Code   RO         1954    i.RCC_APB2PeriphClockCmd  stm32f10x_rcc.o
    0x080014a0   0x0000001c   Code   RO         1955    i.RCC_APB2PeriphResetCmd  stm32f10x_rcc.o
    0x080014bc   0x000000ac   Code   RO         1962    i.RCC_GetClocksFreq  stm32f10x_rcc.o
    0x08001568   0x0000003c   Code   RO         3466    i.Read_Encoder      encoder.o
    0x080015a4   0x00000002   Code   RO          154    i.SVC_Handler       stm32f10x_it.o
    0x080015a6   0x00000004   Code   RO          237    i.SetSysClock       system_stm32f10x.o
    0x080015aa   0x00000002   PAD
    0x080015ac   0x000000b0   Code   RO          238    i.SetSysClockTo72   system_stm32f10x.o
    0x0800165c   0x00000094   Code   RO         3526    i.Set_Pwm           motor.o
    0x080016f0   0x0000001c   Code   RO          389    i.SysTick_CLKSourceConfig  misc.o
    0x0800170c   0x00000002   Code   RO          155    i.SysTick_Handler   stm32f10x_it.o
    0x0800170e   0x00000002   PAD
    0x08001710   0x00000050   Code   RO          240    i.SystemInit        system_stm32f10x.o
    0x08001760   0x00000074   Code   RO         2570    i.TI1_Config        stm32f10x_tim.o
    0x080017d4   0x0000007c   Code   RO         2571    i.TI2_Config        stm32f10x_tim.o
    0x08001850   0x00000078   Code   RO         2572    i.TI3_Config        stm32f10x_tim.o
    0x080018c8   0x0000007c   Code   RO         2573    i.TI4_Config        stm32f10x_tim.o
    0x08001944   0x00000078   Code   RO         3364    i.TIM1_Int_Init     timer.o
    0x080019bc   0x000000cc   Code   RO         3365    i.TIM1_UP_IRQHandler  timer.o
    0x08001a88   0x00000010   Code   RO         3467    i.TIM2_IRQHandler   encoder.o
    0x08001a98   0x00000014   Code   RO         3468    i.TIM4_IRQHandler   encoder.o
    0x08001aac   0x00000018   Code   RO         2574    i.TIM_ARRPreloadConfig  stm32f10x_tim.o
    0x08001ac4   0x00000006   Code   RO         2580    i.TIM_ClearFlag     stm32f10x_tim.o
    0x08001aca   0x00000006   Code   RO         2581    i.TIM_ClearITPendingBit  stm32f10x_tim.o
    0x08001ad0   0x00000018   Code   RO         2586    i.TIM_Cmd           stm32f10x_tim.o
    0x08001ae8   0x00000210   Code   RO         2591    i.TIM_DeInit        stm32f10x_tim.o
    0x08001cf8   0x00000032   Code   RO         2595    i.TIM_EncoderInterfaceConfig  stm32f10x_tim.o
    0x08001d2a   0x00000018   Code   RO         2607    i.TIM_GetITStatus   stm32f10x_tim.o
    0x08001d42   0x00000002   PAD
    0x08001d44   0x0000008c   Code   RO         2609    i.TIM_ICInit        stm32f10x_tim.o
    0x08001dd0   0x00000010   Code   RO         2610    i.TIM_ICStructInit  stm32f10x_tim.o
    0x08001de0   0x00000014   Code   RO         2611    i.TIM_ITConfig      stm32f10x_tim.o
    0x08001df4   0x00000088   Code   RO         2615    i.TIM_OC1Init       stm32f10x_tim.o
    0x08001e7c   0x0000000c   Code   RO         2618    i.TIM_OC1PreloadConfig  stm32f10x_tim.o
    0x08001e88   0x00000088   Code   RO         2620    i.TIM_OC2Init       stm32f10x_tim.o
    0x08001f10   0x00000014   Code   RO         2623    i.TIM_OC2PreloadConfig  stm32f10x_tim.o
    0x08001f24   0x00000084   Code   RO         2625    i.TIM_OC3Init       stm32f10x_tim.o
    0x08001fa8   0x0000000c   Code   RO         2628    i.TIM_OC3PreloadConfig  stm32f10x_tim.o
    0x08001fb4   0x00000068   Code   RO         2630    i.TIM_OC4Init       stm32f10x_tim.o
    0x0800201c   0x00000014   Code   RO         2632    i.TIM_OC4PreloadConfig  stm32f10x_tim.o
    0x08002030   0x00000004   Code   RO         2651    i.TIM_SetCounter    stm32f10x_tim.o
    0x08002034   0x00000010   Code   RO         2652    i.TIM_SetIC1Prescaler  stm32f10x_tim.o
    0x08002044   0x00000018   Code   RO         2653    i.TIM_SetIC2Prescaler  stm32f10x_tim.o
    0x0800205c   0x00000010   Code   RO         2654    i.TIM_SetIC3Prescaler  stm32f10x_tim.o
    0x0800206c   0x00000018   Code   RO         2655    i.TIM_SetIC4Prescaler  stm32f10x_tim.o
    0x08002084   0x0000009c   Code   RO         2657    i.TIM_TimeBaseInit  stm32f10x_tim.o
    0x08002120   0x00000012   Code   RO         2658    i.TIM_TimeBaseStructInit  stm32f10x_tim.o
    0x08002132   0x00000002   PAD
    0x08002134   0x00000040   Code   RO          326    i.USART1_IRQHandler  usart.o
    0x08002174   0x00000018   Code   RO         3122    i.USART_Cmd         stm32f10x_usart.o
    0x0800218c   0x00000014   Code   RO         3123    i.USART_DMACmd      stm32f10x_usart.o
    0x080021a0   0x00000040   Code   RO         3126    i.USART_GetITStatus  stm32f10x_usart.o
    0x080021e0   0x00000036   Code   RO         3128    i.USART_ITConfig    stm32f10x_usart.o
    0x08002216   0x00000002   PAD
    0x08002218   0x000000bc   Code   RO         3129    i.USART_Init        stm32f10x_usart.o
    0x080022d4   0x00000008   Code   RO         3136    i.USART_ReceiveData  stm32f10x_usart.o
    0x080022dc   0x00000002   Code   RO          156    i.UsageFault_Handler  stm32f10x_it.o
    0x080022de   0x00000028   Code   RO         4417    i.__ARM_fpclassify  m_ws.l(fpclassify.o)
    0x08002306   0x00000002   PAD
    0x08002308   0x00000388   Code   RO         4422    i.__ieee754_rem_pio2  m_ws.l(rred.o)
    0x08002690   0x000000fc   Code   RO         4400    i.__kernel_cos      m_ws.l(cos_i.o)
    0x0800278c   0x000000aa   Code   RO         4419    i.__kernel_poly     m_ws.l(poly.o)
    0x08002836   0x00000002   PAD
    0x08002838   0x000000ec   Code   RO         4427    i.__kernel_sin      m_ws.l(sin_i.o)
    0x08002924   0x00000006   Code   RO         4404    i.__mathlib_dbl_infnan  m_ws.l(dunder.o)
    0x0800292a   0x00000004   Code   RO         4405    i.__mathlib_dbl_infnan2  m_ws.l(dunder.o)
    0x0800292e   0x0000000c   Code   RO         4406    i.__mathlib_dbl_invalid  m_ws.l(dunder.o)
    0x0800293a   0x00000002   PAD
    0x0800293c   0x00000010   Code   RO         4409    i.__mathlib_dbl_underflow  m_ws.l(dunder.o)
    0x0800294c   0x0000000e   Code   RO         4248    i._is_digit         c_w.l(__printf_wp.o)
    0x0800295a   0x00000002   Code   RO          327    i._sys_exit         usart.o
    0x0800295c   0x00000084   Code   RO         3692    i.accel_self_test   inv_mpu.o
    0x080029e0   0x00000270   Code   RO         4328    i.asin              m_ws.l(asin.o)
    0x08002c50   0x00000220   Code   RO         4391    i.atan              m_ws.l(atan.o)
    0x08002e70   0x00000180   Code   RO         4338    i.atan2             m_ws.l(atan2.o)
    0x08002ff0   0x0000009c   Code   RO         4346    i.cos               m_ws.l(cos.o)
    0x0800308c   0x00000154   Code   RO         3390    i.data_pack         dma.o
    0x080031e0   0x0000003c   Code   RO         4019    i.decode_gesture    inv_mpu_dmp_motion_driver.o
    0x0800321c   0x0000003c   Code   RO          271    i.delay_init        delay.o
    0x08003258   0x00000034   Code   RO          272    i.delay_ms          delay.o
    0x0800328c   0x00000034   Code   RO          273    i.delay_us          delay.o
    0x080032c0   0x0000003c   Code   RO         4020    i.dmp_enable_6x_lp_quat  inv_mpu_dmp_motion_driver.o
    0x080032fc   0x000001ec   Code   RO         4021    i.dmp_enable_feature  inv_mpu_dmp_motion_driver.o
    0x080034e8   0x00000058   Code   RO         4022    i.dmp_enable_gyro_cal  inv_mpu_dmp_motion_driver.o
    0x08003540   0x0000003c   Code   RO         4023    i.dmp_enable_lp_quat  inv_mpu_dmp_motion_driver.o
    0x0800357c   0x00000014   Code   RO         4028    i.dmp_load_motion_driver_firmware  inv_mpu_dmp_motion_driver.o
    0x08003590   0x00000184   Code   RO         4029    i.dmp_read_fifo     inv_mpu_dmp_motion_driver.o
    0x08003714   0x0000010c   Code   RO         4032    i.dmp_set_accel_bias  inv_mpu_dmp_motion_driver.o
    0x08003820   0x00000070   Code   RO         4033    i.dmp_set_fifo_rate  inv_mpu_dmp_motion_driver.o
    0x08003890   0x00000108   Code   RO         4034    i.dmp_set_gyro_bias  inv_mpu_dmp_motion_driver.o
    0x08003998   0x00000118   Code   RO         4036    i.dmp_set_orientation  inv_mpu_dmp_motion_driver.o
    0x08003ab0   0x00000030   Code   RO         4039    i.dmp_set_shake_reject_thresh  inv_mpu_dmp_motion_driver.o
    0x08003ae0   0x00000020   Code   RO         4040    i.dmp_set_shake_reject_time  inv_mpu_dmp_motion_driver.o
    0x08003b00   0x00000020   Code   RO         4041    i.dmp_set_shake_reject_timeout  inv_mpu_dmp_motion_driver.o
    0x08003b20   0x00000038   Code   RO         4042    i.dmp_set_tap_axes  inv_mpu_dmp_motion_driver.o
    0x08003b58   0x00000022   Code   RO         4043    i.dmp_set_tap_count  inv_mpu_dmp_motion_driver.o
    0x08003b7a   0x00000002   PAD
    0x08003b7c   0x00000164   Code   RO         4044    i.dmp_set_tap_thresh  inv_mpu_dmp_motion_driver.o
    0x08003ce0   0x00000020   Code   RO         4045    i.dmp_set_tap_time  inv_mpu_dmp_motion_driver.o
    0x08003d00   0x00000020   Code   RO         4046    i.dmp_set_tap_time_multi  inv_mpu_dmp_motion_driver.o
    0x08003d20   0x00000018   Code   RO          328    i.fputc             usart.o
    0x08003d38   0x000000ac   Code   RO         3693    i.get_accel_prod_shift  inv_mpu.o
    0x08003de4   0x0000008c   Code   RO         3391    i.get_data_analyze  dma.o
    0x08003e70   0x00000118   Code   RO         3392    i.get_odom          dma.o
    0x08003f88   0x00000118   Code   RO         3393    i.get_puls_analyze  dma.o
    0x080040a0   0x000003d8   Code   RO         3694    i.get_st_biases     inv_mpu.o
    0x08004478   0x000000dc   Code   RO         3695    i.gyro_self_test    inv_mpu.o
    0x08004554   0x00000024   Code   RO         3696    i.inv_orientation_matrix_to_scalar  inv_mpu.o
    0x08004578   0x00000048   Code   RO         3697    i.inv_row_2_scale   inv_mpu.o
    0x080045c0   0x000000e4   Code   RO            1    i.main              main.o
    0x080046a4   0x00000002   Code   RO         3698    i.mget_ms           inv_mpu.o
    0x080046a6   0x00000002   PAD
    0x080046a8   0x00000060   Code   RO         3699    i.mpu_configure_fifo  inv_mpu.o
    0x08004708   0x0000017c   Code   RO         3700    i.mpu_dmp_get_data  inv_mpu.o
    0x08004884   0x00000098   Code   RO         3701    i.mpu_dmp_init      inv_mpu.o
    0x0800491c   0x00000044   Code   RO         3702    i.mpu_get_accel_fsr  inv_mpu.o
    0x08004960   0x0000004c   Code   RO         3704    i.mpu_get_accel_sens  inv_mpu.o
    0x080049ac   0x00000010   Code   RO         3709    i.mpu_get_fifo_config  inv_mpu.o
    0x080049bc   0x00000040   Code   RO         3710    i.mpu_get_gyro_fsr  inv_mpu.o
    0x080049fc   0x00000048   Code   RO         3712    i.mpu_get_gyro_sens  inv_mpu.o
    0x08004a44   0x00000044   Code   RO         3714    i.mpu_get_lpf       inv_mpu.o
    0x08004a88   0x0000001c   Code   RO         3716    i.mpu_get_sample_rate  inv_mpu.o
    0x08004aa4   0x000001ac   Code   RO         3718    i.mpu_init          inv_mpu.o
    0x08004c50   0x000000b4   Code   RO         3719    i.mpu_load_firmware  inv_mpu.o
    0x08004d04   0x000000d0   Code   RO         3720    i.mpu_lp_accel_mode  inv_mpu.o
    0x08004dd4   0x000000ac   Code   RO         3723    i.mpu_read_fifo_stream  inv_mpu.o
    0x08004e80   0x00000070   Code   RO         3724    i.mpu_read_mem      inv_mpu.o
    0x08004ef0   0x0000016c   Code   RO         3727    i.mpu_reset_fifo    inv_mpu.o
    0x0800505c   0x000000f8   Code   RO         3728    i.mpu_run_self_test  inv_mpu.o
    0x08005154   0x00000074   Code   RO         3730    i.mpu_set_accel_fsr  inv_mpu.o
    0x080051c8   0x00000118   Code   RO         3731    i.mpu_set_bypass    inv_mpu.o
    0x080052e0   0x0000007c   Code   RO         3733    i.mpu_set_dmp_state  inv_mpu.o
    0x0800535c   0x00000078   Code   RO         3734    i.mpu_set_gyro_fsr  inv_mpu.o
    0x080053d4   0x00000060   Code   RO         3735    i.mpu_set_int_latched  inv_mpu.o
    0x08005434   0x0000007c   Code   RO         3737    i.mpu_set_lpf       inv_mpu.o
    0x080054b0   0x00000084   Code   RO         3738    i.mpu_set_sample_rate  inv_mpu.o
    0x08005534   0x000000b0   Code   RO         3739    i.mpu_set_sensors   inv_mpu.o
    0x080055e4   0x00000070   Code   RO         3740    i.mpu_write_mem     inv_mpu.o
    0x08005654   0x00000008   Code   RO         3527    i.myabs             motor.o
    0x0800565c   0x00000080   Code   RO         3741    i.run_self_test     inv_mpu.o
    0x080056dc   0x00000074   Code   RO         3742    i.set_int_enable    inv_mpu.o
    0x08005750   0x000000a0   Code   RO         4354    i.sin               m_ws.l(sin.o)
    0x080057f0   0x0000004c   Code   RO         4434    i.sqrt              m_ws.l(sqrt.o)
    0x0800583c   0x000000ac   Code   RO          329    i.uart_init         usart.o
    0x080058e8   0x00000062   Code   RO         4271    x$fpl$d2f           fz_ws.l(d2f.o)
    0x0800594a   0x00000002   PAD
    0x0800594c   0x00000150   Code   RO         4273    x$fpl$dadd          fz_ws.l(daddsub_clz.o)
    0x08005a9c   0x00000010   Code   RO         4471    x$fpl$dcheck1       fz_ws.l(dcheck1.o)
    0x08005aac   0x000002b0   Code   RO         4280    x$fpl$ddiv          fz_ws.l(ddiv.o)
    0x08005d5c   0x0000005e   Code   RO         4473    x$fpl$dfix          fz_ws.l(dfix.o)
    0x08005dba   0x0000002e   Code   RO         4284    x$fpl$dflt          fz_ws.l(dflt_clz.o)
    0x08005de8   0x00000026   Code   RO         4283    x$fpl$dfltu         fz_ws.l(dflt_clz.o)
    0x08005e0e   0x00000002   PAD
    0x08005e10   0x00000154   Code   RO         4289    x$fpl$dmul          fz_ws.l(dmul.o)
    0x08005f64   0x0000009c   Code   RO         4375    x$fpl$dnaninf       fz_ws.l(dnaninf.o)
    0x08006000   0x0000000c   Code   RO         4377    x$fpl$dretinf       fz_ws.l(dretinf.o)
    0x0800600c   0x00000016   Code   RO         4274    x$fpl$drsb          fz_ws.l(daddsub_clz.o)
    0x08006022   0x00000002   PAD
    0x08006024   0x000001cc   Code   RO         4479    x$fpl$dsqrt         fz_ws.l(dsqrt_noumaal.o)
    0x080061f0   0x000001d4   Code   RO         4275    x$fpl$dsub          fz_ws.l(daddsub_clz.o)
    0x080063c4   0x00000056   Code   RO         4291    x$fpl$f2d           fz_ws.l(f2d.o)
    0x0800641a   0x00000002   PAD
    0x0800641c   0x000000c4   Code   RO         4293    x$fpl$fadd          fz_ws.l(faddsub_clz.o)
    0x080064e0   0x0000000c   Code   RO         4379    x$fpl$fcheck1       fz_ws.l(fcheck1.o)
    0x080064ec   0x00000018   Code   RO         4381    x$fpl$fcmpinf       fz_ws.l(fcmpi.o)
    0x08006504   0x00000184   Code   RO         4300    x$fpl$fdiv          fz_ws.l(fdiv.o)
    0x08006688   0x00000068   Code   RO         4303    x$fpl$feqf          fz_ws.l(feqf.o)
    0x080066f0   0x00000036   Code   RO         4305    x$fpl$ffix          fz_ws.l(ffix.o)
    0x08006726   0x00000002   PAD
    0x08006728   0x0000003e   Code   RO         4309    x$fpl$ffixu         fz_ws.l(ffixu.o)
    0x08006766   0x00000002   PAD
    0x08006768   0x00000030   Code   RO         4314    x$fpl$fflt          fz_ws.l(fflt_clz.o)
    0x08006798   0x00000026   Code   RO         4313    x$fpl$ffltu         fz_ws.l(fflt_clz.o)
    0x080067be   0x00000002   PAD
    0x080067c0   0x00000068   Code   RO         4319    x$fpl$fleqf         fz_ws.l(fleqf.o)
    0x08006828   0x00000102   Code   RO         4321    x$fpl$fmul          fz_ws.l(fmul.o)
    0x0800692a   0x0000008c   Code   RO         4383    x$fpl$fnaninf       fz_ws.l(fnaninf.o)
    0x080069b6   0x0000000a   Code   RO         4385    x$fpl$fretinf       fz_ws.l(fretinf.o)
    0x080069c0   0x00000062   Code   RO         4323    x$fpl$frleqf        fz_ws.l(frleqf.o)
    0x08006a22   0x00000002   PAD
    0x08006a24   0x000000ea   Code   RO         4295    x$fpl$fsub          fz_ws.l(faddsub_clz.o)
    0x08006b0e   0x00000064   Code   RO         4481    x$fpl$retnan        fz_ws.l(retnan.o)
    0x08006b72   0x0000005c   Code   RO         4387    x$fpl$scalbn        fz_ws.l(scalbn.o)
    0x08006bce   0x0000004c   Code   RO         4325    x$fpl$scalbnf       fz_ws.l(scalbnf.o)
    0x08006c1a   0x00000030   Code   RO         4502    x$fpl$trapveneer    fz_ws.l(trapv.o)
    0x08006c4a   0x00000000   Code   RO         4389    x$fpl$usenofp       fz_ws.l(usenofp.o)
    0x08006c4a   0x0000001b   Data   RO         3744    .constdata          inv_mpu.o
    0x08006c65   0x00000001   PAD
    0x08006c66   0x0000000c   Data   RO         3745    .constdata          inv_mpu.o
    0x08006c72   0x00000002   PAD
    0x08006c74   0x00000028   Data   RO         3746    .constdata          inv_mpu.o
    0x08006c9c   0x00000bf6   Data   RO         4048    .constdata          inv_mpu_dmp_motion_driver.o
    0x08007892   0x00000011   Data   RO         4251    .constdata          c_w.l(__printf_flags_wp.o)
    0x080078a3   0x00000005   PAD
    0x080078a8   0x00000050   Data   RO         4329    .constdata          m_ws.l(asin.o)
    0x080078f8   0x00000098   Data   RO         4392    .constdata          m_ws.l(atan.o)
    0x08007990   0x00000030   Data   RO         4401    .constdata          m_ws.l(cos_i.o)
    0x080079c0   0x00000008   Data   RO         4421    .constdata          m_ws.l(qnan.o)
    0x080079c8   0x000000c8   Data   RO         4424    .constdata          m_ws.l(rred.o)
    0x08007a90   0x00000028   Data   RO         4428    .constdata          m_ws.l(sin_i.o)
    0x08007ab8   0x0000004d   Data   RO         3747    .conststring        inv_mpu.o
    0x08007b05   0x00000003   PAD
    0x08007b08   0x00000020   Data   RO         4627    Region$$Table       anon$$obj.o


    Execution Region ER_RW (Base: 0x20000000, Size: 0x000000a4, Max: 0xffffffff, ABSOLUTE)

    Base Addr    Size         Type   Attr      Idx    E Section Name        Object

    0x20000000   0x00000014   Data   RW          241    .data               system_stm32f10x.o
    0x20000014   0x00000004   Data   RW          274    .data               delay.o
    0x20000018   0x00000004   Data   RW          332    .data               usart.o
    0x2000001c   0x00000014   Data   RW         1982    .data               stm32f10x_rcc.o
    0x20000030   0x00000018   Data   RW         3395    .data               dma.o
    0x20000048   0x00000002   Data   RW         3398    .data               dma.o
    0x2000004a   0x00000002   Data   RW         3399    .data               dma.o
    0x2000004c   0x00000004   Data   RW         3400    .data               dma.o
    0x20000050   0x00000004   Data   RW         3401    .data               dma.o
    0x20000054   0x00000004   Data   RW         3471    .data               encoder.o
    0x20000058   0x00000004   Data   RW         3472    .data               encoder.o
    0x2000005c   0x00000004   Data   RW         3473    .data               encoder.o
    0x20000060   0x00000004   Data   RW         3474    .data               encoder.o
    0x20000064   0x00000004   Data   RW         3475    .data               encoder.o
    0x20000068   0x00000004   Data   RW         3476    .data               encoder.o
    0x2000006c   0x00000035   Data   RW         3748    .data               inv_mpu.o


    Execution Region ER_ZI (Base: 0x200000a4, Size: 0x00000764, Max: 0xffffffff, ABSOLUTE)

    Base Addr    Size         Type   Attr      Idx    E Section Name        Object

    0x200000a4   0x000000a0   Zero   RW         3394    .bss                dma.o
    0x20000144   0x00000028   Zero   RW         3469    .bss                encoder.o
    0x2000016c   0x00000028   Zero   RW         3470    .bss                encoder.o
    0x20000194   0x00000010   Zero   RW         4047    .bss                inv_mpu_dmp_motion_driver.o
    0x200001a4   0x00000060   Zero   RW         4484    .bss                c_w.l(libspace.o)
    0x20000204   0x00000004   PAD
    0x20000208   0x00000200   Zero   RW          379    HEAP                startup_stm32f10x_hd.o
    0x20000408   0x00000400   Zero   RW          378    STACK               startup_stm32f10x_hd.o


==============================================================================

Image component sizes


      Code (inc. data)   RO Data    RW Data    ZI Data      Debug   Object Name

       164         26          0          4          0       1659   delay.o
      1460        120          0         36        160       7663   dma.o
       604         58          0         24         80       5579   encoder.o
      5874        286        156         53          0      32560   inv_mpu.o
      2714        118       3062          0         16      20642   inv_mpu_dmp_motion_driver.o
        52          4          0          0          0        479   led.o
       228         42          0          0          0     264220   main.o
       148         14          0          0          0       2073   misc.o
       384         20          0          0          0       2332   motor.o
       628         12          0          0          0       5979   mpu6050.o
       546         66          0          0          0       4758   mpuiic.o
        64         26        304          0       1536        792   startup_stm32f10x_hd.o
       416         28          0          0          0       5916   stm32f10x_dma.o
       266          6          0          0          0       3878   stm32f10x_gpio.o
        18          0          0          0          0       3570   stm32f10x_it.o
       312         48          0         20          0       6296   stm32f10x_rcc.o
      2152        260          0          0          0      20541   stm32f10x_tim.o
       358          6          0          0          0       5805   stm32f10x_usart.o
         0          0          0          0          0         32   sys.o
       260         26          0         20          0       1989   system_stm32f10x.o
       324         42          0          0          0       1253   timer.o
       262         22          0          4          0       3964   usart.o

    ----------------------------------------------------------------------
     17266       1230       3560        164       1792     401980   Object Totals
         0          0         32          0          0          0   (incl. Generated)
        32          0          6          3          0          0   (incl. Padding)

    ----------------------------------------------------------------------

      Code (inc. data)   RO Data    RW Data    ZI Data      Debug   Library Member Name

         8          0          0          0          0         68   __main.o
       312          4         17          0          0         92   __printf_flags_wp.o
        14          0          0          0          0         68   __printf_wp.o
         0          0          0          0          0          0   __rtentry.o
        12          0          0          0          0          0   __rtentry2.o
         6          0          0          0          0          0   __rtentry4.o
        52          8          0          0          0          0   __scatter.o
        26          0          0          0          0          0   __scatter_copy.o
        28          0          0          0          0          0   __scatter_zi.o
        48          6          0          0          0         96   _printf_char_common.o
        36          4          0          0          0         80   _printf_char_file.o
         6          0          0          0          0          0   _printf_d.o
       120         16          0          0          0         92   _printf_dec.o
       178          0          0          0          0         88   _printf_intcommon.o
         0          0          0          0          0          0   _printf_percent.o
         4          0          0          0          0          0   _printf_percent_end.o
        22          0          0          0          0        100   _rserrno.o
        16          0          0          0          0         68   aeabi_memset.o
        12          0          0          0          0         72   exit.o
         8          0          0          0          0         68   ferror.o
         6          0          0          0          0        152   heapauxi.o
         2          0          0          0          0          0   libinit.o
         2          0          0          0          0          0   libinit2.o
         2          0          0          0          0          0   libshutdown.o
         2          0          0          0          0          0   libshutdown2.o
         8          4          0          0         96         68   libspace.o
        72          0          0          0          0         76   llsdiv.o
       238          0          0          0          0        100   lludivv7m.o
        88          0          0          0          0         76   memcmp.o
        24          4          0          0          0         84   noretval__2printf.o
         8          4          0          0          0         68   rt_errno_addr_intlibspace.o
        68          0          0          0          0         68   rt_memclr.o
        78          0          0          0          0         80   rt_memclr_w.o
         2          0          0          0          0          0   rtexit.o
        10          0          0          0          0          0   rtexit2.o
        74          0          0          0          0         80   sys_stackheap_outer.o
         2          0          0          0          0         68   use_no_semi.o
         2          0          0          0          0         68   use_no_semi_2.o
        98          4          0          0          0         92   d2f.o
       826         16          0          0          0        348   daddsub_clz.o
        16          4          0          0          0         68   dcheck1.o
       688        140          0          0          0        208   ddiv.o
        94          4          0          0          0         92   dfix.o
        84          0          0          0          0        136   dflt_clz.o
       340         12          0          0          0        104   dmul.o
       156          4          0          0          0         92   dnaninf.o
        12          0          0          0          0         68   dretinf.o
       460         56          0          0          0        120   dsqrt_noumaal.o
        86          4          0          0          0         84   f2d.o
       430          8          0          0          0        168   faddsub_clz.o
        12          4          0          0          0         68   fcheck1.o
        24          0          0          0          0         68   fcmpi.o
       388         76          0          0          0         96   fdiv.o
       104          4          0          0          0         84   feqf.o
        54          4          0          0          0         84   ffix.o
        62          4          0          0          0         84   ffixu.o
        86          0          0          0          0        136   fflt_clz.o
       104          4          0          0          0         84   fleqf.o
       258          4          0          0          0         84   fmul.o
       140          4          0          0          0         84   fnaninf.o
        10          0          0          0          0         68   fretinf.o
        98          0          0          0          0         68   frleqf.o
       100          0          0          0          0         68   retnan.o
        92          0          0          0          0         68   scalbn.o
        76          0          0          0          0         68   scalbnf.o
        48          0          0          0          0         68   trapv.o
         0          0          0          0          0          0   usenofp.o
       624         52         80          0          0        168   asin.o
       544         70        152          0          0        124   atan.o
       384         38          0          0          0        144   atan2.o
       156          8          0          0          0        104   cos.o
       252         22         48          0          0        124   cos_i.o
        38          6          0          0          0        272   dunder.o
        40          0          0          0          0         68   fpclassify.o
       170          0          0          0          0         96   poly.o
         0          0          8          0          0          0   qnan.o
       904         76        200          0          0        140   rred.o
       160         10          0          0          0        108   sin.o
       236         12         40          0          0        128   sin_i.o
        76          0          0          0          0         84   sqrt.o

    ----------------------------------------------------------------------
     10152        700        550          0        100       6300   Library Totals
        26          0          5          0          4          0   (incl. Padding)

    ----------------------------------------------------------------------

      Code (inc. data)   RO Data    RW Data    ZI Data      Debug   Library Name

      1596         50         17          0         96       1880   c_w.l
      4946        356          0          0          0       2860   fz_ws.l
      3584        294        528          0          0       1560   m_ws.l

    ----------------------------------------------------------------------
     10152        700        550          0        100       6300   Library Totals

    ----------------------------------------------------------------------

==============================================================================


      Code (inc. data)   RO Data    RW Data    ZI Data      Debug   

     27418       1930       4110        164       1892     396212   Grand Totals
     27418       1930       4110        164       1892     396212   ELF Image Totals
     27418       1930       4110        164          0          0   ROM Totals

==============================================================================

    Total RO  Size (Code + RO Data)                31528 (  30.79kB)
    Total RW  Size (RW Data + ZI Data)              2056 (   2.01kB)
    Total ROM Size (Code + RO Data + RW Data)      31692 (  30.95kB)

==============================================================================

