Component: ARM Compiler 5.05 update 1 (build 106) Tool: armlink [4d0efa]

==============================================================================

Section Cross References

    main.o(i.main) refers to delay.o(i.delay_init) for delay_init
    main.o(i.main) refers to led.o(i.LED_Init) for LED_Init
    main.o(i.main) refers to misc.o(i.NVIC_PriorityGroupConfig) for NVIC_PriorityGroupConfig
    main.o(i.main) refers to usart.o(i.uart_init) for uart_init
    main.o(i.main) refers to dma.o(i.DMA_USART1_Init) for DMA_USART1_Init
    main.o(i.main) refers to dma.o(i.DMA_USART1_NVIC_config) for DMA_USART1_NVIC_config
    main.o(i.main) refers to motor.o(i.MOTOR_PWM_Init) for MOTOR_PWM_Init
    main.o(i.main) refers to motor.o(i.Motor_Init) for Motor_Init
    main.o(i.main) refers to mpu6050.o(i.MPU_Init) for MPU_Init
    main.o(i.main) refers to delay.o(i.delay_ms) for delay_ms
    main.o(i.main) refers to inv_mpu.o(i.mpu_dmp_init) for mpu_dmp_init
    main.o(i.main) refers to encoder.o(i.PID_Init) for PID_Init
    main.o(i.main) refers to encoder.o(i.Encoder_Init_TIM2) for Encoder_Init_TIM2
    main.o(i.main) refers to encoder.o(i.Encoder_Init_TIM4) for Encoder_Init_TIM4
    main.o(i.main) refers to timer.o(i.TIM1_Int_Init) for TIM1_Int_Init
    main.o(i.main) refers to inv_mpu.o(i.mpu_dmp_get_data) for mpu_dmp_get_data
    main.o(i.main) refers to dma.o(.bss) for USART1RXBuff
    main.o(i.main) refers to encoder.o(.data) for sPID_Left
    main.o(i.main) refers to dma.o(.data) for yaw
    system_stm32f10x.o(i.SetSysClock) refers to system_stm32f10x.o(i.SetSysClockTo72) for SetSysClockTo72
    system_stm32f10x.o(i.SystemCoreClockUpdate) refers to system_stm32f10x.o(.data) for SystemCoreClock
    system_stm32f10x.o(i.SystemInit) refers to system_stm32f10x.o(i.SetSysClock) for SetSysClock
    delay.o(i.delay_init) refers to misc.o(i.SysTick_CLKSourceConfig) for SysTick_CLKSourceConfig
    delay.o(i.delay_init) refers to system_stm32f10x.o(.data) for SystemCoreClock
    delay.o(i.delay_init) refers to delay.o(.data) for fac_us
    delay.o(i.delay_ms) refers to delay.o(.data) for fac_ms
    delay.o(i.delay_us) refers to delay.o(.data) for fac_us
    usart.o(i.USART1_IRQHandler) refers (Special) to use_no_semi_2.o(.text) for __use_no_semihosting
    usart.o(i.USART1_IRQHandler) refers to stm32f10x_usart.o(i.USART_GetITStatus) for USART_GetITStatus
    usart.o(i.USART1_IRQHandler) refers to stm32f10x_usart.o(i.USART_ReceiveData) for USART_ReceiveData
    usart.o(i.USART1_IRQHandler) refers to stm32f10x_usart.o(i.USART_DMACmd) for USART_DMACmd
    usart.o(i.USART1_IRQHandler) refers to stm32f10x_usart.o(i.USART_ITConfig) for USART_ITConfig
    usart.o(i._sys_exit) refers (Special) to use_no_semi_2.o(.text) for __use_no_semihosting
    usart.o(i.fputc) refers (Special) to use_no_semi_2.o(.text) for __use_no_semihosting
    usart.o(i.uart_init) refers (Special) to use_no_semi_2.o(.text) for __use_no_semihosting
    usart.o(i.uart_init) refers to stm32f10x_rcc.o(i.RCC_APB2PeriphClockCmd) for RCC_APB2PeriphClockCmd
    usart.o(i.uart_init) refers to stm32f10x_gpio.o(i.GPIO_Init) for GPIO_Init
    usart.o(i.uart_init) refers to misc.o(i.NVIC_Init) for NVIC_Init
    usart.o(i.uart_init) refers to stm32f10x_usart.o(i.USART_Init) for USART_Init
    usart.o(i.uart_init) refers to stm32f10x_usart.o(i.USART_ITConfig) for USART_ITConfig
    usart.o(i.uart_init) refers to stm32f10x_usart.o(i.USART_DMACmd) for USART_DMACmd
    usart.o(i.uart_init) refers to stm32f10x_usart.o(i.USART_Cmd) for USART_Cmd
    usart.o(.bss) refers (Special) to use_no_semi_2.o(.text) for __use_no_semihosting
    usart.o(.data) refers (Special) to use_no_semi_2.o(.text) for __use_no_semihosting
    startup_stm32f10x_hd.o(STACK) refers (Special) to heapauxi.o(.text) for __use_two_region_memory
    startup_stm32f10x_hd.o(HEAP) refers (Special) to heapauxi.o(.text) for __use_two_region_memory
    startup_stm32f10x_hd.o(RESET) refers (Special) to heapauxi.o(.text) for __use_two_region_memory
    startup_stm32f10x_hd.o(RESET) refers to startup_stm32f10x_hd.o(STACK) for __initial_sp
    startup_stm32f10x_hd.o(RESET) refers to startup_stm32f10x_hd.o(.text) for Reset_Handler
    startup_stm32f10x_hd.o(RESET) refers to stm32f10x_it.o(i.NMI_Handler) for NMI_Handler
    startup_stm32f10x_hd.o(RESET) refers to stm32f10x_it.o(i.HardFault_Handler) for HardFault_Handler
    startup_stm32f10x_hd.o(RESET) refers to stm32f10x_it.o(i.MemManage_Handler) for MemManage_Handler
    startup_stm32f10x_hd.o(RESET) refers to stm32f10x_it.o(i.BusFault_Handler) for BusFault_Handler
    startup_stm32f10x_hd.o(RESET) refers to stm32f10x_it.o(i.UsageFault_Handler) for UsageFault_Handler
    startup_stm32f10x_hd.o(RESET) refers to stm32f10x_it.o(i.SVC_Handler) for SVC_Handler
    startup_stm32f10x_hd.o(RESET) refers to stm32f10x_it.o(i.DebugMon_Handler) for DebugMon_Handler
    startup_stm32f10x_hd.o(RESET) refers to stm32f10x_it.o(i.PendSV_Handler) for PendSV_Handler
[...]
    ddiv_entry                               0x080062b7   Thumb Code     0  ddiv.o(x$fpl$ddiv)
    x$fpl$dfix                               0x08006560   Section       94  dfix.o(x$fpl$dfix)
    x$fpl$dflt                               0x080065be   Section       46  dflt_clz.o(x$fpl$dflt)
    x$fpl$dfltu                              0x080065ec   Section       38  dflt_clz.o(x$fpl$dfltu)
    x$fpl$dmul                               0x08006614   Section      340  dmul.o(x$fpl$dmul)
    x$fpl$dnaninf                            0x08006768   Section      156  dnaninf.o(x$fpl$dnaninf)
    x$fpl$dretinf                            0x08006804   Section       12  dretinf.o(x$fpl$dretinf)
    x$fpl$drsb                               0x08006810   Section       22  daddsub_clz.o(x$fpl$drsb)
    x$fpl$dsqrt                              0x08006828   Section      460  dsqrt_noumaal.o(x$fpl$dsqrt)
    x$fpl$dsub                               0x080069f4   Section      468  daddsub_clz.o(x$fpl$dsub)
    _dsub1                                   0x08006a05   Thumb Code     0  daddsub_clz.o(x$fpl$dsub)
    x$fpl$f2d                                0x08006bc8   Section       86  f2d.o(x$fpl$f2d)
    x$fpl$fadd                               0x08006c20   Section      196  faddsub_clz.o(x$fpl$fadd)
    _fadd1                                   0x08006c2f   Thumb Code     0  faddsub_clz.o(x$fpl$fadd)
    x$fpl$fcmpinf                            0x08006ce4   Section       24  fcmpi.o(x$fpl$fcmpinf)
    x$fpl$fdiv                               0x08006cfc   Section      388  fdiv.o(x$fpl$fdiv)
    _fdiv1                                   0x08006cfd   Thumb Code     0  fdiv.o(x$fpl$fdiv)
    x$fpl$feqf                               0x08006e80   Section      104  feqf.o(x$fpl$feqf)
    x$fpl$ffix                               0x08006ee8   Section       54  ffix.o(x$fpl$ffix)
    x$fpl$ffixu                              0x08006f20   Section       62  ffixu.o(x$fpl$ffixu)
    x$fpl$fflt                               0x08006f60   Section       48  fflt_clz.o(x$fpl$fflt)
    x$fpl$ffltu                              0x08006f90   Section       38  fflt_clz.o(x$fpl$ffltu)
    x$fpl$fleqf                              0x08006fb8   Section      104  fleqf.o(x$fpl$fleqf)
    x$fpl$fmul                               0x08007020   Section      258  fmul.o(x$fpl$fmul)
    x$fpl$fnaninf                            0x08007122   Section      140  fnaninf.o(x$fpl$fnaninf)
    x$fpl$fretinf                            0x080071ae   Section       10  fretinf.o(x$fpl$fretinf)
    x$fpl$frleqf                             0x080071b8   Section       98  frleqf.o(x$fpl$frleqf)
    x$fpl$fsub                               0x0800721c   Section      234  faddsub_clz.o(x$fpl$fsub)
    _fsub1                                   0x0800722b   Thumb Code     0  faddsub_clz.o(x$fpl$fsub)
    x$fpl$retnan                             0x08007306   Section      100  retnan.o(x$fpl$retnan)
    x$fpl$scalbn                             0x0800736a   Section       92  scalbn.o(x$fpl$scalbn)
    x$fpl$trapveneer                         0x080073c6   Section       48  trapv.o(x$fpl$trapveneer)
    x$fpl$usenofp                            0x080073f6   Section        0  usenofp.o(x$fpl$usenofp)
    .constdata                               0x080073f8   Section       80  inv_mpu.o(.constdata)
    .constdata                               0x08007448   Section     3062  inv_mpu_dmp_motion_driver.o(.constdata)
    dmp_memory                               0x08007448   Data        3062  inv_mpu_dmp_motion_driver.o(.constdata)
    .constdata                               0x0800803e   Section       17  __printf_flags_wp.o(.constdata)
    maptable                                 0x0800803e   Data          17  __printf_flags_wp.o(.constdata)
    .constdata                               0x08008050   Section       80  asin.o(.constdata)
    pS                                       0x08008050   Data          48  asin.o(.constdata)
    qS                                       0x08008080   Data          32  asin.o(.constdata)
    .constdata                               0x080080a0   Section      152  atan.o(.constdata)
    atanhi                                   0x080080a0   Data          32  atan.o(.constdata)
    atanlo                                   0x080080c0   Data          32  atan.o(.constdata)
    aTodd                                    0x080080e0   Data          40  atan.o(.constdata)
    aTeven                                   0x08008108   Data          48  atan.o(.constdata)
    .constdata                               0x08008138   Section       48  cos_i.o(.constdata)
    C                                        0x08008138   Data          48  cos_i.o(.constdata)
    .constdata                               0x08008168   Section        8  qnan.o(.constdata)
    .constdata                               0x08008170   Section      200  rred.o(.constdata)
    pio2s                                    0x08008170   Data          48  rred.o(.constdata)
    twooverpi                                0x080081a0   Data         152  rred.o(.constdata)
    .constdata                               0x08008238   Section       40  sin_i.o(.constdata)
    S                                        0x08008238   Data          40  sin_i.o(.constdata)
    .conststring                             0x08008260   Section       77  inv_mpu.o(.conststring)
    .data                                    0x20000000   Section       20  system_stm32f10x.o(.data)
    .data                                    0x20000014   Section        4  delay.o(.data)
    fac_us                                   0x20000014   Data           1  delay.o(.data)
    fac_ms                                   0x20000016   Data           2  delay.o(.data)
    .data                                    0x20000018   Section        6  usart.o(.data)
    .data                                    0x2000001e   Section       20  stm32f10x_rcc.o(.data)
    APBAHBPrescTable                         0x2000001e   Data          16  stm32f10x_rcc.o(.data)
    ADCPrescTable                            0x2000002e   Data           4  stm32f10x_rcc.o(.data)
    .data                                    0x20000034   Section       44  dma.o(.data)
    .data                                    0x20000060   Section       24  encoder.o(.data)
    .data                                    0x20000078   Section       53  inv_mpu.o(.data)
    st                                       0x20000078   Data          44  inv_mpu.o(.data)
    gyro_orientation                         0x200000a4   Data           9  inv_mpu.o(.data)
    .bss                                     0x200000b0   Section      160  dma.o(.bss)
    .bss                                     0x20000150   Section       80  encoder.o(.bss)
    .bss                                     0x200001a0   Section       16  inv_mpu_dmp_motion_driver.o(.bss)
    dmp                                      0x200001a0   Data          16  inv_mpu_dmp_motion_driver.o(.bss)
    .bss                                     0x200001b0   Section       96  libspace.o(.bss)
    HEAP                                     0x20000210   Section      512  startup_stm32f10x_hd.o(HEAP)
    Heap_Mem                                 0x20000210   Data         512  startup_stm32f10x_hd.o(HEAP)
    STACK                                    0x20000410   Section     1024  startup_stm32f10x_hd.o(STACK)
    Stack_Mem                                0x20000410   Data        1024  startup_stm32f10x_hd.o(STACK)
    __initial_sp                             0x20000810   Data           0  startup_stm32f10x_hd.o(STACK)

    Global Symbols

    Symbol Name                              Value     Ov Type        Size  Object(Section)

    BuildAttributes$$THM_ISAv4$P$D$K$B$S$PE$A:L22UL41UL21$X:L11$S22US41US21$IEEE1$IW$USESV6$~STKCKD$USESV7$~SHL$OTIME$ROPI$IEEEX$EBA8$UX$STANDARDLIB$REQ8$PRES8$EABIv2 0x00000000   Number         0  anon$$obj.o ABSOLUTE
    __ARM_use_no_argv                        0x00000000   Number         0  main.o ABSOLUTE
    _printf_flags                            0x00000000   Number         0  printf_stubs.o ABSOLUTE
    _printf_return_value                     0x00000000   Number         0  printf_stubs.o ABSOLUTE
    _printf_sizespec                         0x00000000   Number         0  printf_stubs.o ABSOLUTE
    _printf_widthprec                        0x00000000   Number         0  printf_stubs.o ABSOLUTE
    __ARM_exceptions_init                     - Undefined Weak Reference
    __alloca_initialize                       - Undefined Weak Reference
    __arm_preinit_                            - Undefined Weak Reference
    __cpp_initialize__aeabi_                  - Undefined Weak Reference
    __cxa_finalize                            - Undefined Weak Reference
    __rt_locale                               - Undefined Weak Reference
    __sigvec_lookup                           - Undefined Weak Reference
    _atexit_init                              - Undefined Weak Reference
    _call_atexit_fns                          - Undefined Weak Reference
    _clock_init                               - Undefined Weak Reference
    _fp_trap_init                             - Undefined Weak Reference
    _fp_trap_shutdown                         - Undefined Weak Reference
    _get_lc_collate                           - Undefined Weak Reference
    _get_lc_ctype                             - Undefined Weak Reference
    _get_lc_monetary                          - Undefined Weak Reference
    _get_lc_numeric                           - Undefined Weak Reference
    _get_lc_time                              - Undefined Weak Reference
    _getenv_init                              - Undefined Weak Reference
    _handle_redirection                       - Undefined Weak Reference
    _init_alloc                               - Undefined Weak Reference
    _init_user_alloc                          - Undefined Weak Reference
    _initio                                   - Undefined Weak Reference
    _mutex_acquire                            - Undefined Weak Reference
    _mutex_release                            - Undefined Weak Reference
    _printf_truncate_signed                   - Undefined Weak Reference
    _printf_truncate_unsigned                 - Undefined Weak Reference
    _rand_init                                - Undefined Weak Reference
    _signal_finish                            - Undefined Weak Reference
    _signal_init                              - Undefined Weak Reference
    _terminate_alloc                          - Undefined Weak Reference
    _terminate_user_alloc                     - Undefined Weak Reference
    _terminateio                              - Undefined Weak Reference
    __Vectors_Size                           0x00000130   Number         0  startup_stm32f10x_hd.o ABSOLUTE
    __Vectors                                0x08000000   Data           4  startup_stm32f10x_hd.o(RESET)
    __Vectors_End                            0x08000130   Data           0  startup_stm32f10x_hd.o(RESET)
    __main                                   0x08000131   Thumb Code     8  __main.o(!!!main)
    __scatterload                            0x08000139   Thumb Code     0  __scatter.o(!!!scatter)
    __scatterload_rt2                        0x08000139   Thumb Code    44  __scatter.o(!!!scatter)
    __scatterload_rt2_thumb_only             0x08000139   Thumb Code     0  __scatter.o(!!!scatter)
    __scatterload_null                       0x08000147   Thumb Code     0  __scatter.o(!!!scatter)
    __scatterload_copy                       0x0800016d   Thumb Code    26  __scatter_copy.o(!!handler_copy)
    __scatterload_zeroinit                   0x08000189   Thumb Code    28  __scatter_zi.o(!!handler_zi)
    _printf_d                                0x080001a5   Thumb Code     0  _printf_d.o(.ARM.Collect$$_printf_percent$$00000009)
    _printf_percent                          0x080001a5   Thumb Code     0  _printf_percent.o(.ARM.Collect$$_printf_percent$$00000000)
    _printf_percent_end                      0x080001ab   Thumb Code     0  _printf_percent_end.o(.ARM.Collect$$_printf_percent$$00000017)
    __rt_lib_init                            0x080001af   Thumb Code     0  libinit.o(.ARM.Collect$$libinit$$00000000)
    __rt_lib_init_alloca_1                   0x080001b1   Thumb Code     0  libinit2.o(.ARM.Collect$$libinit$$0000002E)
    __rt_lib_init_argv_1                     0x080001b1   Thumb Code     0  libinit2.o(.ARM.Collect$$libinit$$0000002C)
    __rt_lib_init_atexit_1                   0x080001b1   Thumb Code     0  libinit2.o(.ARM.Collect$$libinit$$0000001B)
    __rt_lib_init_clock_1                    0x080001b1   Thumb Code     0  libinit2.o(.ARM.Collect$$libinit$$00000021)
    __rt_lib_init_cpp_1                      0x080001b1   Thumb Code     0  libinit2.o(.ARM.Collect$$libinit$$00000032)
    __rt_lib_init_exceptions_1               0x080001b1   Thumb Code     0  libinit2.o(.ARM.Collect$$libinit$$00000030)
    __rt_lib_init_fp_1                       0x080001b1   Thumb Code     0  libinit2.o(.ARM.Collect$$libinit$$00000002)
    __rt_lib_init_fp_trap_1                  0x080001b1   Thumb Code     0  libinit2.o(.ARM.Collect$$libinit$$0000001F)
    __rt_lib_init_getenv_1                   0x080001b1   Thumb Code     0  libinit2.o(.ARM.Collect$$libinit$$00000023)
    __rt_lib_init_heap_1                     0x080001b1   Thumb Code     0  libinit2.o(.ARM.Collect$$libinit$$0000000A)
    __rt_lib_init_lc_collate_1               0x080001b1   Thumb Code     0  libinit2.o(.ARM.Collect$$libinit$$00000011)
    __rt_lib_init_lc_ctype_1                 0x080001b1   Thumb Code     0  libinit2.o(.ARM.Collect$$libinit$$00000013)
    __rt_lib_init_lc_monetary_1              0x080001b1   Thumb Code     0  libinit2.o(.ARM.Collect$$libinit$$00000015)
    __rt_lib_init_lc_numeric_1               0x080001b1   Thumb Code     0  libinit2.o(.ARM.Collect$$libinit$$00000017)
    __rt_lib_init_lc_time_1                  0x080001b1   Thumb Code     0  libinit2.o(.ARM.Collect$$libinit$$00000019)
    __rt_lib_init_preinit_1                  0x080001b1   Thumb Code     0  libinit2.o(.ARM.Collect$$libinit$$00000004)
    __rt_lib_init_rand_1                     0x080001b1   Thumb Code     0  libinit2.o(.ARM.Collect$$libinit$$0000000E)
    __rt_lib_init_return                     0x080001b1   Thumb Code     0  libinit2.o(.ARM.Collect$$libinit$$00000033)
    __rt_lib_init_signal_1                   0x080001b1   Thumb Code     0  libinit2.o(.ARM.Collect$$libinit$$0000001D)
    __rt_lib_init_stdio_1                    0x080001b1   Thumb Code     0  libinit2.o(.ARM.Collect$$libinit$$00000025)
    __rt_lib_init_user_alloc_1               0x080001b1   Thumb Code     0  libinit2.o(.ARM.Collect$$libinit$$0000000C)
    __rt_lib_shutdown                        0x080001b3   Thumb Code     0  libshutdown.o(.ARM.Collect$$libshutdown$$00000000)
    __rt_lib_shutdown_fp_trap_1              0x080001b5   Thumb Code     0  libshutdown2.o(.ARM.Collect$$libshutdown$$00000006)
    __rt_lib_shutdown_heap_1                 0x080001b5   Thumb Code     0  libshutdown2.o(.ARM.Collect$$libshutdown$$0000000E)
    __rt_lib_shutdown_return                 0x080001b5   Thumb Code     0  libshutdown2.o(.ARM.Collect$$libshutdown$$0000000F)
    __rt_lib_shutdown_signal_1               0x080001b5   Thumb Code     0  libshutdown2.o(.ARM.Collect$$libshutdown$$00000009)
    __rt_lib_shutdown_stdio_1                0x080001b5   Thumb Code     0  libshutdown2.o(.ARM.Collect$$libshutdown$$00000003)
    __rt_lib_shutdown_user_alloc_1           0x080001b5   Thumb Code     0  libshutdown2.o(.ARM.Collect$$libshutdown$$0000000B)
    __rt_entry                               0x080001b7   Thumb Code     0  __rtentry.o(.ARM.Collect$$rtentry$$00000000)
    __rt_entry_presh_1                       0x080001b7   Thumb Code     0  __rtentry2.o(.ARM.Collect$$rtentry$$00000002)
    __rt_entry_sh                            0x080001b7   Thumb Code     0  __rtentry4.o(.ARM.Collect$$rtentry$$00000004)
    __rt_entry_li                            0x080001bd   Thumb Code     0  __rtentry2.o(.ARM.Collect$$rtentry$$0000000A)
    __rt_entry_postsh_1                      0x080001bd   Thumb Code     0  __rtentry2.o(.ARM.Collect$$rtentry$$00000009)
    __rt_entry_main                          0x080001c1   Thumb Code     0  __rtentry2.o(.ARM.Collect$$rtentry$$0000000D)
    __rt_entry_postli_1                      0x080001c1   Thumb Code     0  __rtentry2.o(.ARM.Collect$$rtentry$$0000000C)
    __rt_exit                                0x080001c9   Thumb Code     0  rtexit.o(.ARM.Collect$$rtexit$$00000000)
    __rt_exit_ls                             0x080001cb   Thumb Code     0  rtexit2.o(.ARM.Collect$$rtexit$$00000003)
    __rt_exit_prels_1                        0x080001cb   Thumb Code     0  rtexit2.o(.ARM.Collect$$rtexit$$00000002)
    __rt_exit_exit                           0x080001cf   Thumb Code     0  rtexit2.o(.ARM.Collect$$rtexit$$00000004)
    Reset_Handler                            0x080001d5   Thumb Code     8  startup_stm32f10x_hd.o(.text)
    ADC1_2_IRQHandler                        0x080001ef   Thumb Code     0  startup_stm32f10x_hd.o(.text)
    ADC3_IRQHandler                          0x080001ef   Thumb Code     0  startup_stm32f10x_hd.o(.text)
    CAN1_RX1_IRQHandler                      0x080001ef   Thumb Code     0  startup_stm32f10x_hd.o(.text)
    CAN1_SCE_IRQHandler                      0x080001ef   Thumb Code     0  startup_stm32f10x_hd.o(.text)
    DMA1_Channel1_IRQHandler                 0x080001ef   Thumb Code     0  startup_stm32f10x_hd.o(.text)
    DMA1_Channel2_IRQHandler                 0x080001ef   Thumb Code     0  startup_stm32f10x_hd.o(.text)
    DMA1_Channel3_IRQHandler                 0x080001ef   Thumb Code     0  startup_stm32f10x_hd.o(.text)
    DMA1_Channel6_IRQHandler                 0x080001ef   Thumb Code     0  startup_stm32f10x_hd.o(.text)
    DMA1_Channel7_IRQHandler                 0x080001ef   Thumb Code     0  startup_stm32f10x_hd.o(.text)
    DMA2_Channel1_IRQHandler                 0x080001ef   Thumb Code     0  startup_stm32f10x_hd.o(.text)
    DMA2_Channel2_IRQHandler                 0x080001ef   Thumb Code     0  startup_stm32f10x_hd.o(.text)
    DMA2_Channel3_IRQHandler                 0x080001ef   Thumb Code     0  startup_stm32f10x_hd.o(.text)
    DMA2_Channel4_5_IRQHandler               0x080001ef   Thumb Code     0  startup_stm32f10x_hd.o(.text)
    EXTI0_IRQHandler                         0x080001ef   Thumb Code     0  startup_stm32f10x_hd.o(.text)
    EXTI15_10_IRQHandler                     0x080001ef   Thumb Code     0  startup_stm32f10x_hd.o(.text)
    EXTI1_IRQHandler                         0x080001ef   Thumb Code     0  startup_stm32f10x_hd.o(.text)
    EXTI2_IRQHandler                         0x080001ef   Thumb Code     0  startup_stm32f10x_hd.o(.text)
    EXTI3_IRQHandler                         0x080001ef   Thumb Code     0  startup_stm32f10x_hd.o(.text)
    EXTI4_IRQHandler                         0x080001ef   Thumb Code     0  startup_stm32f10x_hd.o(.text)
    EXTI9_5_IRQHandler                       0x080001ef   Thumb Code     0  startup_stm32f10x_hd.o(.text)
    FLASH_IRQHandler                         0x080001ef   Thumb Code     0  startup_stm32f10x_hd.o(.text)
    FSMC_IRQHandler                          0x080001ef   Thumb Code     0  startup_stm32f10x_hd.o(.text)
    I2C1_ER_IRQHandler                       0x080001ef   Thumb Code     0  startup_stm32f10x_hd.o(.text)
    I2C1_EV_IRQHandler                       0x080001ef   Thumb Code     0  startup_stm32f10x_hd.o(.text)
    I2C2_ER_IRQHandler                       0x080001ef   Thumb Code     0  startup_stm32f10x_hd.o(.text)
    I2C2_EV_IRQHandler                       0x080001ef   Thumb Code     0  startup_stm32f10x_hd.o(.text)
    PVD_IRQHandler                           0x080001ef   Thumb Code     0  startup_stm32f10x_hd.o(.text)
    RCC_IRQHandler                           0x080001ef   Thumb Code     0  startup_stm32f10x_hd.o(.text)
    RTCAlarm_IRQHandler                      0x080001ef   Thumb Code     0  startup_stm32f10x_hd.o(.text)
    RTC_IRQHandler                           0x080001ef   Thumb Code     0  startup_stm32f10x_hd.o(.text)
    SDIO_IRQHandler                          0x080001ef   Thumb Code     0  startup_stm32f10x_hd.o(.text)
    SPI1_IRQHandler                          0x080001ef   Thumb Code     0  startup_stm32f10x_hd.o(.text)
    SPI2_IRQHandler                          0x080001ef   Thumb Code     0  startup_stm32f10x_hd.o(.text)
    SPI3_IRQHandler                          0x080001ef   Thumb Code     0  startup_stm32f10x_hd.o(.text)
    TAMPER_IRQHandler                        0x080001ef   Thumb Code     0  startup_stm32f10x_hd.o(.text)
    TIM1_BRK_IRQHandler                      0x080001ef   Thumb Code     0  startup_stm32f10x_hd.o(.text)
    TIM1_CC_IRQHandler                       0x080001ef   Thumb Code     0  startup_stm32f10x_hd.o(.text)
    TIM1_TRG_COM_IRQHandler                  0x080001ef   Thumb Code     0  startup_stm32f10x_hd.o(.text)
    TIM3_IRQHandler                          0x080001ef   Thumb Code     0  startup_stm32f10x_hd.o(.text)
    TIM5_IRQHandler                          0x080001ef   Thumb Code     0  startup_stm32f10x_hd.o(.text)
    TIM6_IRQHandler                          0x080001ef   Thumb Code     0  startup_stm32f10x_hd.o(.text)
    TIM7_IRQHandler                          0x080001ef   Thumb Code     0  startup_stm32f10x_hd.o(.text)
    TIM8_BRK_IRQHandler                      0x080001ef   Thumb Code     0  startup_stm32f10x_hd.o(.text)
    TIM8_CC_IRQHandler                       0x080001ef   Thumb Code     0  startup_stm32f10x_hd.o(.text)
    TIM8_TRG_COM_IRQHandler                  0x080001ef   Thumb Code     0  startup_stm32f10x_hd.o(.text)
    TIM8_UP_IRQHandler                       0x080001ef   Thumb Code     0  startup_stm32f10x_hd.o(.text)
    UART4_IRQHandler                         0x080001ef   Thumb Code     0  startup_stm32f10x_hd.o(.text)
    UART5_IRQHandler                         0x080001ef   Thumb Code     0  startup_stm32f10x_hd.o(.text)
    USART2_IRQHandler                        0x080001ef   Thumb Code     0  startup_stm32f10x_hd.o(.text)
    USART3_IRQHandler                        0x080001ef   Thumb Code     0  startup_stm32f10x_hd.o(.text)
    USBWakeUp_IRQHandler                     0x080001ef   Thumb Code     0  startup_stm32f10x_hd.o(.text)
    USB_HP_CAN1_TX_IRQHandler                0x080001ef   Thumb Code     0  startup_stm32f10x_hd.o(.text)
    USB_LP_CAN1_RX0_IRQHandler               0x080001ef   Thumb Code     0  startup_stm32f10x_hd.o(.text)
    WWDG_IRQHandler                          0x080001ef   Thumb Code     0  startup_stm32f10x_hd.o(.text)
    __user_initial_stackheap                 0x080001f1   Thumb Code     0  startup_stm32f10x_hd.o(.text)
    __use_no_semihosting                     0x08000215   Thumb Code     2  use_no_semi_2.o(.text)
    __aeabi_ldivmod                          0x08000217   Thumb Code     0  llsdiv.o(.text)
    _ll_sdiv                                 0x08000217   Thumb Code    72  llsdiv.o(.text)
    __2printf                                0x08000261   Thumb Code    20  noretval__2printf.o(.text)
    _printf_int_dec                          0x08000279   Thumb Code   104  _printf_dec.o(.text)
    __printf                                 0x080002f1   Thumb Code   308  __printf_flags_wp.o(.text)
    memcmp                                   0x08000429   Thumb Code    88  memcmp.o(.text)
    __aeabi_memset                           0x08000481   Thumb Code    16  aeabi_memset.o(.text)
    __aeabi_memclr4                          0x08000491   Thumb Code     0  rt_memclr_w.o(.text)
    __aeabi_memclr8                          0x08000491   Thumb Code     0  rt_memclr_w.o(.text)
    __rt_memclr_w                            0x08000491   Thumb Code    78  rt_memclr_w.o(.text)
    _memset_w                                0x08000495   Thumb Code     0  rt_memclr_w.o(.text)
    __use_two_region_memory                  0x080004df   Thumb Code     2  heapauxi.o(.text)
    __rt_heap_escrow$2region                 0x080004e1   Thumb Code     2  heapauxi.o(.text)
    __rt_heap_expand$2region                 0x080004e3   Thumb Code     2  heapauxi.o(.text)
    __I$use$semihosting                      0x080004e5   Thumb Code     0  use_no_semi.o(.text)
    __use_no_semihosting_swi                 0x080004e5   Thumb Code     2  use_no_semi.o(.text)
    __aeabi_uldivmod                         0x080004e7   Thumb Code     0  lludivv7m.o(.text)
    _ll_udiv                                 0x080004e7   Thumb Code   238  lludivv7m.o(.text)
    __read_errno                             0x080005d5   Thumb Code    10  _rserrno.o(.text)
    __set_errno                              0x080005df   Thumb Code    12  _rserrno.o(.text)
    _printf_int_common                       0x080005eb   Thumb Code   178  _printf_intcommon.o(.text)
    _printf_char_file                        0x0800069d   Thumb Code    32  _printf_char_file.o(.text)
    __aeabi_memclr                           0x080006c1   Thumb Code     0  rt_memclr.o(.text)
    __rt_memclr                              0x080006c1   Thumb Code    68  rt_memclr.o(.text)
    _memset                                  0x080006c5   Thumb Code     0  rt_memclr.o(.text)
    __aeabi_errno_addr                       0x08000705   Thumb Code     8  rt_errno_addr_intlibspace.o(.text)
    __errno$intlibspace                      0x08000705   Thumb Code     0  rt_errno_addr_intlibspace.o(.text)
    __rt_errno_addr$intlibspace              0x08000705   Thumb Code     0  rt_errno_addr_intlibspace.o(.text)
    _printf_char_common                      0x08000717   Thumb Code    32  _printf_char_common.o(.text)
    ferror                                   0x0800073d   Thumb Code     8  ferror.o(.text)
    __user_libspace                          0x08000745   Thumb Code     8  libspace.o(.text)
    __user_perproc_libspace                  0x08000745   Thumb Code     0  libspace.o(.text)
    __user_perthread_libspace                0x08000745   Thumb Code     0  libspace.o(.text)
    __user_setup_stackheap                   0x0800074d   Thumb Code    74  sys_stackheap_outer.o(.text)
    exit                                     0x08000797   Thumb Code    12  exit.o(.text)
    BusFault_Handler                         0x080007a3   Thumb Code     4  stm32f10x_it.o(i.BusFault_Handler)
    DMA1_Channel4_IRQHandler                 0x080007a9   Thumb Code    30  dma.o(i.DMA1_Channel4_IRQHandler)
    DMA1_Channel5_IRQHandler                 0x080007cd   Thumb Code   102  dma.o(i.DMA1_Channel5_IRQHandler)
    DMA_ClearFlag                            0x08000841   Thumb Code    18  stm32f10x_dma.o(i.DMA_ClearFlag)
    DMA_Cmd                                  0x0800085d   Thumb Code    24  stm32f10x_dma.o(i.DMA_Cmd)
    DMA_DeInit                               0x08000875   Thumb Code   324  stm32f10x_dma.o(i.DMA_DeInit)
    DMA_GetITStatus                          0x080009c1   Thumb Code    36  stm32f10x_dma.o(i.DMA_GetITStatus)
    DMA_ITConfig                             0x080009ed   Thumb Code    18  stm32f10x_dma.o(i.DMA_ITConfig)
    DMA_Init                                 0x080009ff   Thumb Code    60  stm32f10x_dma.o(i.DMA_Init)
    DMA_SetCurrDataCounter                   0x08000a3b   Thumb Code     4  stm32f10x_dma.o(i.DMA_SetCurrDataCounter)
    DMA_USART1_Enable                        0x08000a3f   Thumb Code    30  dma.o(i.DMA_USART1_Enable)
    DMA_USART1_Init                          0x08000a5d   Thumb Code   152  dma.o(i.DMA_USART1_Init)
    DMA_USART1_NVIC_config                   0x08000afd   Thumb Code    78  dma.o(i.DMA_USART1_NVIC_config)
    DebugMon_Handler                         0x08000b55   Thumb Code     2  stm32f10x_it.o(i.DebugMon_Handler)
    Encoder_Init_TIM2                        0x08000b59   Thumb Code   154  encoder.o(i.Encoder_Init_TIM2)
    Encoder_Init_TIM4                        0x08000bf9   Thumb Code   148  encoder.o(i.Encoder_Init_TIM4)
    GPIO_Init                                0x08000c95   Thumb Code   278  stm32f10x_gpio.o(i.GPIO_Init)
    GPIO_PinRemapConfig                      0x08000dad   Thumb Code   138  stm32f10x_gpio.o(i.GPIO_PinRemapConfig)
    GPIO_ResetBits                           0x08000e3d   Thumb Code     4  stm32f10x_gpio.o(i.GPIO_ResetBits)
    GPIO_SetBits                             0x08000e41   Thumb Code     4  stm32f10x_gpio.o(i.GPIO_SetBits)
    HardFault_Handler                        0x08000e45   Thumb Code     4  stm32f10x_it.o(i.HardFault_Handler)
    LED_Init                                 0x08000e49   Thumb Code    46  led.o(i.LED_Init)
    MOTOR_PWM_Init                           0x08000e7d   Thumb Code   138  motor.o(i.MOTOR_PWM_Init)
    MPU_IIC_Ack                              0x08000f11   Thumb Code    62  mpuiic.o(i.MPU_IIC_Ack)
    MPU_IIC_Delay                            0x08000f5d   Thumb Code    10  mpuiic.o(i.MPU_IIC_Delay)
    MPU_IIC_Init                             0x08000f69   Thumb Code    50  mpuiic.o(i.MPU_IIC_Init)
    MPU_IIC_NAck                             0x08000fa1   Thumb Code    62  mpuiic.o(i.MPU_IIC_NAck)
    MPU_IIC_Read_Byte                        0x08000fed   Thumb Code    94  mpuiic.o(i.MPU_IIC_Read_Byte)
    MPU_IIC_Send_Byte                        0x08001059   Thumb Code    80  mpuiic.o(i.MPU_IIC_Send_Byte)
    MPU_IIC_Start                            0x080010b5   Thumb Code    60  mpuiic.o(i.MPU_IIC_Start)
    MPU_IIC_Stop                             0x080010fd   Thumb Code    58  mpuiic.o(i.MPU_IIC_Stop)
    MPU_IIC_Wait_Ack                         0x08001145   Thumb Code    86  mpuiic.o(i.MPU_IIC_Wait_Ack)
    MPU_Init                                 0x080011a9   Thumb Code   180  mpu6050.o(i.MPU_Init)
    MPU_Read_Byte                            0x08001269   Thumb Code    58  mpu6050.o(i.MPU_Read_Byte)
    MPU_Read_Len                             0x080012a3   Thumb Code   116  mpu6050.o(i.MPU_Read_Len)
    MPU_Set_Accel_Fsr                        0x08001317   Thumb Code    16  mpu6050.o(i.MPU_Set_Accel_Fsr)
    MPU_Set_Gyro_Fsr                         0x08001327   Thumb Code    16  mpu6050.o(i.MPU_Set_Gyro_Fsr)
    MPU_Set_LPF                              0x08001337   Thumb Code    58  mpu6050.o(i.MPU_Set_LPF)
    MPU_Set_Rate                             0x08001371   Thumb Code    58  mpu6050.o(i.MPU_Set_Rate)
    MPU_Write_Byte                           0x080013ab   Thumb Code    68  mpu6050.o(i.MPU_Write_Byte)
    MPU_Write_Len                            0x080013ef   Thumb Code    96  mpu6050.o(i.MPU_Write_Len)
    MemManage_Handler                        0x0800144f   Thumb Code     4  stm32f10x_it.o(i.MemManage_Handler)
    Motor_Init                               0x08001455   Thumb Code    72  motor.o(i.Motor_Init)
    NMI_Handler                              0x080014a5   Thumb Code     2  stm32f10x_it.o(i.NMI_Handler)
    NVIC_Init                                0x080014a9   Thumb Code   100  misc.o(i.NVIC_Init)
    NVIC_PriorityGroupConfig                 0x08001519   Thumb Code    10  misc.o(i.NVIC_PriorityGroupConfig)
    PID_Init                                 0x0800152d   Thumb Code    30  encoder.o(i.PID_Init)
    PID_Loc                                  0x08001559   Thumb Code   170  encoder.o(i.PID_Loc)
    PendSV_Handler                           0x08001611   Thumb Code     2  stm32f10x_it.o(i.PendSV_Handler)
    RCC_AHBPeriphClockCmd                    0x08001615   Thumb Code    26  stm32f10x_rcc.o(i.RCC_AHBPeriphClockCmd)
    RCC_APB1PeriphClockCmd                   0x08001635   Thumb Code    26  stm32f10x_rcc.o(i.RCC_APB1PeriphClockCmd)
    RCC_APB1PeriphResetCmd                   0x08001655   Thumb Code    26  stm32f10x_rcc.o(i.RCC_APB1PeriphResetCmd)
    RCC_APB2PeriphClockCmd                   0x08001675   Thumb Code    26  stm32f10x_rcc.o(i.RCC_APB2PeriphClockCmd)
    RCC_APB2PeriphResetCmd                   0x08001695   Thumb Code    26  stm32f10x_rcc.o(i.RCC_APB2PeriphResetCmd)
    RCC_GetClocksFreq                        0x080016b5   Thumb Code   192  stm32f10x_rcc.o(i.RCC_GetClocksFreq)
    Read_Encoder                             0x08001789   Thumb Code    70  encoder.o(i.Read_Encoder)
    SVC_Handler                              0x080017d9   Thumb Code     2  stm32f10x_it.o(i.SVC_Handler)
    Set_Pwm                                  0x080018c5   Thumb Code   162  motor.o(i.Set_Pwm)
    SysTick_CLKSourceConfig                  0x0800197d   Thumb Code    40  misc.o(i.SysTick_CLKSourceConfig)
    SysTick_Handler                          0x080019a5   Thumb Code     2  stm32f10x_it.o(i.SysTick_Handler)
    SystemInit                               0x080019a9   Thumb Code    78  system_stm32f10x.o(i.SystemInit)
    TIM1_Int_Init                            0x08001c49   Thumb Code   114  timer.o(i.TIM1_Int_Init)
    TIM1_UP_IRQHandler                       0x08001cc1   Thumb Code   194  timer.o(i.TIM1_UP_IRQHandler)
    TIM2_IRQHandler                          0x08001da9   Thumb Code    24  encoder.o(i.TIM2_IRQHandler)
    TIM4_IRQHandler                          0x08001dc1   Thumb Code    18  encoder.o(i.TIM4_IRQHandler)
    TIM_ClearFlag                            0x08001dd9   Thumb Code     6  stm32f10x_tim.o(i.TIM_ClearFlag)
    TIM_ClearITPendingBit                    0x08001ddf   Thumb Code     6  stm32f10x_tim.o(i.TIM_ClearITPendingBit)
    TIM_Cmd                                  0x08001de5   Thumb Code    24  stm32f10x_tim.o(i.TIM_Cmd)
    TIM_DeInit                               0x08001dfd   Thumb Code   424  stm32f10x_tim.o(i.TIM_DeInit)
    TIM_EncoderInterfaceConfig               0x08001fe5   Thumb Code    66  stm32f10x_tim.o(i.TIM_EncoderInterfaceConfig)
    TIM_GetITStatus                          0x08002027   Thumb Code    34  stm32f10x_tim.o(i.TIM_GetITStatus)
    TIM_ICInit                               0x08002049   Thumb Code   150  stm32f10x_tim.o(i.TIM_ICInit)
    TIM_ICStructInit                         0x080020f5   Thumb Code    18  stm32f10x_tim.o(i.TIM_ICStructInit)
    TIM_ITConfig                             0x08002107   Thumb Code    18  stm32f10x_tim.o(i.TIM_ITConfig)
    TIM_OC1Init                              0x08002119   Thumb Code   132  stm32f10x_tim.o(i.TIM_OC1Init)
    TIM_OC1PreloadConfig                     0x080021b1   Thumb Code    18  stm32f10x_tim.o(i.TIM_OC1PreloadConfig)
    TIM_OC2Init                              0x080021c5   Thumb Code   154  stm32f10x_tim.o(i.TIM_OC2Init)
    TIM_OC2PreloadConfig                     0x08002269   Thumb Code    26  stm32f10x_tim.o(i.TIM_OC2PreloadConfig)
    TIM_SetCounter                           0x08002283   Thumb Code     4  stm32f10x_tim.o(i.TIM_SetCounter)
    TIM_SetIC1Prescaler                      0x08002287   Thumb Code    18  stm32f10x_tim.o(i.TIM_SetIC1Prescaler)
    TIM_SetIC2Prescaler                      0x08002299   Thumb Code    26  stm32f10x_tim.o(i.TIM_SetIC2Prescaler)
    TIM_SetIC3Prescaler                      0x080022b3   Thumb Code    18  stm32f10x_tim.o(i.TIM_SetIC3Prescaler)
    TIM_SetIC4Prescaler                      0x080022c5   Thumb Code    26  stm32f10x_tim.o(i.TIM_SetIC4Prescaler)
    TIM_TimeBaseInit                         0x080022e1   Thumb Code   122  stm32f10x_tim.o(i.TIM_TimeBaseInit)
    TIM_TimeBaseStructInit                   0x08002385   Thumb Code    18  stm32f10x_tim.o(i.TIM_TimeBaseStructInit)
    USART1_IRQHandler                        0x08002399   Thumb Code    50  usart.o(i.USART1_IRQHandler)
    USART_Cmd                                0x080023d1   Thumb Code    24  stm32f10x_usart.o(i.USART_Cmd)
    USART_DMACmd                             0x080023e9   Thumb Code    18  stm32f10x_usart.o(i.USART_DMACmd)
    USART_GetITStatus                        0x080023fb   Thumb Code    84  stm32f10x_usart.o(i.USART_GetITStatus)
    USART_ITConfig                           0x0800244f   Thumb Code    74  stm32f10x_usart.o(i.USART_ITConfig)
    USART_Init                               0x08002499   Thumb Code   210  stm32f10x_usart.o(i.USART_Init)
    USART_ReceiveData                        0x08002571   Thumb Code    10  stm32f10x_usart.o(i.USART_ReceiveData)
    UsageFault_Handler                       0x0800257b   Thumb Code     4  stm32f10x_it.o(i.UsageFault_Handler)
    __ARM_fpclassify                         0x0800257f   Thumb Code    40  fpclassify.o(i.__ARM_fpclassify)
    __ieee754_rem_pio2                       0x080025a9   Thumb Code   828  rred.o(i.__ieee754_rem_pio2)
    __kernel_cos                             0x08002931   Thumb Code   230  cos_i.o(i.__kernel_cos)
    __kernel_poly                            0x08002a2d   Thumb Code   170  poly.o(i.__kernel_poly)
    __kernel_sin                             0x08002ad9   Thumb Code   224  sin_i.o(i.__kernel_sin)
    __mathlib_dbl_infnan                     0x08002bc5   Thumb Code     6  dunder.o(i.__mathlib_dbl_infnan)
    __mathlib_dbl_infnan2                    0x08002bcb   Thumb Code     4  dunder.o(i.__mathlib_dbl_infnan2)
    __mathlib_dbl_invalid                    0x08002bcf   Thumb Code    12  dunder.o(i.__mathlib_dbl_invalid)
    __mathlib_dbl_underflow                  0x08002bdd   Thumb Code    10  dunder.o(i.__mathlib_dbl_underflow)
    _is_digit                                0x08002bed   Thumb Code    14  __printf_wp.o(i._is_digit)
    _sys_exit                                0x08002bfb   Thumb Code     4  usart.o(i._sys_exit)
    asin                                     0x08002ca9   Thumb Code   572  asin.o(i.asin)
    atan                                     0x08002f19   Thumb Code   474  atan.o(i.atan)
    atan2                                    0x08003139   Thumb Code   346  atan2.o(i.atan2)
    cos                                      0x080032b9   Thumb Code   148  cos.o(i.cos)
    data_pack                                0x08003355   Thumb Code   398  dma.o(i.data_pack)
    delay_init                               0x08003571   Thumb Code    50  delay.o(i.delay_init)
    delay_ms                                 0x080035b5   Thumb Code    72  delay.o(i.delay_ms)
    delay_us                                 0x08003601   Thumb Code    72  delay.o(i.delay_us)
    dmp_enable_6x_lp_quat                    0x0800364d   Thumb Code    60  inv_mpu_dmp_motion_driver.o(i.dmp_enable_6x_lp_quat)
    dmp_enable_feature                       0x08003689   Thumb Code   530  inv_mpu_dmp_motion_driver.o(i.dmp_enable_feature)
    dmp_enable_gyro_cal                      0x080038a5   Thumb Code    62  inv_mpu_dmp_motion_driver.o(i.dmp_enable_gyro_cal)
    dmp_enable_lp_quat                       0x080038fd   Thumb Code    60  inv_mpu_dmp_motion_driver.o(i.dmp_enable_lp_quat)
    dmp_load_motion_driver_firmware          0x08003939   Thumb Code    20  inv_mpu_dmp_motion_driver.o(i.dmp_load_motion_driver_firmware)
    dmp_read_fifo                            0x08003951   Thumb Code   456  inv_mpu_dmp_motion_driver.o(i.dmp_read_fifo)
    dmp_set_accel_bias                       0x08003b1d   Thumb Code   300  inv_mpu_dmp_motion_driver.o(i.dmp_set_accel_bias)
    dmp_set_fifo_rate                        0x08003c4d   Thumb Code    96  inv_mpu_dmp_motion_driver.o(i.dmp_set_fifo_rate)
    dmp_set_gyro_bias                        0x08003cbd   Thumb Code   294  inv_mpu_dmp_motion_driver.o(i.dmp_set_gyro_bias)
    dmp_set_orientation                      0x08003ded   Thumb Code   290  inv_mpu_dmp_motion_driver.o(i.dmp_set_orientation)
    dmp_set_shake_reject_thresh              0x08003f25   Thumb Code    56  inv_mpu_dmp_motion_driver.o(i.dmp_set_shake_reject_thresh)
    dmp_set_shake_reject_time                0x08003f5d   Thumb Code    38  inv_mpu_dmp_motion_driver.o(i.dmp_set_shake_reject_time)
    dmp_set_shake_reject_timeout             0x08003f83   Thumb Code    38  inv_mpu_dmp_motion_driver.o(i.dmp_set_shake_reject_timeout)
    dmp_set_tap_axes                         0x08003fa9   Thumb Code    70  inv_mpu_dmp_motion_driver.o(i.dmp_set_tap_axes)
    dmp_set_tap_count                        0x08003fef   Thumb Code    38  inv_mpu_dmp_motion_driver.o(i.dmp_set_tap_count)
    dmp_set_tap_thresh                       0x08004015   Thumb Code   396  inv_mpu_dmp_motion_driver.o(i.dmp_set_tap_thresh)
    dmp_set_tap_time                         0x080041b5   Thumb Code    38  inv_mpu_dmp_motion_driver.o(i.dmp_set_tap_time)
    dmp_set_tap_time_multi                   0x080041db   Thumb Code    38  inv_mpu_dmp_motion_driver.o(i.dmp_set_tap_time_multi)
    fputc                                    0x08004201   Thumb Code    24  usart.o(i.fputc)
    get_data_analyze                         0x080042d1   Thumb Code   160  dma.o(i.get_data_analyze)
    get_odom                                 0x08004375   Thumb Code   252  dma.o(i.get_odom)
    get_puls_analyze                         0x08004499   Thumb Code   106  dma.o(i.get_puls_analyze)
    inv_orientation_matrix_to_scalar         0x08004a85   Thumb Code    40  inv_mpu.o(i.inv_orientation_matrix_to_scalar)
    inv_row_2_scale                          0x08004aad   Thumb Code    78  inv_mpu.o(i.inv_row_2_scale)
    main                                     0x08004afd   Thumb Code   198  main.o(i.main)
    mget_ms                                  0x08004bf1   Thumb Code     2  inv_mpu.o(i.mget_ms)
    mpu_configure_fifo                       0x08004bf5   Thumb Code   106  inv_mpu.o(i.mpu_configure_fifo)
    mpu_dmp_get_data                         0x08004c65   Thumb Code   502  inv_mpu.o(i.mpu_dmp_get_data)
    mpu_dmp_init                             0x08004e5d   Thumb Code   154  inv_mpu.o(i.mpu_dmp_init)
    mpu_get_accel_fsr                        0x08004efd   Thumb Code    72  inv_mpu.o(i.mpu_get_accel_fsr)
    mpu_get_accel_sens                       0x08004f49   Thumb Code    78  inv_mpu.o(i.mpu_get_accel_sens)
    mpu_get_fifo_config                      0x08004f9d   Thumb Code    12  inv_mpu.o(i.mpu_get_fifo_config)
    mpu_get_gyro_fsr                         0x08004fad   Thumb Code    64  inv_mpu.o(i.mpu_get_gyro_fsr)
    mpu_get_gyro_sens                        0x08004ff1   Thumb Code    58  inv_mpu.o(i.mpu_get_gyro_sens)
    mpu_get_lpf                              0x08005041   Thumb Code    74  inv_mpu.o(i.mpu_get_lpf)
    mpu_get_sample_rate                      0x08005091   Thumb Code    26  inv_mpu.o(i.mpu_get_sample_rate)
    mpu_init                                 0x080050b1   Thumb Code   416  inv_mpu.o(i.mpu_init)
    mpu_load_firmware                        0x080052a1   Thumb Code   180  inv_mpu.o(i.mpu_load_firmware)
    mpu_lp_accel_mode                        0x08005359   Thumb Code   218  inv_mpu.o(i.mpu_lp_accel_mode)
    mpu_read_fifo_stream                     0x08005439   Thumb Code   186  inv_mpu.o(i.mpu_read_fifo_stream)
    mpu_read_mem                             0x080054f9   Thumb Code   122  inv_mpu.o(i.mpu_read_mem)
    mpu_reset_fifo                           0x08005579   Thumb Code   450  inv_mpu.o(i.mpu_reset_fifo)
    mpu_run_self_test                        0x08005741   Thumb Code   278  inv_mpu.o(i.mpu_run_self_test)
    mpu_set_accel_fsr                        0x0800585d   Thumb Code   126  inv_mpu.o(i.mpu_set_accel_fsr)
    mpu_set_bypass                           0x080058e1   Thumb Code   328  inv_mpu.o(i.mpu_set_bypass)
    mpu_set_dmp_state                        0x08005a2d   Thumb Code   138  inv_mpu.o(i.mpu_set_dmp_state)
    mpu_set_gyro_fsr                         0x08005abd   Thumb Code   132  inv_mpu.o(i.mpu_set_gyro_fsr)
    mpu_set_int_latched                      0x08005b45   Thumb Code   102  inv_mpu.o(i.mpu_set_int_latched)
    mpu_set_lpf                              0x08005bb1   Thumb Code   126  inv_mpu.o(i.mpu_set_lpf)
    mpu_set_sample_rate                      0x08005c35   Thumb Code   152  inv_mpu.o(i.mpu_set_sample_rate)
    mpu_set_sensors                          0x08005cd1   Thumb Code   202  inv_mpu.o(i.mpu_set_sensors)
    mpu_write_mem                            0x08005da1   Thumb Code   122  inv_mpu.o(i.mpu_write_mem)
    myabs                                    0x08005e21   Thumb Code    14  motor.o(i.myabs)
    run_self_test                            0x08005e2f   Thumb Code   148  inv_mpu.o(i.run_self_test)
    sin                                      0x08005f55   Thumb Code   150  sin.o(i.sin)
    sqrt                                     0x08005ff5   Thumb Code    76  sqrt.o(i.sqrt)
    uart_init                                0x08006041   Thumb Code   162  usart.o(i.uart_init)
    __aeabi_d2f                              0x080060ed   Thumb Code     0  d2f.o(x$fpl$d2f)
    _d2f                                     0x080060ed   Thumb Code    98  d2f.o(x$fpl$d2f)
    __aeabi_dadd                             0x08006151   Thumb Code     0  daddsub_clz.o(x$fpl$dadd)
    _dadd                                    0x08006151   Thumb Code   332  daddsub_clz.o(x$fpl$dadd)
    __fpl_dcheck_NaN1                        0x080062a1   Thumb Code    10  dcheck1.o(x$fpl$dcheck1)
    __aeabi_ddiv                             0x080062b1   Thumb Code     0  ddiv.o(x$fpl$ddiv)
    _ddiv                                    0x080062b1   Thumb Code   552  ddiv.o(x$fpl$ddiv)
    __aeabi_d2iz                             0x08006561   Thumb Code     0  dfix.o(x$fpl$dfix)
    _dfix                                    0x08006561   Thumb Code    94  dfix.o(x$fpl$dfix)
    __aeabi_i2d                              0x080065bf   Thumb Code     0  dflt_clz.o(x$fpl$dflt)
    _dflt                                    0x080065bf   Thumb Code    46  dflt_clz.o(x$fpl$dflt)
    __aeabi_ui2d                             0x080065ed   Thumb Code     0  dflt_clz.o(x$fpl$dfltu)
    _dfltu                                   0x080065ed   Thumb Code    38  dflt_clz.o(x$fpl$dfltu)
    __aeabi_dmul                             0x08006615   Thumb Code     0  dmul.o(x$fpl$dmul)
    _dmul                                    0x08006615   Thumb Code   332  dmul.o(x$fpl$dmul)
    __fpl_dnaninf                            0x08006769   Thumb Code   156  dnaninf.o(x$fpl$dnaninf)
    __fpl_dretinf                            0x08006805   Thumb Code    12  dretinf.o(x$fpl$dretinf)
    __aeabi_drsub                            0x08006811   Thumb Code     0  daddsub_clz.o(x$fpl$drsb)
    _drsb                                    0x08006811   Thumb Code    22  daddsub_clz.o(x$fpl$drsb)
    _dsqrt                                   0x08006829   Thumb Code   456  dsqrt_noumaal.o(x$fpl$dsqrt)
    __aeabi_dsub                             0x080069f5   Thumb Code     0  daddsub_clz.o(x$fpl$dsub)
    _dsub                                    0x080069f5   Thumb Code   464  daddsub_clz.o(x$fpl$dsub)
    __aeabi_f2d                              0x08006bc9   Thumb Code     0  f2d.o(x$fpl$f2d)
    _f2d                                     0x08006bc9   Thumb Code    86  f2d.o(x$fpl$f2d)
    __aeabi_fadd                             0x08006c21   Thumb Code     0  faddsub_clz.o(x$fpl$fadd)
    _fadd                                    0x08006c21   Thumb Code   196  faddsub_clz.o(x$fpl$fadd)
    __fpl_fcmp_Inf                           0x08006ce5   Thumb Code    24  fcmpi.o(x$fpl$fcmpinf)
    __aeabi_fdiv                             0x08006cfd   Thumb Code     0  fdiv.o(x$fpl$fdiv)
    _fdiv                                    0x08006cfd   Thumb Code   384  fdiv.o(x$fpl$fdiv)
    __aeabi_cfcmpeq                          0x08006e81   Thumb Code     0  feqf.o(x$fpl$feqf)
    _fcmpeq                                  0x08006e81   Thumb Code   104  feqf.o(x$fpl$feqf)
    __aeabi_f2iz                             0x08006ee9   Thumb Code     0  ffix.o(x$fpl$ffix)
    _ffix                                    0x08006ee9   Thumb Code    54  ffix.o(x$fpl$ffix)
    __aeabi_f2uiz                            0x08006f21   Thumb Code     0  ffixu.o(x$fpl$ffixu)
    _ffixu                                   0x08006f21   Thumb Code    62  ffixu.o(x$fpl$ffixu)
    __aeabi_i2f                              0x08006f61   Thumb Code     0  fflt_clz.o(x$fpl$fflt)
    _fflt                                    0x08006f61   Thumb Code    48  fflt_clz.o(x$fpl$fflt)
    __aeabi_ui2f                             0x08006f91   Thumb Code     0  fflt_clz.o(x$fpl$ffltu)
    _ffltu                                   0x08006f91   Thumb Code    38  fflt_clz.o(x$fpl$ffltu)
    __aeabi_cfcmple                          0x08006fb9   Thumb Code     0  fleqf.o(x$fpl$fleqf)
    _fcmple                                  0x08006fb9   Thumb Code   104  fleqf.o(x$fpl$fleqf)
    __fpl_fcmple_InfNaN                      0x0800700b   Thumb Code     0  fleqf.o(x$fpl$fleqf)
    __aeabi_fmul                             0x08007021   Thumb Code     0  fmul.o(x$fpl$fmul)
    _fmul                                    0x08007021   Thumb Code   258  fmul.o(x$fpl$fmul)
    __fpl_fnaninf                            0x08007123   Thumb Code   140  fnaninf.o(x$fpl$fnaninf)
    __fpl_fretinf                            0x080071af   Thumb Code    10  fretinf.o(x$fpl$fretinf)
    __aeabi_cfrcmple                         0x080071b9   Thumb Code     0  frleqf.o(x$fpl$frleqf)
    _frcmple                                 0x080071b9   Thumb Code    98  frleqf.o(x$fpl$frleqf)
    __aeabi_fsub                             0x0800721d   Thumb Code     0  faddsub_clz.o(x$fpl$fsub)
    _fsub                                    0x0800721d   Thumb Code   234  faddsub_clz.o(x$fpl$fsub)
    __fpl_return_NaN                         0x08007307   Thumb Code   100  retnan.o(x$fpl$retnan)
    __ARM_scalbn                             0x0800736b   Thumb Code    92  scalbn.o(x$fpl$scalbn)
    __fpl_cmpreturn                          0x080073c7   Thumb Code    48  trapv.o(x$fpl$trapveneer)
    __I$use$fp                               0x080073f6   Number         0  usenofp.o(x$fpl$usenofp)
    reg                                      0x080073f8   Data          27  inv_mpu.o(.constdata)
    hw                                       0x08007414   Data          12  inv_mpu.o(.constdata)
    test                                     0x08007420   Data          40  inv_mpu.o(.constdata)
    __mathlib_zero                           0x08008168   Data           8  qnan.o(.constdata)
    Region$$Table$$Base                      0x080082b0   Number         0  anon$$obj.o(Region$$Table)
    Region$$Table$$Limit                     0x080082d0   Number         0  anon$$obj.o(Region$$Table)
    SystemCoreClock                          0x20000000   Data           4  system_stm32f10x.o(.data)
    AHBPrescTable                            0x20000004   Data          16  system_stm32f10x.o(.data)
    __stdout                                 0x20000018   Data           4  usart.o(.data)
    USART_RX_STA                             0x2000001c   Data           2  usart.o(.data)
    pitch                                    0x20000034   Data           4  dma.o(.data)
    roll                                     0x20000038   Data           4  dma.o(.data)
    yaw                                      0x2000003c   Data           4  dma.o(.data)
    Vx_left                                  0x20000040   Data           4  dma.o(.data)
    Vx_right                                 0x20000044   Data           4  dma.o(.data)
    sum_Angular                              0x20000048   Data           4  dma.o(.data)
    sum_Pose_x                               0x2000004c   Data           4  dma.o(.data)
    sum_Pose_y                               0x20000050   Data           4  dma.o(.data)
    delta_t                                  0x20000054   Data           4  dma.o(.data)
    RESUALT_FLAG                             0x20000058   Data           2  dma.o(.data)
    DATAPACK_FREQ                            0x2000005a   Data           2  dma.o(.data)
    NVIC_InitStructure                       0x2000005c   Data           4  dma.o(.data)
    Encoder_Left                             0x20000060   Data           4  encoder.o(.data)
    Encoder_Right                            0x20000064   Data           4  encoder.o(.data)
    PID_MOTOR_R                              0x20000068   Data           4  encoder.o(.data)
    PID_MOTOR_L                              0x2000006c   Data           4  encoder.o(.data)
    sPID_Left                                0x20000070   Data           4  encoder.o(.data)
    sPID_Right                               0x20000074   Data           4  encoder.o(.data)
    odem_data                                0x200000b0   Data          24  dma.o(.bss)
    cmd_vel_data                             0x200000c8   Data          12  dma.o(.bss)
    USART1TXBuff                             0x200000d4   Data          64  dma.o(.bss)
    USART1RXBuff                             0x20000114   Data          14  dma.o(.bss)
    DMA_InitStructure                        0x20000124   Data          44  dma.o(.bss)
    PID_Left                                 0x20000150   Data          40  encoder.o(.bss)
    PID_Right                                0x20000178   Data          40  encoder.o(.bss)
    __libspace_start                         0x200001b0   Data          96  libspace.o(.bss)
    __temporary_stack_top$libspace           0x20000210   Data           0  libspace.o(.bss)



==============================================================================

Memory Map of the image

  Image Entry point : 0x080001d5

  Load Region LR_1 (Base: 0x08000000, Size: 0x00008380, Max: 0xffffffff, ABSOLUTE)

    Execution Region ER_RO (Base: 0x08000000, Size: 0x000082d0, Max: 0xffffffff, ABSOLUTE)

    Base Addr    Size         Type   Attr      Idx    E Section Name        Object

    0x08000000   0x00000130   Data   RO          379    RESET               startup_stm32f10x_hd.o
    0x08000130   0x00000008   Code   RO         4254  * !!!main             c_w.l(__main.o)
    0x08000138   0x00000034   Code   RO         4610    !!!scatter          c_w.l(__scatter.o)
    0x0800016c   0x0000001a   Code   RO         4612    !!handler_copy      c_w.l(__scatter_copy.o)
    0x08000186   0x00000002   PAD
    0x08000188   0x0000001c   Code   RO         4614    !!handler_zi        c_w.l(__scatter_zi.o)
    0x080001a4   0x00000000   Code   RO         4245    .ARM.Collect$$_printf_percent$$00000000  c_w.l(_printf_percent.o)
    0x080001a4   0x00000006   Code   RO         4244    .ARM.Collect$$_printf_percent$$00000009  c_w.l(_printf_d.o)
    0x080001aa   0x00000004   Code   RO         4355    .ARM.Collect$$_printf_percent$$00000017  c_w.l(_printf_percent_end.o)
    0x080001ae   0x00000002   Code   RO         4478    .ARM.Collect$$libinit$$00000000  c_w.l(libinit.o)
    0x080001b0   0x00000000   Code   RO         4490    .ARM.Collect$$libinit$$00000002  c_w.l(libinit2.o)
    0x080001b0   0x00000000   Code   RO         4492    .ARM.Collect$$libinit$$00000004  c_w.l(libinit2.o)
    0x080001b0   0x00000000   Code   RO         4495    .ARM.Collect$$libinit$$0000000A  c_w.l(libinit2.o)
    0x080001b0   0x00000000   Code   RO         4497    .ARM.Collect$$libinit$$0000000C  c_w.l(libinit2.o)
    0x080001b0   0x00000000   Code   RO         4499    .ARM.Collect$$libinit$$0000000E  c_w.l(libinit2.o)
    0x080001b0   0x00000000   Code   RO         4502    .ARM.Collect$$libinit$$00000011  c_w.l(libinit2.o)
    0x080001b0   0x00000000   Code   RO         4504    .ARM.Collect$$libinit$$00000013  c_w.l(libinit2.o)
    0x080001b0   0x00000000   Code   RO         4506    .ARM.Collect$$libinit$$00000015  c_w.l(libinit2.o)
    0x080001b0   0x00000000   Code   RO         4508    .ARM.Collect$$libinit$$00000017  c_w.l(libinit2.o)
    0x080001b0   0x00000000   Code   RO         4510    .ARM.Collect$$libinit$$00000019  c_w.l(libinit2.o)
    0x080001b0   0x00000000   Code   RO         4512    .ARM.Collect$$libinit$$0000001B  c_w.l(libinit2.o)
    0x080001b0   0x00000000   Code   RO         4514    .ARM.Collect$$libinit$$0000001D  c_w.l(libinit2.o)
    0x080001b0   0x00000000   Code   RO         4516    .ARM.Collect$$libinit$$0000001F  c_w.l(libinit2.o)
    0x080001b0   0x00000000   Code   RO         4518    .ARM.Collect$$libinit$$00000021  c_w.l(libinit2.o)
    0x080001b0   0x00000000   Code   RO         4520    .ARM.Collect$$libinit$$00000023  c_w.l(libinit2.o)
    0x080001b0   0x00000000   Code   RO         4522    .ARM.Collect$$libinit$$00000025  c_w.l(libinit2.o)
    0x080001b0   0x00000000   Code   RO         4526    .ARM.Collect$$libinit$$0000002C  c_w.l(libinit2.o)
    0x080001b0   0x00000000   Code   RO         4528    .ARM.Collect$$libinit$$0000002E  c_w.l(libinit2.o)
    0x080001b0   0x00000000   Code   RO         4530    .ARM.Collect$$libinit$$00000030  c_w.l(libinit2.o)
    0x080001b0   0x00000000   Code   RO         4532    .ARM.Collect$$libinit$$00000032  c_w.l(libinit2.o)
    0x080001b0   0x00000002   Code   RO         4533    .ARM.Collect$$libinit$$00000033  c_w.l(libinit2.o)
    0x080001b2   0x00000002   Code   RO         4563    .ARM.Collect$$libshutdown$$00000000  c_w.l(libshutdown.o)
    0x080001b4   0x00000000   Code   RO         4578    .ARM.Collect$$libshutdown$$00000003  c_w.l(libshutdown2.o)
    0x080001b4   0x00000000   Code   RO         4581    .ARM.Collect$$libshutdown$$00000006  c_w.l(libshutdown2.o)
    0x080001b4   0x00000000   Code   RO         4584    .ARM.Collect$$libshutdown$$00000009  c_w.l(libshutdown2.o)
    0x080001b4   0x00000000   Code   RO         4586    .ARM.Collect$$libshutdown$$0000000B  c_w.l(libshutdown2.o)
    0x080001b4   0x00000000   Code   RO         4589    .ARM.Collect$$libshutdown$$0000000E  c_w.l(libshutdown2.o)
    0x080001b4   0x00000002   Code   RO         4590    .ARM.Collect$$libshutdown$$0000000F  c_w.l(libshutdown2.o)
    0x080001b6   0x00000000   Code   RO         4346    .ARM.Collect$$rtentry$$00000000  c_w.l(__rtentry.o)
    0x080001b6   0x00000000   Code   RO         4423    .ARM.Collect$$rtentry$$00000002  c_w.l(__rtentry2.o)
    0x080001b6   0x00000006   Code   RO         4435    .ARM.Collect$$rtentry$$00000004  c_w.l(__rtentry4.o)
    0x080001bc   0x00000000   Code   RO         4425    .ARM.Collect$$rtentry$$00000009  c_w.l(__rtentry2.o)
    0x080001bc   0x00000004   Code   RO         4426    .ARM.Collect$$rtentry$$0000000A  c_w.l(__rtentry2.o)
    0x080001c0   0x00000000   Code   RO         4428    .ARM.Collect$$rtentry$$0000000C  c_w.l(__rtentry2.o)
    0x080001c0   0x00000008   Code   RO         4429    .ARM.Collect$$rtentry$$0000000D  c_w.l(__rtentry2.o)
    0x080001c8   0x00000002   Code   RO         4483    .ARM.Collect$$rtexit$$00000000  c_w.l(rtexit.o)
    0x080001ca   0x00000000   Code   RO         4537    .ARM.Collect$$rtexit$$00000002  c_w.l(rtexit2.o)
    0x080001ca   0x00000004   Code   RO         4538    .ARM.Collect$$rtexit$$00000003  c_w.l(rtexit2.o)
    0x080001ce   0x00000006   Code   RO         4539    .ARM.Collect$$rtexit$$00000004  c_w.l(rtexit2.o)
    0x080001d4   0x00000040   Code   RO          380  * .text               startup_stm32f10x_hd.o
    0x08000214   0x00000002   Code   RO         4188    .text               c_w.l(use_no_semi_2.o)
    0x08000216   0x00000048   Code   RO         4190    .text               c_w.l(llsdiv.o)
    0x0800025e   0x00000002   PAD
    0x08000260   0x00000018   Code   RO         4194    .text               c_w.l(noretval__2printf.o)
    0x08000278   0x00000078   Code   RO         4200    .text               c_w.l(_printf_dec.o)
    0x080002f0   0x00000138   Code   RO         4235    .text               c_w.l(__printf_flags_wp.o)
    0x08000428   0x00000058   Code   RO         4246    .text               c_w.l(memcmp.o)
    0x08000480   0x00000010   Code   RO         4248    .text               c_w.l(aeabi_memset.o)
    0x08000490   0x0000004e   Code   RO         4250    .text               c_w.l(rt_memclr_w.o)
    0x080004de   0x00000006   Code   RO         4252    .text               c_w.l(heapauxi.o)
    0x080004e4   0x00000002   Code   RO         4344    .text               c_w.l(use_no_semi.o)
    0x080004e6   0x000000ee   Code   RO         4347    .text               c_w.l(lludivv7m.o)
    0x080005d4   0x00000016   Code   RO         4349    .text               c_w.l(_rserrno.o)
    0x080005ea   0x000000b2   Code   RO         4351    .text               c_w.l(_printf_intcommon.o)
    0x0800069c   0x00000024   Code   RO         4353    .text               c_w.l(_printf_char_file.o)
    0x080006c0   0x00000044   Code   RO         4356    .text               c_w.l(rt_memclr.o)
    0x08000704   0x00000008   Code   RO         4444    .text               c_w.l(rt_errno_addr_intlibspace.o)
    0x0800070c   0x00000030   Code   RO         4446    .text               c_w.l(_printf_char_common.o)
    0x0800073c   0x00000008   Code   RO         4448    .text               c_w.l(ferror.o)
    0x08000744   0x00000008   Code   RO         4462    .text               c_w.l(libspace.o)
    0x0800074c   0x0000004a   Code   RO         4465    .text               c_w.l(sys_stackheap_outer.o)
    0x08000796   0x0000000c   Code   RO         4471    .text               c_w.l(exit.o)
    0x080007a2   0x00000004   Code   RO          148    i.BusFault_Handler  stm32f10x_it.o
    0x080007a6   0x00000002   PAD
    0x080007a8   0x00000024   Code   RO         3384    i.DMA1_Channel4_IRQHandler  dma.o
    0x080007cc   0x00000074   Code   RO         3385    i.DMA1_Channel5_IRQHandler  dma.o
    0x08000840   0x0000001c   Code   RO         1109    i.DMA_ClearFlag     stm32f10x_dma.o
    0x0800085c   0x00000018   Code   RO         1111    i.DMA_Cmd           stm32f10x_dma.o
    0x08000874   0x0000014c   Code   RO         1112    i.DMA_DeInit        stm32f10x_dma.o
    0x080009c0   0x0000002c   Code   RO         1115    i.DMA_GetITStatus   stm32f10x_dma.o
    0x080009ec   0x00000012   Code   RO         1116    i.DMA_ITConfig      stm32f10x_dma.o
    0x080009fe   0x0000003c   Code   RO         1117    i.DMA_Init          stm32f10x_dma.o
    0x08000a3a   0x00000004   Code   RO         1118    i.DMA_SetCurrDataCounter  stm32f10x_dma.o
    0x08000a3e   0x0000001e   Code   RO         3386    i.DMA_USART1_Enable  dma.o
    0x08000a5c   0x000000a0   Code   RO         3387    i.DMA_USART1_Init   dma.o
    0x08000afc   0x00000058   Code   RO         3388    i.DMA_USART1_NVIC_config  dma.o
    0x08000b54   0x00000002   Code   RO          149    i.DebugMon_Handler  stm32f10x_it.o
    0x08000b56   0x00000002   PAD
    0x08000b58   0x000000a0   Code   RO         3455    i.Encoder_Init_TIM2  encoder.o
    0x08000bf8   0x0000009c   Code   RO         3456    i.Encoder_Init_TIM4  encoder.o
    0x08000c94   0x00000116   Code   RO         1535    i.GPIO_Init         stm32f10x_gpio.o
    0x08000daa   0x00000002   PAD
    0x08000dac   0x00000090   Code   RO         1537    i.GPIO_PinRemapConfig  stm32f10x_gpio.o
    0x08000e3c   0x00000004   Code   RO         1542    i.GPIO_ResetBits    stm32f10x_gpio.o
    0x08000e40   0x00000004   Code   RO         1543    i.GPIO_SetBits      stm32f10x_gpio.o
    0x08000e44   0x00000004   Code   RO          150    i.HardFault_Handler  stm32f10x_it.o
    0x08000e48   0x00000034   Code   RO         3351    i.LED_Init          led.o
    0x08000e7c   0x00000094   Code   RO         3511    i.MOTOR_PWM_Init    motor.o
    0x08000f10   0x0000004c   Code   RO         3619    i.MPU_IIC_Ack       mpuiic.o
    0x08000f5c   0x0000000a   Code   RO         3620    i.MPU_IIC_Delay     mpuiic.o
    0x08000f66   0x00000002   PAD
    0x08000f68   0x00000038   Code   RO         3621    i.MPU_IIC_Init      mpuiic.o
    0x08000fa0   0x0000004c   Code   RO         3622    i.MPU_IIC_NAck      mpuiic.o
    0x08000fec   0x0000006c   Code   RO         3623    i.MPU_IIC_Read_Byte  mpuiic.o
    0x08001058   0x0000005c   Code   RO         3624    i.MPU_IIC_Send_Byte  mpuiic.o
    0x080010b4   0x00000048   Code   RO         3625    i.MPU_IIC_Start     mpuiic.o
    0x080010fc   0x00000048   Code   RO         3626    i.MPU_IIC_Stop      mpuiic.o
    0x08001144   0x00000064   Code   RO         3627    i.MPU_IIC_Wait_Ack  mpuiic.o
    0x080011a8   0x000000c0   Code   RO         3544    i.MPU_Init          mpu6050.o
    0x08001268   0x0000003a   Code   RO         3545    i.MPU_Read_Byte     mpu6050.o
    0x080012a2   0x00000074   Code   RO         3546    i.MPU_Read_Len      mpu6050.o
    0x08001316   0x00000010   Code   RO         3547    i.MPU_Set_Accel_Fsr  mpu6050.o
    0x08001326   0x00000010   Code   RO         3548    i.MPU_Set_Gyro_Fsr  mpu6050.o
    0x08001336   0x0000003a   Code   RO         3549    i.MPU_Set_LPF       mpu6050.o
    0x08001370   0x0000003a   Code   RO         3550    i.MPU_Set_Rate      mpu6050.o
    0x080013aa   0x00000044   Code   RO         3551    i.MPU_Write_Byte    mpu6050.o
    0x080013ee   0x00000060   Code   RO         3552    i.MPU_Write_Len     mpu6050.o
    0x0800144e   0x00000004   Code   RO          151    i.MemManage_Handler  stm32f10x_it.o
    0x08001452   0x00000002   PAD
    0x08001454   0x00000050   Code   RO         3512    i.Motor_Init        motor.o
    0x080014a4   0x00000002   Code   RO          152    i.NMI_Handler       stm32f10x_it.o
    0x080014a6   0x00000002   PAD
    0x080014a8   0x00000070   Code   RO          384    i.NVIC_Init         misc.o
    0x08001518   0x00000014   Code   RO          385    i.NVIC_PriorityGroupConfig  misc.o
    0x0800152c   0x0000002c   Code   RO         3457    i.PID_Init          encoder.o
    0x08001558   0x000000b8   Code   RO         3458    i.PID_Loc           encoder.o
    0x08001610   0x00000002   Code   RO          153    i.PendSV_Handler    stm32f10x_it.o
    0x08001612   0x00000002   PAD
    0x08001614   0x00000020   Code   RO         1950    i.RCC_AHBPeriphClockCmd  stm32f10x_rcc.o
    0x08001634   0x00000020   Code   RO         1951    i.RCC_APB1PeriphClockCmd  stm32f10x_rcc.o
    0x08001654   0x00000020   Code   RO         1952    i.RCC_APB1PeriphResetCmd  stm32f10x_rcc.o
    0x08001674   0x00000020   Code   RO         1953    i.RCC_APB2PeriphClockCmd  stm32f10x_rcc.o
    0x08001694   0x00000020   Code   RO         1954    i.RCC_APB2PeriphResetCmd  stm32f10x_rcc.o
    0x080016b4   0x000000d4   Code   RO         1961    i.RCC_GetClocksFreq  stm32f10x_rcc.o
    0x08001788   0x00000050   Code   RO         3459    i.Read_Encoder      encoder.o
    0x080017d8   0x00000002   Code   RO          154    i.SVC_Handler       stm32f10x_it.o
    0x080017da   0x00000008   Code   RO          237    i.SetSysClock       system_stm32f10x.o
    0x080017e2   0x00000002   PAD
    0x080017e4   0x000000e0   Code   RO          238    i.SetSysClockTo72   system_stm32f10x.o
    0x080018c4   0x000000b8   Code   RO         3513    i.Set_Pwm           motor.o
    0x0800197c   0x00000028   Code   RO          388    i.SysTick_CLKSourceConfig  misc.o
    0x080019a4   0x00000002   Code   RO          155    i.SysTick_Handler   stm32f10x_it.o
    0x080019a6   0x00000002   PAD
    0x080019a8   0x00000060   Code   RO          240    i.SystemInit        system_stm32f10x.o
    0x08001a08   0x00000080   Code   RO         2569    i.TI1_Config        stm32f10x_tim.o
    0x08001a88   0x00000098   Code   RO         2570    i.TI2_Config        stm32f10x_tim.o
    0x08001b20   0x00000090   Code   RO         2571    i.TI3_Config        stm32f10x_tim.o
    0x08001bb0   0x00000098   Code   RO         2572    i.TI4_Config        stm32f10x_tim.o
    0x08001c48   0x00000078   Code   RO         3363    i.TIM1_Int_Init     timer.o
    0x08001cc0   0x000000e8   Code   RO         3364    i.TIM1_UP_IRQHandler  timer.o
    0x08001da8   0x00000018   Code   RO         3460    i.TIM2_IRQHandler   encoder.o
    0x08001dc0   0x00000018   Code   RO         3461    i.TIM4_IRQHandler   encoder.o
    0x08001dd8   0x00000006   Code   RO         2579    i.TIM_ClearFlag     stm32f10x_tim.o
    0x08001dde   0x00000006   Code   RO         2580    i.TIM_ClearITPendingBit  stm32f10x_tim.o
    0x08001de4   0x00000018   Code   RO         2585    i.TIM_Cmd           stm32f10x_tim.o
    0x08001dfc   0x000001e8   Code   RO         2590    i.TIM_DeInit        stm32f10x_tim.o
    0x08001fe4   0x00000042   Code   RO         2594    i.TIM_EncoderInterfaceConfig  stm32f10x_tim.o
    0x08002026   0x00000022   Code   RO         2606    i.TIM_GetITStatus   stm32f10x_tim.o
    0x08002048   0x000000ac   Code   RO         2608    i.TIM_ICInit        stm32f10x_tim.o
    0x080020f4   0x00000012   Code   RO         2609    i.TIM_ICStructInit  stm32f10x_tim.o
    0x08002106   0x00000012   Code   RO         2610    i.TIM_ITConfig      stm32f10x_tim.o
    0x08002118   0x00000098   Code   RO         2614    i.TIM_OC1Init       stm32f10x_tim.o
    0x080021b0   0x00000012   Code   RO         2617    i.TIM_OC1PreloadConfig  stm32f10x_tim.o
    0x080021c2   0x00000002   PAD
    0x080021c4   0x000000a4   Code   RO         2619    i.TIM_OC2Init       stm32f10x_tim.o
    0x08002268   0x0000001a   Code   RO         2622    i.TIM_OC2PreloadConfig  stm32f10x_tim.o
    0x08002282   0x00000004   Code   RO         2650    i.TIM_SetCounter    stm32f10x_tim.o
    0x08002286   0x00000012   Code   RO         2651    i.TIM_SetIC1Prescaler  stm32f10x_tim.o
    0x08002298   0x0000001a   Code   RO         2652    i.TIM_SetIC2Prescaler  stm32f10x_tim.o
    0x080022b2   0x00000012   Code   RO         2653    i.TIM_SetIC3Prescaler  stm32f10x_tim.o
    0x080022c4   0x0000001a   Code   RO         2654    i.TIM_SetIC4Prescaler  stm32f10x_tim.o
    0x080022de   0x00000002   PAD
    0x080022e0   0x000000a4   Code   RO         2656    i.TIM_TimeBaseInit  stm32f10x_tim.o
    0x08002384   0x00000012   Code   RO         2657    i.TIM_TimeBaseStructInit  stm32f10x_tim.o
    0x08002396   0x00000002   PAD
    0x08002398   0x00000038   Code   RO          326    i.USART1_IRQHandler  usart.o
    0x080023d0   0x00000018   Code   RO         3121    i.USART_Cmd         stm32f10x_usart.o
    0x080023e8   0x00000012   Code   RO         3122    i.USART_DMACmd      stm32f10x_usart.o
    0x080023fa   0x00000054   Code   RO         3125    i.USART_GetITStatus  stm32f10x_usart.o
    0x0800244e   0x0000004a   Code   RO         3127    i.USART_ITConfig    stm32f10x_usart.o
    0x08002498   0x000000d8   Code   RO         3128    i.USART_Init        stm32f10x_usart.o
    0x08002570   0x0000000a   Code   RO         3135    i.USART_ReceiveData  stm32f10x_usart.o
    0x0800257a   0x00000004   Code   RO          156    i.UsageFault_Handler  stm32f10x_it.o
    0x0800257e   0x00000028   Code   RO         4398    i.__ARM_fpclassify  m_ws.l(fpclassify.o)
    0x080025a6   0x00000002   PAD
    0x080025a8   0x00000388   Code   RO         4403    i.__ieee754_rem_pio2  m_ws.l(rred.o)
    0x08002930   0x000000fc   Code   RO         4381    i.__kernel_cos      m_ws.l(cos_i.o)
    0x08002a2c   0x000000aa   Code   RO         4400    i.__kernel_poly     m_ws.l(poly.o)
    0x08002ad6   0x00000002   PAD
    0x08002ad8   0x000000ec   Code   RO         4408    i.__kernel_sin      m_ws.l(sin_i.o)
    0x08002bc4   0x00000006   Code   RO         4385    i.__mathlib_dbl_infnan  m_ws.l(dunder.o)
    0x08002bca   0x00000004   Code   RO         4386    i.__mathlib_dbl_infnan2  m_ws.l(dunder.o)
    0x08002bce   0x0000000c   Code   RO         4387    i.__mathlib_dbl_invalid  m_ws.l(dunder.o)
    0x08002bda   0x00000002   PAD
    0x08002bdc   0x00000010   Code   RO         4390    i.__mathlib_dbl_underflow  m_ws.l(dunder.o)
    0x08002bec   0x0000000e   Code   RO         4233    i._is_digit         c_w.l(__printf_wp.o)
    0x08002bfa   0x00000004   Code   RO          327    i._sys_exit         usart.o
    0x08002bfe   0x00000002   PAD
    0x08002c00   0x000000a8   Code   RO         3679    i.accel_self_test   inv_mpu.o
    0x08002ca8   0x00000270   Code   RO         4311    i.asin              m_ws.l(asin.o)
    0x08002f18   0x00000220   Code   RO         4372    i.atan              m_ws.l(atan.o)
    0x08003138   0x00000180   Code   RO         4321    i.atan2             m_ws.l(atan2.o)
    0x080032b8   0x0000009c   Code   RO         4329    i.cos               m_ws.l(cos.o)
    0x08003354   0x000001b8   Code   RO         3389    i.data_pack         dma.o
    0x0800350c   0x00000064   Code   RO         4004    i.decode_gesture    inv_mpu_dmp_motion_driver.o
    0x08003570   0x00000044   Code   RO          271    i.delay_init        delay.o
    0x080035b4   0x0000004c   Code   RO          272    i.delay_ms          delay.o
    0x08003600   0x0000004c   Code   RO          273    i.delay_us          delay.o
    0x0800364c   0x0000003c   Code   RO         4005    i.dmp_enable_6x_lp_quat  inv_mpu_dmp_motion_driver.o
    0x08003688   0x0000021c   Code   RO         4006    i.dmp_enable_feature  inv_mpu_dmp_motion_driver.o
    0x080038a4   0x00000058   Code   RO         4007    i.dmp_enable_gyro_cal  inv_mpu_dmp_motion_driver.o
    0x080038fc   0x0000003c   Code   RO         4008    i.dmp_enable_lp_quat  inv_mpu_dmp_motion_driver.o
    0x08003938   0x00000018   Code   RO         4013    i.dmp_load_motion_driver_firmware  inv_mpu_dmp_motion_driver.o
    0x08003950   0x000001cc   Code   RO         4014    i.dmp_read_fifo     inv_mpu_dmp_motion_driver.o
    0x08003b1c   0x00000130   Code   RO         4017    i.dmp_set_accel_bias  inv_mpu_dmp_motion_driver.o
    0x08003c4c   0x00000070   Code   RO         4018    i.dmp_set_fifo_rate  inv_mpu_dmp_motion_driver.o
    0x08003cbc   0x00000130   Code   RO         4019    i.dmp_set_gyro_bias  inv_mpu_dmp_motion_driver.o
    0x08003dec   0x00000138   Code   RO         4021    i.dmp_set_orientation  inv_mpu_dmp_motion_driver.o
    0x08003f24   0x00000038   Code   RO         4024    i.dmp_set_shake_reject_thresh  inv_mpu_dmp_motion_driver.o
    0x08003f5c   0x00000026   Code   RO         4025    i.dmp_set_shake_reject_time  inv_mpu_dmp_motion_driver.o
    0x08003f82   0x00000026   Code   RO         4026    i.dmp_set_shake_reject_timeout  inv_mpu_dmp_motion_driver.o
    0x08003fa8   0x00000046   Code   RO         4027    i.dmp_set_tap_axes  inv_mpu_dmp_motion_driver.o
    0x08003fee   0x00000026   Code   RO         4028    i.dmp_set_tap_count  inv_mpu_dmp_motion_driver.o
    0x08004014   0x000001a0   Code   RO         4029    i.dmp_set_tap_thresh  inv_mpu_dmp_motion_driver.o
    0x080041b4   0x00000026   Code   RO         4030    i.dmp_set_tap_time  inv_mpu_dmp_motion_driver.o
    0x080041da   0x00000026   Code   RO         4031    i.dmp_set_tap_time_multi  inv_mpu_dmp_motion_driver.o
    0x08004200   0x0000001c   Code   RO          328    i.fputc             usart.o
    0x0800421c   0x000000b4   Code   RO         3680    i.get_accel_prod_shift  inv_mpu.o
    0x080042d0   0x000000a4   Code   RO         3390    i.get_data_analyze  dma.o
    0x08004374   0x00000124   Code   RO         3391    i.get_odom          dma.o
    0x08004498   0x0000006a   Code   RO         3392    i.get_puls_analyze  dma.o
    0x08004502   0x00000002   PAD
    0x08004504   0x00000470   Code   RO         3681    i.get_st_biases     inv_mpu.o
    0x08004974   0x00000110   Code   RO         3682    i.gyro_self_test    inv_mpu.o
    0x08004a84   0x00000028   Code   RO         3683    i.inv_orientation_matrix_to_scalar  inv_mpu.o
    0x08004aac   0x0000004e   Code   RO         3684    i.inv_row_2_scale   inv_mpu.o
    0x08004afa   0x00000002   PAD
    0x08004afc   0x000000f4   Code   RO            1    i.main              main.o
    0x08004bf0   0x00000002   Code   RO         3685    i.mget_ms           inv_mpu.o
    0x08004bf2   0x00000002   PAD
    0x08004bf4   0x00000070   Code   RO         3686    i.mpu_configure_fifo  inv_mpu.o
    0x08004c64   0x000001f6   Code   RO         3687    i.mpu_dmp_get_data  inv_mpu.o
    0x08004e5a   0x00000002   PAD
    0x08004e5c   0x000000a0   Code   RO         3688    i.mpu_dmp_init      inv_mpu.o
    0x08004efc   0x0000004c   Code   RO         3689    i.mpu_get_accel_fsr  inv_mpu.o
    0x08004f48   0x00000054   Code   RO         3691    i.mpu_get_accel_sens  inv_mpu.o
    0x08004f9c   0x00000010   Code   RO         3696    i.mpu_get_fifo_config  inv_mpu.o
    0x08004fac   0x00000044   Code   RO         3697    i.mpu_get_gyro_fsr  inv_mpu.o
    0x08004ff0   0x00000050   Code   RO         3699    i.mpu_get_gyro_sens  inv_mpu.o
    0x08005040   0x00000050   Code   RO         3701    i.mpu_get_lpf       inv_mpu.o
    0x08005090   0x00000020   Code   RO         3703    i.mpu_get_sample_rate  inv_mpu.o
    0x080050b0   0x000001f0   Code   RO         3705    i.mpu_init          inv_mpu.o
    0x080052a0   0x000000b8   Code   RO         3706    i.mpu_load_firmware  inv_mpu.o
    0x08005358   0x000000e0   Code   RO         3707    i.mpu_lp_accel_mode  inv_mpu.o
    0x08005438   0x000000c0   Code   RO         3710    i.mpu_read_fifo_stream  inv_mpu.o
    0x080054f8   0x00000080   Code   RO         3711    i.mpu_read_mem      inv_mpu.o
    0x08005578   0x000001c8   Code   RO         3714    i.mpu_reset_fifo    inv_mpu.o
    0x08005740   0x0000011c   Code   RO         3715    i.mpu_run_self_test  inv_mpu.o
    0x0800585c   0x00000084   Code   RO         3717    i.mpu_set_accel_fsr  inv_mpu.o
    0x080058e0   0x0000014c   Code   RO         3718    i.mpu_set_bypass    inv_mpu.o
    0x08005a2c   0x00000090   Code   RO         3720    i.mpu_set_dmp_state  inv_mpu.o
    0x08005abc   0x00000088   Code   RO         3721    i.mpu_set_gyro_fsr  inv_mpu.o
    0x08005b44   0x0000006c   Code   RO         3722    i.mpu_set_int_latched  inv_mpu.o
    0x08005bb0   0x00000084   Code   RO         3724    i.mpu_set_lpf       inv_mpu.o
    0x08005c34   0x0000009c   Code   RO         3725    i.mpu_set_sample_rate  inv_mpu.o
    0x08005cd0   0x000000d0   Code   RO         3726    i.mpu_set_sensors   inv_mpu.o
    0x08005da0   0x00000080   Code   RO         3727    i.mpu_write_mem     inv_mpu.o
    0x08005e20   0x0000000e   Code   RO         3514    i.myabs             motor.o
    0x08005e2e   0x00000094   Code   RO         3728    i.run_self_test     inv_mpu.o
    0x08005ec2   0x00000002   PAD
    0x08005ec4   0x00000090   Code   RO         3729    i.set_int_enable    inv_mpu.o
    0x08005f54   0x000000a0   Code   RO         4337    i.sin               m_ws.l(sin.o)
    0x08005ff4   0x0000004c   Code   RO         4415    i.sqrt              m_ws.l(sqrt.o)
    0x08006040   0x000000ac   Code   RO          329    i.uart_init         usart.o
    0x080060ec   0x00000062   Code   RO         4256    x$fpl$d2f           fz_ws.l(d2f.o)
    0x0800614e   0x00000002   PAD
    0x08006150   0x00000150   Code   RO         4258    x$fpl$dadd          fz_ws.l(daddsub_clz.o)
    0x080062a0   0x00000010   Code   RO         4452    x$fpl$dcheck1       fz_ws.l(dcheck1.o)
    0x080062b0   0x000002b0   Code   RO         4265    x$fpl$ddiv          fz_ws.l(ddiv.o)
    0x08006560   0x0000005e   Code   RO         4454    x$fpl$dfix          fz_ws.l(dfix.o)
    0x080065be   0x0000002e   Code   RO         4269    x$fpl$dflt          fz_ws.l(dflt_clz.o)
    0x080065ec   0x00000026   Code   RO         4268    x$fpl$dfltu         fz_ws.l(dflt_clz.o)
    0x08006612   0x00000002   PAD
    0x08006614   0x00000154   Code   RO         4274    x$fpl$dmul          fz_ws.l(dmul.o)
    0x08006768   0x0000009c   Code   RO         4358    x$fpl$dnaninf       fz_ws.l(dnaninf.o)
    0x08006804   0x0000000c   Code   RO         4360    x$fpl$dretinf       fz_ws.l(dretinf.o)
    0x08006810   0x00000016   Code   RO         4259    x$fpl$drsb          fz_ws.l(daddsub_clz.o)
    0x08006826   0x00000002   PAD
    0x08006828   0x000001cc   Code   RO         4460    x$fpl$dsqrt         fz_ws.l(dsqrt_noumaal.o)
    0x080069f4   0x000001d4   Code   RO         4260    x$fpl$dsub          fz_ws.l(daddsub_clz.o)
    0x08006bc8   0x00000056   Code   RO         4276    x$fpl$f2d           fz_ws.l(f2d.o)
    0x08006c1e   0x00000002   PAD
    0x08006c20   0x000000c4   Code   RO         4278    x$fpl$fadd          fz_ws.l(faddsub_clz.o)
    0x08006ce4   0x00000018   Code   RO         4362    x$fpl$fcmpinf       fz_ws.l(fcmpi.o)
    0x08006cfc   0x00000184   Code   RO         4285    x$fpl$fdiv          fz_ws.l(fdiv.o)
    0x08006e80   0x00000068   Code   RO         4288    x$fpl$feqf          fz_ws.l(feqf.o)
    0x08006ee8   0x00000036   Code   RO         4290    x$fpl$ffix          fz_ws.l(ffix.o)
    0x08006f1e   0x00000002   PAD
    0x08006f20   0x0000003e   Code   RO         4294    x$fpl$ffixu         fz_ws.l(ffixu.o)
    0x08006f5e   0x00000002   PAD
    0x08006f60   0x00000030   Code   RO         4299    x$fpl$fflt          fz_ws.l(fflt_clz.o)
    0x08006f90   0x00000026   Code   RO         4298    x$fpl$ffltu         fz_ws.l(fflt_clz.o)
    0x08006fb6   0x00000002   PAD
    0x08006fb8   0x00000068   Code   RO         4304    x$fpl$fleqf         fz_ws.l(fleqf.o)
    0x08007020   0x00000102   Code   RO         4306    x$fpl$fmul          fz_ws.l(fmul.o)
    0x08007122   0x0000008c   Code   RO         4364    x$fpl$fnaninf       fz_ws.l(fnaninf.o)
    0x080071ae   0x0000000a   Code   RO         4366    x$fpl$fretinf       fz_ws.l(fretinf.o)
    0x080071b8   0x00000062   Code   RO         4308    x$fpl$frleqf        fz_ws.l(frleqf.o)
    0x0800721a   0x00000002   PAD
    0x0800721c   0x000000ea   Code   RO         4280    x$fpl$fsub          fz_ws.l(faddsub_clz.o)
    0x08007306   0x00000064   Code   RO         4481    x$fpl$retnan        fz_ws.l(retnan.o)
    0x0800736a   0x0000005c   Code   RO         4368    x$fpl$scalbn        fz_ws.l(scalbn.o)
    0x080073c6   0x00000030   Code   RO         4534    x$fpl$trapveneer    fz_ws.l(trapv.o)
    0x080073f6   0x00000000   Code   RO         4370    x$fpl$usenofp       fz_ws.l(usenofp.o)
    0x080073f6   0x00000002   PAD
    0x080073f8   0x00000050   Data   RO         3731    .constdata          inv_mpu.o
    0x08007448   0x00000bf6   Data   RO         4033    .constdata          inv_mpu_dmp_motion_driver.o
    0x0800803e   0x00000011   Data   RO         4236    .constdata          c_w.l(__printf_flags_wp.o)
    0x0800804f   0x00000001   PAD
    0x08008050   0x00000050   Data   RO         4312    .constdata          m_ws.l(asin.o)
    0x080080a0   0x00000098   Data   RO         4373    .constdata          m_ws.l(atan.o)
    0x08008138   0x00000030   Data   RO         4382    .constdata          m_ws.l(cos_i.o)
    0x08008168   0x00000008   Data   RO         4402    .constdata          m_ws.l(qnan.o)
    0x08008170   0x000000c8   Data   RO         4405    .constdata          m_ws.l(rred.o)
    0x08008238   0x00000028   Data   RO         4409    .constdata          m_ws.l(sin_i.o)
    0x08008260   0x0000004d   Data   RO         3732    .conststring        inv_mpu.o
    0x080082ad   0x00000003   PAD
    0x080082b0   0x00000020   Data   RO         4608    Region$$Table       anon$$obj.o


    Execution Region ER_RW (Base: 0x20000000, Size: 0x000000b0, Max: 0xffffffff, ABSOLUTE)

    Base Addr    Size         Type   Attr      Idx    E Section Name        Object

    0x20000000   0x00000014   Data   RW          241    .data               system_stm32f10x.o
    0x20000014   0x00000004   Data   RW          274    .data               delay.o
    0x20000018   0x00000006   Data   RW          331    .data               usart.o
    0x2000001e   0x00000014   Data   RW         1981    .data               stm32f10x_rcc.o
    0x20000032   0x00000002   PAD
    0x20000034   0x0000002c   Data   RW         3394    .data               dma.o
    0x20000060   0x00000018   Data   RW         3463    .data               encoder.o
    0x20000078   0x00000035   Data   RW         3733    .data               inv_mpu.o


    Execution Region ER_ZI (Base: 0x200000b0, Size: 0x00000760, Max: 0xffffffff, ABSOLUTE)

    Base Addr    Size         Type   Attr      Idx    E Section Name        Object

    0x200000b0   0x000000a0   Zero   RW         3393    .bss                dma.o
    0x20000150   0x00000050   Zero   RW         3462    .bss                encoder.o
    0x200001a0   0x00000010   Zero   RW         4032    .bss                inv_mpu_dmp_motion_driver.o
    0x200001b0   0x00000060   Zero   RW         4463    .bss                c_w.l(libspace.o)
    0x20000210   0x00000200   Zero   RW          378    HEAP                startup_stm32f10x_hd.o
    0x20000410   0x00000400   Zero   RW          377    STACK               startup_stm32f10x_hd.o


==============================================================================

Image component sizes


      Code (inc. data)   RO Data    RW Data    ZI Data      Debug   Object Name

       220         26          0          4          0       1635   delay.o
      1432        124          0         44        160       7387   dma.o
       672         58          0         24         80       5511   encoder.o
      6818        286        157         53          0      30184   inv_mpu.o
      3096        122       3062          0         16      20246   inv_mpu_dmp_motion_driver.o
        52          6          0          0          0        471   led.o
       244         46          0          0          0     264236   main.o
       172         22          0          0          0       1997   misc.o
       426         40          0          0          0       2340   motor.o
       678         12          0          0          0       5979   mpu6050.o
       662        100          0          0          0       4686   mpuiic.o
        64         26        304          0       1536        792   startup_stm32f10x_hd.o
       510         26          0          0          0       5556   stm32f10x_dma.o
       430          6          0          0          0       3774   stm32f10x_gpio.o
        26          0          0          0          0       3570   stm32f10x_it.o
       372         50          0         20          0       6032   stm32f10x_rcc.o
      2042        244          0          0          0      15320   stm32f10x_tim.o
       426          6          0          0          0       5433   stm32f10x_usart.o
         0          0          0          0          0         32   sys.o
       328         28          0         20          0       2017   system_stm32f10x.o
       352         44          0          0          0       1249   timer.o
       260         20          0          6          0       4008   usart.o

    ----------------------------------------------------------------------
     19318       1292       3558        176       1792     392455   Object Totals
         0          0         32          0          0          0   (incl. Generated)
        36          0          3          5          0          0   (incl. Padding)

    ----------------------------------------------------------------------

      Code (inc. data)   RO Data    RW Data    ZI Data      Debug   Library Member Name

         8          0          0          0          0         68   __main.o
       312          4         17          0          0         92   __printf_flags_wp.o
        14          0          0          0          0         68   __printf_wp.o
         0          0          0          0          0          0   __rtentry.o
        12          0          0          0          0          0   __rtentry2.o
         6          0          0          0          0          0   __rtentry4.o
        52          8          0          0          0          0   __scatter.o
        26          0          0          0          0          0   __scatter_copy.o
        28          0          0          0          0          0   __scatter_zi.o
        48          6          0          0          0         96   _printf_char_common.o
        36          4          0          0          0         80   _printf_char_file.o
         6          0          0          0          0          0   _printf_d.o
       120         16          0          0          0         92   _printf_dec.o
       178          0          0          0          0         88   _printf_intcommon.o
         0          0          0          0          0          0   _printf_percent.o
         4          0          0          0          0          0   _printf_percent_end.o
        22          0          0          0          0        100   _rserrno.o
        16          0          0          0          0         68   aeabi_memset.o
        12          0          0          0          0         72   exit.o
         8          0          0          0          0         68   ferror.o
         6          0          0          0          0        152   heapauxi.o
         2          0          0          0          0          0   libinit.o
         2          0          0          0          0          0   libinit2.o
         2          0          0          0          0          0   libshutdown.o
         2          0          0          0          0          0   libshutdown2.o
         8          4          0          0         96         68   libspace.o
        72          0          0          0          0         76   llsdiv.o
       238          0          0          0          0        100   lludivv7m.o
        88          0          0          0          0         76   memcmp.o
        24          4          0          0          0         84   noretval__2printf.o
         8          4          0          0          0         68   rt_errno_addr_intlibspace.o
        68          0          0          0          0         68   rt_memclr.o
        78          0          0          0          0         80   rt_memclr_w.o
         2          0          0          0          0          0   rtexit.o
        10          0          0          0          0          0   rtexit2.o
        74          0          0          0          0         80   sys_stackheap_outer.o
         2          0          0          0          0         68   use_no_semi.o
         2          0          0          0          0         68   use_no_semi_2.o
        98          4          0          0          0         92   d2f.o
       826         16          0          0          0        348   daddsub_clz.o
        16          4          0          0          0         68   dcheck1.o
       688        140          0          0          0        208   ddiv.o
        94          4          0          0          0         92   dfix.o
        84          0          0          0          0        136   dflt_clz.o
       340         12          0          0          0        104   dmul.o
       156          4          0          0          0         92   dnaninf.o
        12          0          0          0          0         68   dretinf.o
       460         56          0          0          0        120   dsqrt_noumaal.o
        86          4          0          0          0         84   f2d.o
       430          8          0          0          0        168   faddsub_clz.o
        24          0          0          0          0         68   fcmpi.o
       388         76          0          0          0         96   fdiv.o
       104          4          0          0          0         84   feqf.o
        54          4          0          0          0         84   ffix.o
        62          4          0          0          0         84   ffixu.o
        86          0          0          0          0        136   fflt_clz.o
       104          4          0          0          0         84   fleqf.o
       258          4          0          0          0         84   fmul.o
       140          4          0          0          0         84   fnaninf.o
        10          0          0          0          0         68   fretinf.o
        98          0          0          0          0         68   frleqf.o
       100          0          0          0          0         68   retnan.o
        92          0          0          0          0         68   scalbn.o
        48          0          0          0          0         68   trapv.o
         0          0          0          0          0          0   usenofp.o
       624         52         80          0          0        168   asin.o
       544         70        152          0          0        124   atan.o
       384         38          0          0          0        144   atan2.o
       156          8          0          0          0        104   cos.o
       252         22         48          0          0        124   cos_i.o
        38          6          0          0          0        272   dunder.o
        40          0          0          0          0         68   fpclassify.o
       170          0          0          0          0         96   poly.o
         0          0          8          0          0          0   qnan.o
       904         76        200          0          0        140   rred.o
       160         10          0          0          0        108   sin.o
       236         12         40          0          0        128   sin_i.o
        76          0          0          0          0         84   sqrt.o

    ----------------------------------------------------------------------
     10066        696        546          0         96       6164   Library Totals
        28          0          1          0          0          0   (incl. Padding)

    ----------------------------------------------------------------------

      Code (inc. data)   RO Data    RW Data    ZI Data      Debug   Library Name

      1596         50         17          0         96       1880   c_w.l
      4858        352          0          0          0       2724   fz_ws.l
      3584        294        528          0          0       1560   m_ws.l

    ----------------------------------------------------------------------
     10066        696        546          0         96       6164   Library Totals

    ----------------------------------------------------------------------

==============================================================================


      Code (inc. data)   RO Data    RW Data    ZI Data      Debug   

     29384       1988       4104        176       1888     386915   Grand Totals
     29384       1988       4104        176       1888     386915   ELF Image Totals
     29384       1988       4104        176          0          0   ROM Totals

==============================================================================

    Total RO  Size (Code + RO Data)                33488 (  32.70kB)
    Total RW  Size (RW Data + ZI Data)              2064 (   2.02kB)
    Total ROM Size (Code + RO Data + RW Data)      33664 (  32.88kB)

==============================================================================

