<html>
<body>
<pre>
<h1>礦ision Build Log</h1>
<h2>Tool Versions:</h2>
IDE-Version: μVision V5.14.0.0
Copyright (C) 2015 ARM Ltd and ARM Germany GmbH. All rights reserved.
License Information: ny pyp, GuiZhou University, LIC=8VRJ7-EFLFG-VESHA-1X5HP-W2ZWX-WRLU6
 
Tool Versions:
Toolchain:       MDK-ARM Standard  Version: 5.14.0.0
Toolchain Path:  C:\Keil_v5\ARM\ARMCC\Bin
C Compiler:      Armcc.exe V5.05 update 1 (build 106)
Assembler:       Armasm.exe V5.05 update 1 (build 106)
Linker/Locator:  ArmLink.exe V5.05 update 1 (build 106)
Library Manager: ArmAr.exe V5.05 update 1 (build 106)
Hex Converter:   FromElf.exe V5.05 update 1 (build 106)
CPU DLL:         SARMCM3.DLL V5.14.0.0
Dialog DLL:      DCM.DLL V1.13.1.0
Target DLL:      STLink\ST-LINKIII-KEIL_SWO.dll V2.0.14.0_KEIL
Dialog DLL:      TCM.DLL V1.14.4.0
 
<h2>Project:</h2>
E:\code\Keil_v5Project\STM32F103RCT6\MoveBase\USER\MoveBase.uvprojx
Project File Date:  05/04/2023

<h2>Output:</h2>
Build target 'Movebase'
compiling main.c...
compiling timer.c...
..\HARDWARE\TIMER\timer.c(18): warning:  #177-D: variable "GPIO_InitStructure" was declared but never referenced
        GPIO_InitTypeDef GPIO_InitStructure;
..\HARDWARE\TIMER\timer.c: 1 warning, 0 errors
compiling mpu6050.c...
compiling mpuiic.c...
..\HARDWARE\MPU6050\mpuiic.c(65): warning:  #61-D: integer operation result is out of range
        MPU_SDA_IN();      //SDA设置为输入  
..\HARDWARE\MPU6050\mpuiic.c(65): warning:  #68-D: integer conversion resulted in a change of sign
        MPU_SDA_IN();      //SDA设置为输入  
..\HARDWARE\MPU6050\mpuiic.c(125): warning:  #61-D: integer operation result is out of range
        MPU_SDA_IN();//SDA设置为输入
..\HARDWARE\MPU6050\mpuiic.c(125): warning:  #68-D: integer conversion resulted in a change of sign
        MPU_SDA_IN();//SDA设置为输入
..\HARDWARE\MPU6050\mpuiic.c: 4 warnings, 0 errors
compiling inv_mpu.c...
linking...
Program Size: Code=27402 RO-data=4110 RW-data=164 ZI-data=1892  
FromELF: creating hex file...
"..\OBJ\Movebase.axf" - 0 Error(s), 5 Warning(s).

<h2>Collection of Component include folders:</h2>
  E:\code\Keil_v5Project\STM32F103RCT6\MoveBase\USER\RTE
  C:\Keil_v5\ARM\PACK\Keil\STM32F1xx_DFP\1.0.5\Device\Include

<h2>Collection of Component Files used:</h2>
</pre>
</body>
</html>
